Component: ARM Compiler 5.06 update 7 (build 960) Tool: armlink [4d3601]

==============================================================================

Section Cross References

    startup_stm32f407xx.o(STACK) refers (Special) to heapauxi.o(.text) for __use_two_region_memory
    startup_stm32f407xx.o(HEAP) refers (Special) to heapauxi.o(.text) for __use_two_region_memory
    startup_stm32f407xx.o(RESET) refers (Special) to heapauxi.o(.text) for __use_two_region_memory
    startup_stm32f407xx.o(RESET) refers to startup_stm32f407xx.o(STACK) for __initial_sp
    startup_stm32f407xx.o(RESET) refers to startup_stm32f407xx.o(.text) for Reset_Handler
    startup_stm32f407xx.o(RESET) refers to stm32f4xx_it.o(i.NMI_Handler) for NMI_Handler
    startup_stm32f407xx.o(RESET) refers to stm32f4xx_it.o(i.HardFault_Handler) for HardFault_Handler
    startup_stm32f407xx.o(RESET) refers to stm32f4xx_it.o(i.MemManage_Handler) for MemManage_Handler
    startup_stm32f407xx.o(RESET) refers to stm32f4xx_it.o(i.BusFault_Handler) for BusFault_Handler
    startup_stm32f407xx.o(RESET) refers to stm32f4xx_it.o(i.UsageFault_Handler) for UsageFault_Handler
    startup_stm32f407xx.o(RESET) refers to stm32f4xx_it.o(i.SVC_Handler) for SVC_Handler
    startup_stm32f407xx.o(RESET) refers to stm32f4xx_it.o(i.DebugMon_Handler) for DebugMon_Handler
    startup_stm32f407xx.o(RESET) refers to stm32f4xx_it.o(i.PendSV_Handler) for PendSV_Handler
    startup_stm32f407xx.o(RESET) refers to stm32f4xx_it.o(i.SysTick_Handler) for SysTick_Handler
    startup_stm32f407xx.o(RESET) refers to stm32f4xx_it.o(i.CAN1_RX0_IRQHandler) for CAN1_RX0_IRQHandler
    startup_stm32f407xx.o(RESET) refers to stm32f4xx_it.o(i.TIM1_UP_TIM10_IRQHandler) for TIM1_UP_TIM10_IRQHandler
    startup_stm32f407xx.o(RESET) refers to stm32f4xx_it.o(i.USART1_IRQHandler) for USART1_IRQHandler
    startup_stm32f407xx.o(RESET) refers to stm32f4xx_it.o(i.DMA2_Stream2_IRQHandler) for DMA2_Stream2_IRQHandler
    startup_stm32f407xx.o(RESET) refers to stm32f4xx_it.o(i.DMA2_Stream7_IRQHandler) for DMA2_Stream7_IRQHandler
    startup_stm32f407xx.o(.text) refers (Special) to heapauxi.o(.text) for __use_two_region_memory
    startup_stm32f407xx.o(.text) refers to system_stm32f4xx.o(i.SystemInit) for SystemInit
    startup_stm32f407xx.o(.text) refers to __main.o(!!!main) for __main
    startup_stm32f407xx.o(.text) refers to startup_stm32f407xx.o(HEAP) for Heap_Mem
    startup_stm32f407xx.o(.text) refers to startup_stm32f407xx.o(STACK) for Stack_Mem
    main.o(i.HAL_TIM_PeriodElapsedCallback) refers to d2f.o(x$fpl$d2f) for __aeabi_d2f
    main.o(i.HAL_TIM_PeriodElapsedCallback) refers to m2006.o(i.set_M2006_position_cm) for set_M2006_position_cm
    main.o(i.HAL_TIM_PeriodElapsedCallback) refers to dji.o(i.CanTransmit_DJI_1234) for CanTransmit_DJI_1234
    main.o(i.HAL_TIM_PeriodElapsedCallback) refers to tim.o(.bss) for htim1
    main.o(i.HAL_TIM_PeriodElapsedCallback) refers to main.o(.data) for .data
    main.o(i.HAL_TIM_PeriodElapsedCallback) refers to dji.o(.bss) for hDJI
    main.o(i.HAL_TIM_PeriodElapsedCallback) refers to can.o(.bss) for hcan1
    main.o(i.HAL_UARTEx_RxEventCallback) refers to stm32f4xx_hal_gpio.o(i.HAL_GPIO_WritePin) for HAL_GPIO_WritePin
    main.o(i.HAL_UARTEx_RxEventCallback) refers to atof.o(i.__hardfp_atof) for __hardfp_atof
    main.o(i.HAL_UARTEx_RxEventCallback) refers to stm32f4xx_hal_uart.o(i.HAL_UARTEx_ReceiveToIdle_DMA) for HAL_UARTEx_ReceiveToIdle_DMA
    main.o(i.HAL_UARTEx_RxEventCallback) refers to usart.o(.bss) for huart1
    main.o(i.HAL_UARTEx_RxEventCallback) refers to main.o(.data) for .data
    main.o(i.HAL_UARTEx_RxEventCallback) refers to main.o(.bss) for .bss
    main.o(i.SystemClock_Config) refers to rt_memclr_w.o(.text) for __aeabi_memclr4
    main.o(i.SystemClock_Config) refers to stm32f4xx_hal_rcc.o(i.HAL_RCC_OscConfig) for HAL_RCC_OscConfig
    main.o(i.SystemClock_Config) refers to stm32f4xx_hal_rcc.o(i.HAL_RCC_ClockConfig) for HAL_RCC_ClockConfig
    main.o(i.main) refers to stm32f4xx_hal.o(i.HAL_Init) for HAL_Init
    main.o(i.main) refers to main.o(i.SystemClock_Config) for SystemClock_Config
    main.o(i.main) refers to gpio.o(i.MX_GPIO_Init) for MX_GPIO_Init
    main.o(i.main) refers to dma.o(i.MX_DMA_Init) for MX_DMA_Init
    main.o(i.main) refers to usart.o(i.MX_USART1_UART_Init) for MX_USART1_UART_Init
    main.o(i.main) refers to usart.o(i.MX_USART2_UART_Init) for MX_USART2_UART_Init
    main.o(i.main) refers to can.o(i.MX_CAN1_Init) for MX_CAN1_Init
    main.o(i.main) refers to tim.o(i.MX_TIM1_Init) for MX_TIM1_Init
    main.o(i.main) refers to wtr_can.o(i.CANFilterInit) for CANFilterInit
    main.o(i.main) refers to m2006.o(i.M2006_init) for M2006_init
    main.o(i.main) refers to stm32f4xx_hal_uart.o(i.HAL_UARTEx_ReceiveToIdle_DMA) for HAL_UARTEx_ReceiveToIdle_DMA
    main.o(i.main) refers to stm32f4xx_hal_tim.o(i.HAL_TIM_Base_Init) for HAL_TIM_Base_Init
[...]
    i.TIM1_UP_TIM10_IRQHandler               0x08003bb0   Section        0  stm32f4xx_it.o(i.TIM1_UP_TIM10_IRQHandler)
    i.TIM_Base_SetConfig                     0x08003bbc   Section        0  stm32f4xx_hal_tim.o(i.TIM_Base_SetConfig)
    i.TIM_ETR_SetConfig                      0x08003c84   Section        0  stm32f4xx_hal_tim.o(i.TIM_ETR_SetConfig)
    i.TIM_ITRx_SetConfig                     0x08003c98   Section        0  stm32f4xx_hal_tim.o(i.TIM_ITRx_SetConfig)
    TIM_ITRx_SetConfig                       0x08003c99   Thumb Code    16  stm32f4xx_hal_tim.o(i.TIM_ITRx_SetConfig)
    i.TIM_TI1_ConfigInputStage               0x08003ca8   Section        0  stm32f4xx_hal_tim.o(i.TIM_TI1_ConfigInputStage)
    TIM_TI1_ConfigInputStage                 0x08003ca9   Thumb Code    34  stm32f4xx_hal_tim.o(i.TIM_TI1_ConfigInputStage)
    i.TIM_TI2_ConfigInputStage               0x08003cca   Section        0  stm32f4xx_hal_tim.o(i.TIM_TI2_ConfigInputStage)
    TIM_TI2_ConfigInputStage                 0x08003ccb   Thumb Code    36  stm32f4xx_hal_tim.o(i.TIM_TI2_ConfigInputStage)
    i.UART_DMAAbortOnError                   0x08003cee   Section        0  stm32f4xx_hal_uart.o(i.UART_DMAAbortOnError)
    UART_DMAAbortOnError                     0x08003cef   Thumb Code    16  stm32f4xx_hal_uart.o(i.UART_DMAAbortOnError)
    i.UART_DMAError                          0x08003cfe   Section        0  stm32f4xx_hal_uart.o(i.UART_DMAError)
    UART_DMAError                            0x08003cff   Thumb Code    74  stm32f4xx_hal_uart.o(i.UART_DMAError)
    i.UART_DMAReceiveCplt                    0x08003d48   Section        0  stm32f4xx_hal_uart.o(i.UART_DMAReceiveCplt)
    UART_DMAReceiveCplt                      0x08003d49   Thumb Code   130  stm32f4xx_hal_uart.o(i.UART_DMAReceiveCplt)
    i.UART_DMARxHalfCplt                     0x08003dca   Section        0  stm32f4xx_hal_uart.o(i.UART_DMARxHalfCplt)
    UART_DMARxHalfCplt                       0x08003dcb   Thumb Code    26  stm32f4xx_hal_uart.o(i.UART_DMARxHalfCplt)
    i.UART_EndRxTransfer                     0x08003de4   Section        0  stm32f4xx_hal_uart.o(i.UART_EndRxTransfer)
    UART_EndRxTransfer                       0x08003de5   Thumb Code    78  stm32f4xx_hal_uart.o(i.UART_EndRxTransfer)
    i.UART_EndTxTransfer                     0x08003e32   Section        0  stm32f4xx_hal_uart.o(i.UART_EndTxTransfer)
    UART_EndTxTransfer                       0x08003e33   Thumb Code    28  stm32f4xx_hal_uart.o(i.UART_EndTxTransfer)
    i.UART_Receive_IT                        0x08003e4e   Section        0  stm32f4xx_hal_uart.o(i.UART_Receive_IT)
    UART_Receive_IT                          0x08003e4f   Thumb Code   192  stm32f4xx_hal_uart.o(i.UART_Receive_IT)
    i.UART_SetConfig                         0x08003f10   Section        0  stm32f4xx_hal_uart.o(i.UART_SetConfig)
    UART_SetConfig                           0x08003f11   Thumb Code   258  stm32f4xx_hal_uart.o(i.UART_SetConfig)
    i.UART_Start_Receive_DMA                 0x0800401c   Section        0  stm32f4xx_hal_uart.o(i.UART_Start_Receive_DMA)
    i.UART_WaitOnFlagUntilTimeout            0x080040b0   Section        0  stm32f4xx_hal_uart.o(i.UART_WaitOnFlagUntilTimeout)
    UART_WaitOnFlagUntilTimeout              0x080040b1   Thumb Code   120  stm32f4xx_hal_uart.o(i.UART_WaitOnFlagUntilTimeout)
    i.USART1_IRQHandler                      0x08004128   Section        0  stm32f4xx_it.o(i.USART1_IRQHandler)
    i.UsageFault_Handler                     0x08004134   Section        0  stm32f4xx_it.o(i.UsageFault_Handler)
    i.__NVIC_SetPriority                     0x08004136   Section        0  stm32f4xx_hal_cortex.o(i.__NVIC_SetPriority)
    __NVIC_SetPriority                       0x08004137   Thumb Code    32  stm32f4xx_hal_cortex.o(i.__NVIC_SetPriority)
    i.__hardfp___mathlib_tofloat             0x08004158   Section        0  narrow.o(i.__hardfp___mathlib_tofloat)
    i.__hardfp_atof                          0x08004250   Section        0  atof.o(i.__hardfp_atof)
    i.__hardfp_ldexp                         0x08004288   Section        0  ldexp.o(i.__hardfp_ldexp)
    i.__mathlib_dbl_overflow                 0x08004358   Section        0  dunder.o(i.__mathlib_dbl_overflow)
    i.__mathlib_dbl_underflow                0x08004378   Section        0  dunder.o(i.__mathlib_dbl_underflow)
    i.__mathlib_narrow                       0x08004398   Section        0  narrow.o(i.__mathlib_narrow)
    i.__support_ldexp                        0x080043aa   Section        0  ldexp.o(i.__support_ldexp)
    i._is_digit                              0x080043be   Section        0  scanf_fp.o(i._is_digit)
    i._sys_exit                              0x080043cc   Section        0  uart_printf.o(i._sys_exit)
    i.frexp                                  0x080043d0   Section        0  frexp.o(i.frexp)
    i.get_dji_offset                         0x0800445c   Section        0  dji.o(i.get_dji_offset)
    i.main                                   0x08004490   Section        0  main.o(i.main)
    i.positionServo                          0x080045ac   Section        0  caculate.o(i.positionServo)
    i.servo1_maxspeed_to_direction           0x080045e0   Section        0  servo_sm40bl.o(i.servo1_maxspeed_to_direction)
    i.servo1_maxspeed_to_direction_cm        0x08004620   Section        0  servo_sm40bl.o(i.servo1_maxspeed_to_direction_cm)
    i.set_M2006_position                     0x08004668   Section        0  m2006.o(i.set_M2006_position)
    i.set_M2006_position_cm                  0x080046ac   Section        0  m2006.o(i.set_M2006_position_cm)
    locale$$code                             0x080046bc   Section       44  lc_numeric_c.o(locale$$code)
    locale$$code                             0x080046e8   Section       44  lc_ctype_c.o(locale$$code)
    x$fpl$d2f                                0x08004714   Section       98  d2f.o(x$fpl$d2f)
    $v0                                      0x08004714   Number         0  d2f.o(x$fpl$d2f)
    x$fpl$dadd                               0x08004778   Section      336  daddsub_clz.o(x$fpl$dadd)
    $v0                                      0x08004778   Number         0  daddsub_clz.o(x$fpl$dadd)
    _dadd1                                   0x08004789   Thumb Code     0  daddsub_clz.o(x$fpl$dadd)
    x$fpl$dcheck1                            0x080048c8   Section       16  dcheck1.o(x$fpl$dcheck1)
    $v0                                      0x080048c8   Number         0  dcheck1.o(x$fpl$dcheck1)
    x$fpl$dcmpinf                            0x080048d8   Section       24  dcmpi.o(x$fpl$dcmpinf)
    $v0                                      0x080048d8   Number         0  dcmpi.o(x$fpl$dcmpinf)
    x$fpl$deqf                               0x080048f0   Section      120  deqf.o(x$fpl$deqf)
    $v0                                      0x080048f0   Number         0  deqf.o(x$fpl$deqf)
    x$fpl$dfixu                              0x08004968   Section       90  dfixu.o(x$fpl$dfixu)
    $v0                                      0x08004968   Number         0  dfixu.o(x$fpl$dfixu)
    x$fpl$dleqf                              0x080049c4   Section      120  dleqf.o(x$fpl$dleqf)
    $v0                                      0x080049c4   Number         0  dleqf.o(x$fpl$dleqf)
    x$fpl$dmul                               0x08004a3c   Section      340  dmul.o(x$fpl$dmul)
    $v0                                      0x08004a3c   Number         0  dmul.o(x$fpl$dmul)
    x$fpl$dnaninf                            0x08004b90   Section      156  dnaninf.o(x$fpl$dnaninf)
    $v0                                      0x08004b90   Number         0  dnaninf.o(x$fpl$dnaninf)
    x$fpl$dretinf                            0x08004c2c   Section       12  dretinf.o(x$fpl$dretinf)
    $v0                                      0x08004c2c   Number         0  dretinf.o(x$fpl$dretinf)
    x$fpl$drleqf                             0x08004c38   Section      108  drleqf.o(x$fpl$drleqf)
    $v0                                      0x08004c38   Number         0  drleqf.o(x$fpl$drleqf)
    x$fpl$dsub                               0x08004ca4   Section      468  daddsub_clz.o(x$fpl$dsub)
    $v0                                      0x08004ca4   Number         0  daddsub_clz.o(x$fpl$dsub)
    _dsub1                                   0x08004cb5   Thumb Code     0  daddsub_clz.o(x$fpl$dsub)
    x$fpl$fpinit                             0x08004e78   Section       10  fpinit.o(x$fpl$fpinit)
    $v0                                      0x08004e78   Number         0  fpinit.o(x$fpl$fpinit)
    x$fpl$fretinf                            0x08004e82   Section       10  fretinf.o(x$fpl$fretinf)
    $v0                                      0x08004e82   Number         0  fretinf.o(x$fpl$fretinf)
    x$fpl$ieeestatus                         0x08004e8c   Section        6  istatus.o(x$fpl$ieeestatus)
    $v0                                      0x08004e8c   Number         0  istatus.o(x$fpl$ieeestatus)
    x$fpl$retnan                             0x08004e92   Section      100  retnan.o(x$fpl$retnan)
    $v0                                      0x08004e92   Number         0  retnan.o(x$fpl$retnan)
    x$fpl$scalbn                             0x08004ef6   Section       92  scalbn.o(x$fpl$scalbn)
    $v0                                      0x08004ef6   Number         0  scalbn.o(x$fpl$scalbn)
    x$fpl$scanf1                             0x08004f52   Section        4  scanf1.o(x$fpl$scanf1)
    $v0                                      0x08004f52   Number         0  scanf1.o(x$fpl$scanf1)
    x$fpl$scanf2                             0x08004f56   Section        8  scanf2.o(x$fpl$scanf2)
    $v0                                      0x08004f56   Number         0  scanf2.o(x$fpl$scanf2)
    x$fpl$trapveneer                         0x08004f5e   Section       48  trapv.o(x$fpl$trapveneer)
    $v0                                      0x08004f5e   Number         0  trapv.o(x$fpl$trapveneer)
    .constdata                               0x08004f8e   Section        8  stm32f4xx_hal_dma.o(.constdata)
    x$fpl$usenofp                            0x08004f8e   Section        0  usenofp.o(x$fpl$usenofp)
    flagBitshiftOffset                       0x08004f8e   Data           8  stm32f4xx_hal_dma.o(.constdata)
    .constdata                               0x08004f96   Section       16  system_stm32f4xx.o(.constdata)
    .constdata                               0x08004fa6   Section        8  system_stm32f4xx.o(.constdata)
    .constdata                               0x08004fb0   Section      148  bigflt0.o(.constdata)
    tenpwrs_x                                0x08004fb0   Data          60  bigflt0.o(.constdata)
    tenpwrs_i                                0x08004fec   Data          64  bigflt0.o(.constdata)
    c$$dinf                                  0x08005064   Section        8  fpconst.o(c$$dinf)
    c$$dmax                                  0x0800506c   Section        8  fpconst.o(c$$dmax)
    locale$$data                             0x08005074   Section       28  lc_numeric_c.o(locale$$data)
    __lcnum_c_name                           0x08005078   Data           2  lc_numeric_c.o(locale$$data)
    __lcnum_c_start                          0x08005080   Data           0  lc_numeric_c.o(locale$$data)
    __lcnum_c_point                          0x0800508c   Data           0  lc_numeric_c.o(locale$$data)
    __lcnum_c_thousands                      0x0800508e   Data           0  lc_numeric_c.o(locale$$data)
    __lcnum_c_grouping                       0x0800508f   Data           0  lc_numeric_c.o(locale$$data)
    locale$$data                             0x08005090   Section      272  lc_ctype_c.o(locale$$data)
    __lcnum_c_end                            0x08005090   Data           0  lc_numeric_c.o(locale$$data)
    __lcctype_c_name                         0x08005094   Data           2  lc_ctype_c.o(locale$$data)
    __lcctype_c_start                        0x0800509c   Data           0  lc_ctype_c.o(locale$$data)
    __lcctype_c_end                          0x080051a0   Data           0  lc_ctype_c.o(locale$$data)
    .data                                    0x20000000   Section       24  main.o(.data)
    .data                                    0x20000018   Section       12  stm32f4xx_hal.o(.data)
    .data                                    0x20000024   Section        4  system_stm32f4xx.o(.data)
    .data                                    0x20000028   Section        4  dji.o(.data)
    TxMailbox                                0x20000028   Data           4  dji.o(.data)
    .data                                    0x2000002c   Section        8  wtr_can.o(.data)
    .bss                                     0x20000034   Section       10  main.o(.bss)
    .bss                                     0x20000040   Section       40  can.o(.bss)
    .bss                                     0x20000068   Section       72  tim.o(.bss)
    .bss                                     0x200000b0   Section      328  usart.o(.bss)
    .bss                                     0x200001f8   Section     1152  dji.o(.bss)
    .bss                                     0x20000678   Section       96  libspace.o(.bss)
    HEAP                                     0x200006d8   Section      512  startup_stm32f407xx.o(HEAP)
    Heap_Mem                                 0x200006d8   Data         512  startup_stm32f407xx.o(HEAP)
    STACK                                    0x200008d8   Section     1024  startup_stm32f407xx.o(STACK)
    Stack_Mem                                0x200008d8   Data        1024  startup_stm32f407xx.o(STACK)
    __initial_sp                             0x20000cd8   Data           0  startup_stm32f407xx.o(STACK)

    Global Symbols

    Symbol Name                              Value     Ov Type        Size  Object(Section)

    BuildAttributes$$THM_ISAv4$E$P$D$K$B$S$7EM$VFPi3$EXTD16$VFPS$VFMA$PE$A:L22UL41UL21$X:L11$S22US41US21$IEEE1$IW$USESV6$~STKCKD$USESV7$~SHL$OTIME$ROPI$IEEEX$EBA8$UX$STANDARDLIB$REQ8$PRES8$EABIv2 0x00000000   Number         0  anon$$obj.o ABSOLUTE
    __ARM_use_no_argv                        0x00000000   Number         0  main.o ABSOLUTE
    __ARM_exceptions_init                     - Undefined Weak Reference
    __alloca_initialize                       - Undefined Weak Reference
    __arm_fini_                               - Undefined Weak Reference
    __arm_preinit_                            - Undefined Weak Reference
    __cpp_initialize__aeabi_                  - Undefined Weak Reference
    __cxa_finalize                            - Undefined Weak Reference
    __sigvec_lookup                           - Undefined Weak Reference
    _atexit_init                              - Undefined Weak Reference
    _call_atexit_fns                          - Undefined Weak Reference
    _clock_init                               - Undefined Weak Reference
    _fp_trap_init                             - Undefined Weak Reference
    _fp_trap_shutdown                         - Undefined Weak Reference
    _get_lc_collate                           - Undefined Weak Reference
    _get_lc_monetary                          - Undefined Weak Reference
    _get_lc_time                              - Undefined Weak Reference
    _getenv_init                              - Undefined Weak Reference
    _handle_redirection                       - Undefined Weak Reference
    _init_alloc                               - Undefined Weak Reference
    _init_user_alloc                          - Undefined Weak Reference
    _initio                                   - Undefined Weak Reference
    _rand_init                                - Undefined Weak Reference
    _signal_finish                            - Undefined Weak Reference
    _signal_init                              - Undefined Weak Reference
    _terminate_alloc                          - Undefined Weak Reference
    _terminate_user_alloc                     - Undefined Weak Reference
    _terminateio                              - Undefined Weak Reference
    __Vectors_Size                           0x00000188   Number         0  startup_stm32f407xx.o ABSOLUTE
    __Vectors                                0x08000000   Data           4  startup_stm32f407xx.o(RESET)
    __Vectors_End                            0x08000188   Data           0  startup_stm32f407xx.o(RESET)
    __main                                   0x08000189   Thumb Code     8  __main.o(!!!main)
    __scatterload                            0x08000191   Thumb Code     0  __scatter.o(!!!scatter)
    __scatterload_rt2                        0x08000191   Thumb Code    44  __scatter.o(!!!scatter)
    __scatterload_rt2_thumb_only             0x08000191   Thumb Code     0  __scatter.o(!!!scatter)
    __scatterload_null                       0x0800019f   Thumb Code     0  __scatter.o(!!!scatter)
    __scatterload_copy                       0x080001c5   Thumb Code    26  __scatter_copy.o(!!handler_copy)
    __scatterload_zeroinit                   0x080001e1   Thumb Code    28  __scatter_zi.o(!!handler_zi)
    __rt_lib_init                            0x080001fd   Thumb Code     0  libinit.o(.ARM.Collect$$libinit$$00000000)
    __rt_lib_init_fp_1                       0x080001ff   Thumb Code     0  libinit2.o(.ARM.Collect$$libinit$$00000001)
    __rt_lib_init_heap_1                     0x08000203   Thumb Code     0  libinit2.o(.ARM.Collect$$libinit$$0000000A)
    __rt_lib_init_lc_common                  0x08000203   Thumb Code     0  libinit2.o(.ARM.Collect$$libinit$$0000000F)
    __rt_lib_init_preinit_1                  0x08000203   Thumb Code     0  libinit2.o(.ARM.Collect$$libinit$$00000004)
    __rt_lib_init_rand_1                     0x08000203   Thumb Code     0  libinit2.o(.ARM.Collect$$libinit$$0000000E)
    __rt_lib_init_user_alloc_1               0x08000203   Thumb Code     0  libinit2.o(.ARM.Collect$$libinit$$0000000C)
    __rt_lib_init_lc_collate_1               0x08000209   Thumb Code     0  libinit2.o(.ARM.Collect$$libinit$$00000011)
    __rt_lib_init_lc_ctype_2                 0x08000209   Thumb Code     0  libinit2.o(.ARM.Collect$$libinit$$00000012)
    __rt_lib_init_lc_ctype_1                 0x08000215   Thumb Code     0  libinit2.o(.ARM.Collect$$libinit$$00000013)
    __rt_lib_init_lc_monetary_1              0x08000215   Thumb Code     0  libinit2.o(.ARM.Collect$$libinit$$00000015)
    __rt_lib_init_lc_numeric_2               0x08000215   Thumb Code     0  libinit2.o(.ARM.Collect$$libinit$$00000016)
    __rt_lib_init_alloca_1                   0x0800021f   Thumb Code     0  libinit2.o(.ARM.Collect$$libinit$$0000002E)
    __rt_lib_init_argv_1                     0x0800021f   Thumb Code     0  libinit2.o(.ARM.Collect$$libinit$$0000002C)
    __rt_lib_init_atexit_1                   0x0800021f   Thumb Code     0  libinit2.o(.ARM.Collect$$libinit$$0000001B)
    __rt_lib_init_clock_1                    0x0800021f   Thumb Code     0  libinit2.o(.ARM.Collect$$libinit$$00000021)
    __rt_lib_init_cpp_1                      0x0800021f   Thumb Code     0  libinit2.o(.ARM.Collect$$libinit$$00000032)
    __rt_lib_init_exceptions_1               0x0800021f   Thumb Code     0  libinit2.o(.ARM.Collect$$libinit$$00000030)
    __rt_lib_init_fp_trap_1                  0x0800021f   Thumb Code     0  libinit2.o(.ARM.Collect$$libinit$$0000001F)
    __rt_lib_init_getenv_1                   0x0800021f   Thumb Code     0  libinit2.o(.ARM.Collect$$libinit$$00000023)
    __rt_lib_init_lc_numeric_1               0x0800021f   Thumb Code     0  libinit2.o(.ARM.Collect$$libinit$$00000017)
    __rt_lib_init_lc_time_1                  0x0800021f   Thumb Code     0  libinit2.o(.ARM.Collect$$libinit$$00000019)
    __rt_lib_init_return                     0x0800021f   Thumb Code     0  libinit2.o(.ARM.Collect$$libinit$$00000033)
    __rt_lib_init_signal_1                   0x0800021f   Thumb Code     0  libinit2.o(.ARM.Collect$$libinit$$0000001D)
    __rt_lib_init_stdio_1                    0x0800021f   Thumb Code     0  libinit2.o(.ARM.Collect$$libinit$$00000025)
    __rt_lib_shutdown                        0x08000221   Thumb Code     0  libshutdown.o(.ARM.Collect$$libshutdown$$00000000)
    __rt_lib_shutdown_cpp_1                  0x08000223   Thumb Code     0  libshutdown2.o(.ARM.Collect$$libshutdown$$00000004)
    __rt_lib_shutdown_fini_1                 0x08000223   Thumb Code     0  libshutdown2.o(.ARM.Collect$$libshutdown$$00000002)
    __rt_lib_shutdown_fp_trap_1              0x08000223   Thumb Code     0  libshutdown2.o(.ARM.Collect$$libshutdown$$00000009)
    __rt_lib_shutdown_heap_1                 0x08000223   Thumb Code     0  libshutdown2.o(.ARM.Collect$$libshutdown$$00000011)
    __rt_lib_shutdown_return                 0x08000223   Thumb Code     0  libshutdown2.o(.ARM.Collect$$libshutdown$$00000012)
    __rt_lib_shutdown_signal_1               0x08000223   Thumb Code     0  libshutdown2.o(.ARM.Collect$$libshutdown$$0000000C)
    __rt_lib_shutdown_stdio_1                0x08000223   Thumb Code     0  libshutdown2.o(.ARM.Collect$$libshutdown$$00000006)
    __rt_lib_shutdown_user_alloc_1           0x08000223   Thumb Code     0  libshutdown2.o(.ARM.Collect$$libshutdown$$0000000E)
    __rt_entry                               0x08000225   Thumb Code     0  __rtentry.o(.ARM.Collect$$rtentry$$00000000)
    __rt_entry_presh_1                       0x08000225   Thumb Code     0  __rtentry2.o(.ARM.Collect$$rtentry$$00000002)
    __rt_entry_sh                            0x08000225   Thumb Code     0  __rtentry4.o(.ARM.Collect$$rtentry$$00000004)
    __rt_entry_li                            0x0800022b   Thumb Code     0  __rtentry2.o(.ARM.Collect$$rtentry$$0000000A)
    __rt_entry_postsh_1                      0x0800022b   Thumb Code     0  __rtentry2.o(.ARM.Collect$$rtentry$$00000009)
    __rt_entry_main                          0x0800022f   Thumb Code     0  __rtentry2.o(.ARM.Collect$$rtentry$$0000000D)
    __rt_entry_postli_1                      0x0800022f   Thumb Code     0  __rtentry2.o(.ARM.Collect$$rtentry$$0000000C)
    __rt_exit                                0x08000237   Thumb Code     0  rtexit.o(.ARM.Collect$$rtexit$$00000000)
    __rt_exit_ls                             0x08000239   Thumb Code     0  rtexit2.o(.ARM.Collect$$rtexit$$00000003)
    __rt_exit_prels_1                        0x08000239   Thumb Code     0  rtexit2.o(.ARM.Collect$$rtexit$$00000002)
    __rt_exit_exit                           0x0800023d   Thumb Code     0  rtexit2.o(.ARM.Collect$$rtexit$$00000004)
    Reset_Handler                            0x08000245   Thumb Code     8  startup_stm32f407xx.o(.text)
    ADC_IRQHandler                           0x0800025f   Thumb Code     0  startup_stm32f407xx.o(.text)
    CAN1_RX1_IRQHandler                      0x0800025f   Thumb Code     0  startup_stm32f407xx.o(.text)
    CAN1_SCE_IRQHandler                      0x0800025f   Thumb Code     0  startup_stm32f407xx.o(.text)
    CAN1_TX_IRQHandler                       0x0800025f   Thumb Code     0  startup_stm32f407xx.o(.text)
    CAN2_RX0_IRQHandler                      0x0800025f   Thumb Code     0  startup_stm32f407xx.o(.text)
    CAN2_RX1_IRQHandler                      0x0800025f   Thumb Code     0  startup_stm32f407xx.o(.text)
    CAN2_SCE_IRQHandler                      0x0800025f   Thumb Code     0  startup_stm32f407xx.o(.text)
    CAN2_TX_IRQHandler                       0x0800025f   Thumb Code     0  startup_stm32f407xx.o(.text)
    DCMI_IRQHandler                          0x0800025f   Thumb Code     0  startup_stm32f407xx.o(.text)
    DMA1_Stream0_IRQHandler                  0x0800025f   Thumb Code     0  startup_stm32f407xx.o(.text)
    DMA1_Stream1_IRQHandler                  0x0800025f   Thumb Code     0  startup_stm32f407xx.o(.text)
    DMA1_Stream2_IRQHandler                  0x0800025f   Thumb Code     0  startup_stm32f407xx.o(.text)
    DMA1_Stream3_IRQHandler                  0x0800025f   Thumb Code     0  startup_stm32f407xx.o(.text)
    DMA1_Stream4_IRQHandler                  0x0800025f   Thumb Code     0  startup_stm32f407xx.o(.text)
    DMA1_Stream5_IRQHandler                  0x0800025f   Thumb Code     0  startup_stm32f407xx.o(.text)
    DMA1_Stream6_IRQHandler                  0x0800025f   Thumb Code     0  startup_stm32f407xx.o(.text)
    DMA1_Stream7_IRQHandler                  0x0800025f   Thumb Code     0  startup_stm32f407xx.o(.text)
    DMA2_Stream0_IRQHandler                  0x0800025f   Thumb Code     0  startup_stm32f407xx.o(.text)
    DMA2_Stream1_IRQHandler                  0x0800025f   Thumb Code     0  startup_stm32f407xx.o(.text)
    DMA2_Stream3_IRQHandler                  0x0800025f   Thumb Code     0  startup_stm32f407xx.o(.text)
    DMA2_Stream4_IRQHandler                  0x0800025f   Thumb Code     0  startup_stm32f407xx.o(.text)
    DMA2_Stream5_IRQHandler                  0x0800025f   Thumb Code     0  startup_stm32f407xx.o(.text)
    DMA2_Stream6_IRQHandler                  0x0800025f   Thumb Code     0  startup_stm32f407xx.o(.text)
    ETH_IRQHandler                           0x0800025f   Thumb Code     0  startup_stm32f407xx.o(.text)
    ETH_WKUP_IRQHandler                      0x0800025f   Thumb Code     0  startup_stm32f407xx.o(.text)
    EXTI0_IRQHandler                         0x0800025f   Thumb Code     0  startup_stm32f407xx.o(.text)
    EXTI15_10_IRQHandler                     0x0800025f   Thumb Code     0  startup_stm32f407xx.o(.text)
    EXTI1_IRQHandler                         0x0800025f   Thumb Code     0  startup_stm32f407xx.o(.text)
    EXTI2_IRQHandler                         0x0800025f   Thumb Code     0  startup_stm32f407xx.o(.text)
    EXTI3_IRQHandler                         0x0800025f   Thumb Code     0  startup_stm32f407xx.o(.text)
    EXTI4_IRQHandler                         0x0800025f   Thumb Code     0  startup_stm32f407xx.o(.text)
    EXTI9_5_IRQHandler                       0x0800025f   Thumb Code     0  startup_stm32f407xx.o(.text)
    FLASH_IRQHandler                         0x0800025f   Thumb Code     0  startup_stm32f407xx.o(.text)
    FMC_IRQHandler                           0x0800025f   Thumb Code     0  startup_stm32f407xx.o(.text)
    FPU_IRQHandler                           0x0800025f   Thumb Code     0  startup_stm32f407xx.o(.text)
    HASH_RNG_IRQHandler                      0x0800025f   Thumb Code     0  startup_stm32f407xx.o(.text)
    I2C1_ER_IRQHandler                       0x0800025f   Thumb Code     0  startup_stm32f407xx.o(.text)
    I2C1_EV_IRQHandler                       0x0800025f   Thumb Code     0  startup_stm32f407xx.o(.text)
    I2C2_ER_IRQHandler                       0x0800025f   Thumb Code     0  startup_stm32f407xx.o(.text)
    I2C2_EV_IRQHandler                       0x0800025f   Thumb Code     0  startup_stm32f407xx.o(.text)
    I2C3_ER_IRQHandler                       0x0800025f   Thumb Code     0  startup_stm32f407xx.o(.text)
    I2C3_EV_IRQHandler                       0x0800025f   Thumb Code     0  startup_stm32f407xx.o(.text)
    OTG_FS_IRQHandler                        0x0800025f   Thumb Code     0  startup_stm32f407xx.o(.text)
    OTG_FS_WKUP_IRQHandler                   0x0800025f   Thumb Code     0  startup_stm32f407xx.o(.text)
    OTG_HS_EP1_IN_IRQHandler                 0x0800025f   Thumb Code     0  startup_stm32f407xx.o(.text)
    OTG_HS_EP1_OUT_IRQHandler                0x0800025f   Thumb Code     0  startup_stm32f407xx.o(.text)
    OTG_HS_IRQHandler                        0x0800025f   Thumb Code     0  startup_stm32f407xx.o(.text)
    OTG_HS_WKUP_IRQHandler                   0x0800025f   Thumb Code     0  startup_stm32f407xx.o(.text)
    PVD_IRQHandler                           0x0800025f   Thumb Code     0  startup_stm32f407xx.o(.text)
    RCC_IRQHandler                           0x0800025f   Thumb Code     0  startup_stm32f407xx.o(.text)
    RTC_Alarm_IRQHandler                     0x0800025f   Thumb Code     0  startup_stm32f407xx.o(.text)
    RTC_WKUP_IRQHandler                      0x0800025f   Thumb Code     0  startup_stm32f407xx.o(.text)
    SDIO_IRQHandler                          0x0800025f   Thumb Code     0  startup_stm32f407xx.o(.text)
    SPI1_IRQHandler                          0x0800025f   Thumb Code     0  startup_stm32f407xx.o(.text)
    SPI2_IRQHandler                          0x0800025f   Thumb Code     0  startup_stm32f407xx.o(.text)
    SPI3_IRQHandler                          0x0800025f   Thumb Code     0  startup_stm32f407xx.o(.text)
    TAMP_STAMP_IRQHandler                    0x0800025f   Thumb Code     0  startup_stm32f407xx.o(.text)
    TIM1_BRK_TIM9_IRQHandler                 0x0800025f   Thumb Code     0  startup_stm32f407xx.o(.text)
    TIM1_CC_IRQHandler                       0x0800025f   Thumb Code     0  startup_stm32f407xx.o(.text)
    TIM1_TRG_COM_TIM11_IRQHandler            0x0800025f   Thumb Code     0  startup_stm32f407xx.o(.text)
    TIM2_IRQHandler                          0x0800025f   Thumb Code     0  startup_stm32f407xx.o(.text)
    TIM3_IRQHandler                          0x0800025f   Thumb Code     0  startup_stm32f407xx.o(.text)
    TIM4_IRQHandler                          0x0800025f   Thumb Code     0  startup_stm32f407xx.o(.text)
    TIM5_IRQHandler                          0x0800025f   Thumb Code     0  startup_stm32f407xx.o(.text)
    TIM6_DAC_IRQHandler                      0x0800025f   Thumb Code     0  startup_stm32f407xx.o(.text)
    TIM7_IRQHandler                          0x0800025f   Thumb Code     0  startup_stm32f407xx.o(.text)
    TIM8_BRK_TIM12_IRQHandler                0x0800025f   Thumb Code     0  startup_stm32f407xx.o(.text)
    TIM8_CC_IRQHandler                       0x0800025f   Thumb Code     0  startup_stm32f407xx.o(.text)
    TIM8_TRG_COM_TIM14_IRQHandler            0x0800025f   Thumb Code     0  startup_stm32f407xx.o(.text)
    TIM8_UP_TIM13_IRQHandler                 0x0800025f   Thumb Code     0  startup_stm32f407xx.o(.text)
    UART4_IRQHandler                         0x0800025f   Thumb Code     0  startup_stm32f407xx.o(.text)
    UART5_IRQHandler                         0x0800025f   Thumb Code     0  startup_stm32f407xx.o(.text)
    USART2_IRQHandler                        0x0800025f   Thumb Code     0  startup_stm32f407xx.o(.text)
    USART3_IRQHandler                        0x0800025f   Thumb Code     0  startup_stm32f407xx.o(.text)
    USART6_IRQHandler                        0x0800025f   Thumb Code     0  startup_stm32f407xx.o(.text)
    WWDG_IRQHandler                          0x0800025f   Thumb Code     0  startup_stm32f407xx.o(.text)
    __user_initial_stackheap                 0x08000261   Thumb Code     0  startup_stm32f407xx.o(.text)
    __aeabi_uldivmod                         0x08000285   Thumb Code     0  lludivv7m.o(.text)
    _ll_udiv                                 0x08000285   Thumb Code   238  lludivv7m.o(.text)
    __aeabi_memclr4                          0x08000373   Thumb Code     0  rt_memclr_w.o(.text)
    __aeabi_memclr8                          0x08000373   Thumb Code     0  rt_memclr_w.o(.text)
    __rt_memclr_w                            0x08000373   Thumb Code    78  rt_memclr_w.o(.text)
    _memset_w                                0x08000377   Thumb Code     0  rt_memclr_w.o(.text)
    __use_two_region_memory                  0x080003c1   Thumb Code     2  heapauxi.o(.text)
    __rt_heap_escrow$2region                 0x080003c3   Thumb Code     2  heapauxi.o(.text)
    __rt_heap_expand$2region                 0x080003c5   Thumb Code     2  heapauxi.o(.text)
    __read_errno                             0x080003c7   Thumb Code    10  _rserrno.o(.text)
    __set_errno                              0x080003d1   Thumb Code    12  _rserrno.o(.text)
    __strtod_int                             0x08000419   Thumb Code    90  strtod.o(.text)
    __aeabi_errno_addr                       0x08000481   Thumb Code     8  rt_errno_addr_intlibspace.o(.text)
    __errno$intlibspace                      0x08000481   Thumb Code     0  rt_errno_addr_intlibspace.o(.text)
    __rt_errno_addr$intlibspace              0x08000481   Thumb Code     0  rt_errno_addr_intlibspace.o(.text)
    isspace                                  0x08000489   Thumb Code    18  isspace.o(.text)
    _sgetc                                   0x0800049b   Thumb Code    30  _sgetc.o(.text)
    _sbackspace                              0x080004b9   Thumb Code    34  _sgetc.o(.text)
    __user_libspace                          0x080004dd   Thumb Code     8  libspace.o(.text)
    __user_perproc_libspace                  0x080004dd   Thumb Code     0  libspace.o(.text)
    __user_perthread_libspace                0x080004dd   Thumb Code     0  libspace.o(.text)
    __user_setup_stackheap                   0x080004e5   Thumb Code    74  sys_stackheap_outer.o(.text)
    __rt_ctype_table                         0x08000531   Thumb Code    16  rt_ctype_table.o(.text)
    _scanf_really_real                       0x0800078d   Thumb Code   684  scanf_fp.o(.text)
    exit                                     0x08000a39   Thumb Code    18  exit.o(.text)
    strcmp                                   0x08000a4d   Thumb Code   128  strcmpv7m.o(.text)
    __rt_locale                              0x08000acd   Thumb Code     8  rt_locale_intlibspace.o(.text)
    _btod_etento                             0x08000ad5   Thumb Code   224  bigflt0.o(.text)
    _scanf_really_hex_real                   0x08000bb9   Thumb Code   786  scanf_hexfp.o(.text)
    _scanf_really_infnan                     0x08000ed9   Thumb Code   292  scanf_infnan.o(.text)
    __aeabi_llsl                             0x0800100d   Thumb Code     0  llshl.o(.text)
    _ll_shift_l                              0x0800100d   Thumb Code    38  llshl.o(.text)
    _chval                                   0x08001033   Thumb Code    28  _chval.o(.text)
    __btod_div_common                        0x0800104f   Thumb Code   696  btod.o(CL$$btod_div_common)
    _e2d                                     0x08001389   Thumb Code   122  btod.o(CL$$btod_e2d)
    _e2e                                     0x0800140d   Thumb Code   220  btod.o(CL$$btod_e2e)
    _btod_ediv                               0x080014e9   Thumb Code    42  btod.o(CL$$btod_ediv)
    _btod_edivd                              0x08001513   Thumb Code    42  btod.o(CL$$btod_edivd)
    _btod_emul                               0x0800153d   Thumb Code    42  btod.o(CL$$btod_emul)
    _btod_emuld                              0x08001567   Thumb Code    42  btod.o(CL$$btod_emuld)
    __btod_mult_common                       0x08001591   Thumb Code   580  btod.o(CL$$btod_mult_common)
    BusFault_Handler                         0x080017d5   Thumb Code     2  stm32f4xx_it.o(i.BusFault_Handler)
    CAN1_RX0_IRQHandler                      0x080017d9   Thumb Code     6  stm32f4xx_it.o(i.CAN1_RX0_IRQHandler)
    CANFilterInit                            0x080017e5   Thumb Code    78  wtr_can.o(i.CANFilterInit)
    CanDataDecode                            0x08001835   Thumb Code    12  wtr_can.o(i.CanDataDecode)
    CanTransmit_DJI_1234                     0x08001845   Thumb Code    96  dji.o(i.CanTransmit_DJI_1234)
    DJI_CanMsgDecode                         0x080018a9   Thumb Code    52  dji.o(i.DJI_CanMsgDecode)
    DJI_Init                                 0x080018e1   Thumb Code   116  dji.o(i.DJI_Init)
    DJI_Update                               0x08001979   Thumb Code   186  dji.o(i.DJI_Update)
    DMA2_Stream2_IRQHandler                  0x08001a41   Thumb Code     6  stm32f4xx_it.o(i.DMA2_Stream2_IRQHandler)
    DMA2_Stream7_IRQHandler                  0x08001a4d   Thumb Code     6  stm32f4xx_it.o(i.DMA2_Stream7_IRQHandler)
    DebugMon_Handler                         0x08001afd   Thumb Code     2  stm32f4xx_it.o(i.DebugMon_Handler)
    Error_Handler                            0x08001aff   Thumb Code     4  main.o(i.Error_Handler)
    HAL_CAN_ActivateNotification             0x08001b03   Thumb Code    36  stm32f4xx_hal_can.o(i.HAL_CAN_ActivateNotification)
    HAL_CAN_AddTxMessage                     0x08001b27   Thumb Code   220  stm32f4xx_hal_can.o(i.HAL_CAN_AddTxMessage)
    HAL_CAN_ConfigFilter                     0x08001c05   Thumb Code   262  stm32f4xx_hal_can.o(i.HAL_CAN_ConfigFilter)
    HAL_CAN_ErrorCallback                    0x08001d11   Thumb Code     2  stm32f4xx_hal_can.o(i.HAL_CAN_ErrorCallback)
    HAL_CAN_GetRxMessage                     0x08001d13   Thumb Code   232  stm32f4xx_hal_can.o(i.HAL_CAN_GetRxMessage)
    HAL_CAN_GetTxMailboxesFreeLevel          0x08001dfb   Thumb Code    44  stm32f4xx_hal_can.o(i.HAL_CAN_GetTxMailboxesFreeLevel)
    HAL_CAN_IRQHandler                       0x08001e27   Thumb Code   508  stm32f4xx_hal_can.o(i.HAL_CAN_IRQHandler)
    HAL_CAN_Init                             0x08002023   Thumb Code   282  stm32f4xx_hal_can.o(i.HAL_CAN_Init)
    HAL_CAN_MspInit                          0x0800213d   Thumb Code   110  can.o(i.HAL_CAN_MspInit)
    HAL_CAN_RxFifo0FullCallback              0x080021b9   Thumb Code     2  stm32f4xx_hal_can.o(i.HAL_CAN_RxFifo0FullCallback)
    HAL_CAN_RxFifo0MsgPendingCallback        0x080021bd   Thumb Code    56  wtr_can.o(i.HAL_CAN_RxFifo0MsgPendingCallback)
    HAL_CAN_RxFifo1FullCallback              0x080021fd   Thumb Code     2  stm32f4xx_hal_can.o(i.HAL_CAN_RxFifo1FullCallback)
    HAL_CAN_RxFifo1MsgPendingCallback        0x080021ff   Thumb Code     2  stm32f4xx_hal_can.o(i.HAL_CAN_RxFifo1MsgPendingCallback)
    HAL_CAN_SleepCallback                    0x08002201   Thumb Code     2  stm32f4xx_hal_can.o(i.HAL_CAN_SleepCallback)
    HAL_CAN_Start                            0x08002205   Thumb Code    88  stm32f4xx_hal_can.o(i.HAL_CAN_Start)
    HAL_CAN_TxMailbox0AbortCallback          0x0800225d   Thumb Code     2  stm32f4xx_hal_can.o(i.HAL_CAN_TxMailbox0AbortCallback)
    HAL_CAN_TxMailbox0CompleteCallback       0x0800225f   Thumb Code     2  stm32f4xx_hal_can.o(i.HAL_CAN_TxMailbox0CompleteCallback)
    HAL_CAN_TxMailbox1AbortCallback          0x08002261   Thumb Code     2  stm32f4xx_hal_can.o(i.HAL_CAN_TxMailbox1AbortCallback)
    HAL_CAN_TxMailbox1CompleteCallback       0x08002263   Thumb Code     2  stm32f4xx_hal_can.o(i.HAL_CAN_TxMailbox1CompleteCallback)
    HAL_CAN_TxMailbox2AbortCallback          0x08002265   Thumb Code     2  stm32f4xx_hal_can.o(i.HAL_CAN_TxMailbox2AbortCallback)
    HAL_CAN_TxMailbox2CompleteCallback       0x08002267   Thumb Code     2  stm32f4xx_hal_can.o(i.HAL_CAN_TxMailbox2CompleteCallback)
    HAL_CAN_WakeUpFromRxMsgCallback          0x08002269   Thumb Code     2  stm32f4xx_hal_can.o(i.HAL_CAN_WakeUpFromRxMsgCallback)
    HAL_DMA_Abort                            0x0800226b   Thumb Code   146  stm32f4xx_hal_dma.o(i.HAL_DMA_Abort)
    HAL_DMA_Abort_IT                         0x080022fd   Thumb Code    36  stm32f4xx_hal_dma.o(i.HAL_DMA_Abort_IT)
    HAL_DMA_IRQHandler                       0x08002321   Thumb Code   412  stm32f4xx_hal_dma.o(i.HAL_DMA_IRQHandler)
    HAL_DMA_Init                             0x080024c1   Thumb Code   206  stm32f4xx_hal_dma.o(i.HAL_DMA_Init)
    HAL_DMA_Start_IT                         0x08002595   Thumb Code   110  stm32f4xx_hal_dma.o(i.HAL_DMA_Start_IT)
    HAL_GPIO_Init                            0x08002605   Thumb Code   450  stm32f4xx_hal_gpio.o(i.HAL_GPIO_Init)
    HAL_GPIO_WritePin                        0x080027f5   Thumb Code    10  stm32f4xx_hal_gpio.o(i.HAL_GPIO_WritePin)
    HAL_GetTick                              0x08002801   Thumb Code     6  stm32f4xx_hal.o(i.HAL_GetTick)
    HAL_IncTick                              0x0800280d   Thumb Code    12  stm32f4xx_hal.o(i.HAL_IncTick)
    HAL_Init                                 0x0800281d   Thumb Code    48  stm32f4xx_hal.o(i.HAL_Init)
    HAL_InitTick                             0x08002851   Thumb Code    54  stm32f4xx_hal.o(i.HAL_InitTick)
    HAL_MspInit                              0x08002891   Thumb Code    42  stm32f4xx_hal_msp.o(i.HAL_MspInit)
    HAL_NVIC_EnableIRQ                       0x080028c1   Thumb Code    26  stm32f4xx_hal_cortex.o(i.HAL_NVIC_EnableIRQ)
    HAL_NVIC_SetPriority                     0x080028dd   Thumb Code    60  stm32f4xx_hal_cortex.o(i.HAL_NVIC_SetPriority)
    HAL_NVIC_SetPriorityGrouping             0x0800291d   Thumb Code    26  stm32f4xx_hal_cortex.o(i.HAL_NVIC_SetPriorityGrouping)
    HAL_RCC_ClockConfig                      0x08002941   Thumb Code   288  stm32f4xx_hal_rcc.o(i.HAL_RCC_ClockConfig)
    HAL_RCC_GetPCLK1Freq                     0x08002a75   Thumb Code    20  stm32f4xx_hal_rcc.o(i.HAL_RCC_GetPCLK1Freq)
    HAL_RCC_GetPCLK2Freq                     0x08002a95   Thumb Code    20  stm32f4xx_hal_rcc.o(i.HAL_RCC_GetPCLK2Freq)
    HAL_RCC_GetSysClockFreq                  0x08002ab5   Thumb Code    88  stm32f4xx_hal_rcc.o(i.HAL_RCC_GetSysClockFreq)
    HAL_RCC_OscConfig                        0x08002b15   Thumb Code   856  stm32f4xx_hal_rcc.o(i.HAL_RCC_OscConfig)
    HAL_SYSTICK_Config                       0x08002e81   Thumb Code    40  stm32f4xx_hal_cortex.o(i.HAL_SYSTICK_Config)
    HAL_TIMEx_BreakCallback                  0x08002ea9   Thumb Code     2  stm32f4xx_hal_tim_ex.o(i.HAL_TIMEx_BreakCallback)
    HAL_TIMEx_CommutCallback                 0x08002eab   Thumb Code     2  stm32f4xx_hal_tim_ex.o(i.HAL_TIMEx_CommutCallback)
    HAL_TIMEx_MasterConfigSynchronization    0x08002ead   Thumb Code   116  stm32f4xx_hal_tim_ex.o(i.HAL_TIMEx_MasterConfigSynchronization)
    HAL_TIM_Base_Init                        0x08002f3d   Thumb Code    90  stm32f4xx_hal_tim.o(i.HAL_TIM_Base_Init)
    HAL_TIM_Base_MspInit                     0x08002f99   Thumb Code    50  tim.o(i.HAL_TIM_Base_MspInit)
    HAL_TIM_Base_Start_IT                    0x08002fd5   Thumb Code   100  stm32f4xx_hal_tim.o(i.HAL_TIM_Base_Start_IT)
    HAL_TIM_ConfigClockSource                0x08003055   Thumb Code   220  stm32f4xx_hal_tim.o(i.HAL_TIM_ConfigClockSource)
    HAL_TIM_IC_CaptureCallback               0x08003131   Thumb Code     2  stm32f4xx_hal_tim.o(i.HAL_TIM_IC_CaptureCallback)
    HAL_TIM_IRQHandler                       0x08003133   Thumb Code   358  stm32f4xx_hal_tim.o(i.HAL_TIM_IRQHandler)
    HAL_TIM_OC_DelayElapsedCallback          0x08003299   Thumb Code     2  stm32f4xx_hal_tim.o(i.HAL_TIM_OC_DelayElapsedCallback)
    HAL_TIM_PWM_PulseFinishedCallback        0x0800329b   Thumb Code     2  stm32f4xx_hal_tim.o(i.HAL_TIM_PWM_PulseFinishedCallback)
    HAL_TIM_PeriodElapsedCallback            0x0800329d   Thumb Code    98  main.o(i.HAL_TIM_PeriodElapsedCallback)
    HAL_TIM_TriggerCallback                  0x08003311   Thumb Code     2  stm32f4xx_hal_tim.o(i.HAL_TIM_TriggerCallback)
    HAL_UARTEx_ReceiveToIdle_DMA             0x08003313   Thumb Code    86  stm32f4xx_hal_uart.o(i.HAL_UARTEx_ReceiveToIdle_DMA)
    HAL_UARTEx_RxEventCallback               0x08003369   Thumb Code    84  main.o(i.HAL_UARTEx_RxEventCallback)
    HAL_UART_ErrorCallback                   0x080033d1   Thumb Code     2  stm32f4xx_hal_uart.o(i.HAL_UART_ErrorCallback)
    HAL_UART_IRQHandler                      0x080033d5   Thumb Code   610  stm32f4xx_hal_uart.o(i.HAL_UART_IRQHandler)
    HAL_UART_Init                            0x0800363d   Thumb Code    98  stm32f4xx_hal_uart.o(i.HAL_UART_Init)
    HAL_UART_MspInit                         0x080036a1   Thumb Code   276  usart.o(i.HAL_UART_MspInit)
    HAL_UART_RxCpltCallback                  0x080037cd   Thumb Code     2  stm32f4xx_hal_uart.o(i.HAL_UART_RxCpltCallback)
    HAL_UART_RxHalfCpltCallback              0x080037cf   Thumb Code     2  stm32f4xx_hal_uart.o(i.HAL_UART_RxHalfCpltCallback)
    HAL_UART_Transmit                        0x080037d1   Thumb Code   178  stm32f4xx_hal_uart.o(i.HAL_UART_Transmit)
    HAL_UART_TxCpltCallback                  0x08003883   Thumb Code     2  stm32f4xx_hal_uart.o(i.HAL_UART_TxCpltCallback)
    HardFault_Handler                        0x08003885   Thumb Code     2  stm32f4xx_it.o(i.HardFault_Handler)
    M2006_done                               0x08003889   Thumb Code    32  m2006.o(i.M2006_done)
    M2006_init                               0x080038ad   Thumb Code    22  m2006.o(i.M2006_init)
    MX_CAN1_Init                             0x080038c9   Thumb Code    56  can.o(i.MX_CAN1_Init)
    MX_DMA_Init                              0x08003909   Thumb Code    56  dma.o(i.MX_DMA_Init)
    MX_GPIO_Init                             0x08003945   Thumb Code    84  gpio.o(i.MX_GPIO_Init)
    MX_TIM1_Init                             0x080039a1   Thumb Code    98  tim.o(i.MX_TIM1_Init)
    MX_USART1_UART_Init                      0x08003a0d   Thumb Code    48  usart.o(i.MX_USART1_UART_Init)
    MX_USART2_UART_Init                      0x08003a45   Thumb Code    48  usart.o(i.MX_USART2_UART_Init)
    MemManage_Handler                        0x08003a7d   Thumb Code     2  stm32f4xx_it.o(i.MemManage_Handler)
    NMI_Handler                              0x08003a7f   Thumb Code     2  stm32f4xx_it.o(i.NMI_Handler)
    PID_Calc                                 0x08003a81   Thumb Code   130  caculate.o(i.PID_Calc)
    PendSV_Handler                           0x08003b03   Thumb Code     2  stm32f4xx_it.o(i.PendSV_Handler)
    SVC_Handler                              0x08003b05   Thumb Code     2  stm32f4xx_it.o(i.SVC_Handler)
    SysTick_Handler                          0x08003b07   Thumb Code     4  stm32f4xx_it.o(i.SysTick_Handler)
    SystemClock_Config                       0x08003b0d   Thumb Code   140  main.o(i.SystemClock_Config)
    SystemInit                               0x08003ba1   Thumb Code    12  system_stm32f4xx.o(i.SystemInit)
    TIM1_UP_TIM10_IRQHandler                 0x08003bb1   Thumb Code     6  stm32f4xx_it.o(i.TIM1_UP_TIM10_IRQHandler)
    TIM_Base_SetConfig                       0x08003bbd   Thumb Code   156  stm32f4xx_hal_tim.o(i.TIM_Base_SetConfig)
    TIM_ETR_SetConfig                        0x08003c85   Thumb Code    20  stm32f4xx_hal_tim.o(i.TIM_ETR_SetConfig)
    UART_Start_Receive_DMA                   0x0800401d   Thumb Code   134  stm32f4xx_hal_uart.o(i.UART_Start_Receive_DMA)
    USART1_IRQHandler                        0x08004129   Thumb Code     6  stm32f4xx_it.o(i.USART1_IRQHandler)
    UsageFault_Handler                       0x08004135   Thumb Code     2  stm32f4xx_it.o(i.UsageFault_Handler)
    __hardfp___mathlib_tofloat               0x08004159   Thumb Code   232  narrow.o(i.__hardfp___mathlib_tofloat)
    __hardfp_atof                            0x08004251   Thumb Code    44  atof.o(i.__hardfp_atof)
    __hardfp_ldexp                           0x08004289   Thumb Code   200  ldexp.o(i.__hardfp_ldexp)
    __mathlib_dbl_overflow                   0x08004359   Thumb Code    24  dunder.o(i.__mathlib_dbl_overflow)
    __mathlib_dbl_underflow                  0x08004379   Thumb Code    24  dunder.o(i.__mathlib_dbl_underflow)
    __mathlib_narrow                         0x08004399   Thumb Code    18  narrow.o(i.__mathlib_narrow)
    __support_ldexp                          0x080043ab   Thumb Code    20  ldexp.o(i.__support_ldexp)
    _is_digit                                0x080043bf   Thumb Code    14  scanf_fp.o(i._is_digit)
    _sys_exit                                0x080043cd   Thumb Code     2  uart_printf.o(i._sys_exit)
    frexp                                    0x080043d1   Thumb Code   118  frexp.o(i.frexp)
    get_dji_offset                           0x0800445d   Thumb Code    46  dji.o(i.get_dji_offset)
    main                                     0x08004491   Thumb Code   236  main.o(i.main)
    positionServo                            0x080045ad   Thumb Code    50  caculate.o(i.positionServo)
    servo1_maxspeed_to_direction             0x080045e1   Thumb Code    44  servo_sm40bl.o(i.servo1_maxspeed_to_direction)
    servo1_maxspeed_to_direction_cm          0x08004621   Thumb Code    54  servo_sm40bl.o(i.servo1_maxspeed_to_direction_cm)
    set_M2006_position                       0x08004669   Thumb Code    58  m2006.o(i.set_M2006_position)
    set_M2006_position_cm                    0x080046ad   Thumb Code    12  m2006.o(i.set_M2006_position_cm)
    _get_lc_numeric                          0x080046bd   Thumb Code    44  lc_numeric_c.o(locale$$code)
    _get_lc_ctype                            0x080046e9   Thumb Code    44  lc_ctype_c.o(locale$$code)
    __aeabi_d2f                              0x08004715   Thumb Code     0  d2f.o(x$fpl$d2f)
    _d2f                                     0x08004715   Thumb Code    98  d2f.o(x$fpl$d2f)
    __aeabi_dadd                             0x08004779   Thumb Code     0  daddsub_clz.o(x$fpl$dadd)
    _dadd                                    0x08004779   Thumb Code   332  daddsub_clz.o(x$fpl$dadd)
    __fpl_dcheck_NaN1                        0x080048c9   Thumb Code    10  dcheck1.o(x$fpl$dcheck1)
    __fpl_dcmp_Inf                           0x080048d9   Thumb Code    24  dcmpi.o(x$fpl$dcmpinf)
    __aeabi_cdcmpeq                          0x080048f1   Thumb Code     0  deqf.o(x$fpl$deqf)
    _dcmpeq                                  0x080048f1   Thumb Code   120  deqf.o(x$fpl$deqf)
    __aeabi_d2uiz                            0x08004969   Thumb Code     0  dfixu.o(x$fpl$dfixu)
    _dfixu                                   0x08004969   Thumb Code    90  dfixu.o(x$fpl$dfixu)
    __aeabi_cdcmple                          0x080049c5   Thumb Code     0  dleqf.o(x$fpl$dleqf)
    _dcmple                                  0x080049c5   Thumb Code   120  dleqf.o(x$fpl$dleqf)
    __fpl_dcmple_InfNaN                      0x08004a27   Thumb Code     0  dleqf.o(x$fpl$dleqf)
    __aeabi_dmul                             0x08004a3d   Thumb Code     0  dmul.o(x$fpl$dmul)
    _dmul                                    0x08004a3d   Thumb Code   332  dmul.o(x$fpl$dmul)
    __fpl_dnaninf                            0x08004b91   Thumb Code   156  dnaninf.o(x$fpl$dnaninf)
    __fpl_dretinf                            0x08004c2d   Thumb Code    12  dretinf.o(x$fpl$dretinf)
    __aeabi_cdrcmple                         0x08004c39   Thumb Code     0  drleqf.o(x$fpl$drleqf)
    _drcmple                                 0x08004c39   Thumb Code   108  drleqf.o(x$fpl$drleqf)
    __aeabi_dsub                             0x08004ca5   Thumb Code     0  daddsub_clz.o(x$fpl$dsub)
    _dsub                                    0x08004ca5   Thumb Code   464  daddsub_clz.o(x$fpl$dsub)
    _fp_init                                 0x08004e79   Thumb Code    10  fpinit.o(x$fpl$fpinit)
    __fplib_config_fpu_vfp                   0x08004e81   Thumb Code     0  fpinit.o(x$fpl$fpinit)
    __fplib_config_pureend_doubles           0x08004e81   Thumb Code     0  fpinit.o(x$fpl$fpinit)
    __fpl_fretinf                            0x08004e83   Thumb Code    10  fretinf.o(x$fpl$fretinf)
    __ieee_status                            0x08004e8d   Thumb Code     6  istatus.o(x$fpl$ieeestatus)
    __fpl_return_NaN                         0x08004e93   Thumb Code   100  retnan.o(x$fpl$retnan)
    __ARM_scalbn                             0x08004ef7   Thumb Code    92  scalbn.o(x$fpl$scalbn)
    _scanf_real                              0x08004f53   Thumb Code     4  scanf1.o(x$fpl$scanf1)
    _scanf_hex_real                          0x08004f57   Thumb Code     4  scanf2.o(x$fpl$scanf2)
    _scanf_infnan                            0x08004f5b   Thumb Code     4  scanf2.o(x$fpl$scanf2)
    __fpl_cmpreturn                          0x08004f5f   Thumb Code    48  trapv.o(x$fpl$trapveneer)
    __I$use$fp                               0x08004f8e   Number         0  usenofp.o(x$fpl$usenofp)
    AHBPrescTable                            0x08004f96   Data          16  system_stm32f4xx.o(.constdata)
    APBPrescTable                            0x08004fa6   Data           8  system_stm32f4xx.o(.constdata)
    Region$$Table$$Base                      0x08005044   Number         0  anon$$obj.o(Region$$Table)
    Region$$Table$$Limit                     0x08005064   Number         0  anon$$obj.o(Region$$Table)
    __aeabi_HUGE_VAL                         0x08005064   Data           0  fpconst.o(c$$dinf)
    __aeabi_HUGE_VALL                        0x08005064   Data           0  fpconst.o(c$$dinf)
    __aeabi_INFINITY                         0x08005064   Data           0  fpconst.o(c$$dinf)
    __dInf                                   0x08005064   Data           0  fpconst.o(c$$dinf)
    __huge_val                               0x08005064   Data           0  fpconst.o(c$$dinf)
    __dbl_max                                0x0800506c   Data           0  fpconst.o(c$$dmax)
    __ctype                                  0x0800509d   Data           0  lc_ctype_c.o(locale$$data)
    receive_flag                             0x20000000   Data           1  main.o(.data)
    rx_done                                  0x20000001   Data           1  main.o(.data)
    tx_once_flag                             0x20000002   Data           1  main.o(.data)
    M2006flag                                0x20000004   Data           4  main.o(.data)
    ref2                                     0x20000008   Data           8  main.o(.data)
    ref1                                     0x20000010   Data           8  main.o(.data)
    uwTickFreq                               0x20000018   Data           1  stm32f4xx_hal.o(.data)
    uwTickPrio                               0x2000001c   Data           4  stm32f4xx_hal.o(.data)
    uwTick                                   0x20000020   Data           4  stm32f4xx_hal.o(.data)
    SystemCoreClock                          0x20000024   Data           4  system_stm32f4xx.o(.data)
    CanReceiveData                           0x2000002c   Data           8  wtr_can.o(.data)
    receiveData                              0x20000034   Data          10  main.o(.bss)
    hcan1                                    0x20000040   Data          40  can.o(.bss)
    htim1                                    0x20000068   Data          72  tim.o(.bss)
    huart1                                   0x200000b0   Data          68  usart.o(.bss)
    huart2                                   0x200000f4   Data          68  usart.o(.bss)
    hdma_usart1_rx                           0x20000138   Data          96  usart.o(.bss)
    hdma_usart1_tx                           0x20000198   Data          96  usart.o(.bss)
    hDJI                                     0x200001f8   Data        1152  dji.o(.bss)
    __libspace_start                         0x20000678   Data          96  libspace.o(.bss)
    __temporary_stack_top$libspace           0x200006d8   Data           0  libspace.o(.bss)



==============================================================================

Memory Map of the image

  Image Entry point : 0x08000189

  Load Region LR_IROM1 (Base: 0x08000000, Size: 0x000051d4, Max: 0x00100000, ABSOLUTE)

    Execution Region ER_IROM1 (Exec base: 0x08000000, Load base: 0x08000000, Size: 0x000051a0, Max: 0x00100000, ABSOLUTE)

    Exec Addr    Load Addr    Size         Type   Attr      Idx    E Section Name        Object

    0x08000000   0x08000000   0x00000188   Data   RO            3    RESET               startup_stm32f407xx.o
    0x08000188   0x08000188   0x00000008   Code   RO         3680  * !!!main             c_w.l(__main.o)
    0x08000190   0x08000190   0x00000034   Code   RO         4024    !!!scatter          c_w.l(__scatter.o)
    0x080001c4   0x080001c4   0x0000001a   Code   RO         4026    !!handler_copy      c_w.l(__scatter_copy.o)
    0x080001de   0x080001de   0x00000002   PAD
    0x080001e0   0x080001e0   0x0000001c   Code   RO         4028    !!handler_zi        c_w.l(__scatter_zi.o)
    0x080001fc   0x080001fc   0x00000002   Code   RO         3783    .ARM.Collect$$libinit$$00000000  c_w.l(libinit.o)
    0x080001fe   0x080001fe   0x00000004   Code   RO         3784    .ARM.Collect$$libinit$$00000001  c_w.l(libinit2.o)
    0x08000202   0x08000202   0x00000000   Code   RO         3787    .ARM.Collect$$libinit$$00000004  c_w.l(libinit2.o)
    0x08000202   0x08000202   0x00000000   Code   RO         3790    .ARM.Collect$$libinit$$0000000A  c_w.l(libinit2.o)
    0x08000202   0x08000202   0x00000000   Code   RO         3792    .ARM.Collect$$libinit$$0000000C  c_w.l(libinit2.o)
    0x08000202   0x08000202   0x00000000   Code   RO         3794    .ARM.Collect$$libinit$$0000000E  c_w.l(libinit2.o)
    0x08000202   0x08000202   0x00000006   Code   RO         3795    .ARM.Collect$$libinit$$0000000F  c_w.l(libinit2.o)
    0x08000208   0x08000208   0x00000000   Code   RO         3797    .ARM.Collect$$libinit$$00000011  c_w.l(libinit2.o)
    0x08000208   0x08000208   0x0000000c   Code   RO         3798    .ARM.Collect$$libinit$$00000012  c_w.l(libinit2.o)
    0x08000214   0x08000214   0x00000000   Code   RO         3799    .ARM.Collect$$libinit$$00000013  c_w.l(libinit2.o)
    0x08000214   0x08000214   0x00000000   Code   RO         3801    .ARM.Collect$$libinit$$00000015  c_w.l(libinit2.o)
    0x08000214   0x08000214   0x0000000a   Code   RO         3802    .ARM.Collect$$libinit$$00000016  c_w.l(libinit2.o)
    0x0800021e   0x0800021e   0x00000000   Code   RO         3803    .ARM.Collect$$libinit$$00000017  c_w.l(libinit2.o)
    0x0800021e   0x0800021e   0x00000000   Code   RO         3805    .ARM.Collect$$libinit$$00000019  c_w.l(libinit2.o)
    0x0800021e   0x0800021e   0x00000000   Code   RO         3807    .ARM.Collect$$libinit$$0000001B  c_w.l(libinit2.o)
    0x0800021e   0x0800021e   0x00000000   Code   RO         3809    .ARM.Collect$$libinit$$0000001D  c_w.l(libinit2.o)
    0x0800021e   0x0800021e   0x00000000   Code   RO         3811    .ARM.Collect$$libinit$$0000001F  c_w.l(libinit2.o)
    0x0800021e   0x0800021e   0x00000000   Code   RO         3813    .ARM.Collect$$libinit$$00000021  c_w.l(libinit2.o)
    0x0800021e   0x0800021e   0x00000000   Code   RO         3815    .ARM.Collect$$libinit$$00000023  c_w.l(libinit2.o)
    0x0800021e   0x0800021e   0x00000000   Code   RO         3817    .ARM.Collect$$libinit$$00000025  c_w.l(libinit2.o)
    0x0800021e   0x0800021e   0x00000000   Code   RO         3821    .ARM.Collect$$libinit$$0000002C  c_w.l(libinit2.o)
    0x0800021e   0x0800021e   0x00000000   Code   RO         3823    .ARM.Collect$$libinit$$0000002E  c_w.l(libinit2.o)
    0x0800021e   0x0800021e   0x00000000   Code   RO         3825    .ARM.Collect$$libinit$$00000030  c_w.l(libinit2.o)
    0x0800021e   0x0800021e   0x00000000   Code   RO         3827    .ARM.Collect$$libinit$$00000032  c_w.l(libinit2.o)
    0x0800021e   0x0800021e   0x00000002   Code   RO         3828    .ARM.Collect$$libinit$$00000033  c_w.l(libinit2.o)
    0x08000220   0x08000220   0x00000002   Code   RO         3941    .ARM.Collect$$libshutdown$$00000000  c_w.l(libshutdown.o)
    0x08000222   0x08000222   0x00000000   Code   RO         3982    .ARM.Collect$$libshutdown$$00000002  c_w.l(libshutdown2.o)
    0x08000222   0x08000222   0x00000000   Code   RO         3984    .ARM.Collect$$libshutdown$$00000004  c_w.l(libshutdown2.o)
    0x08000222   0x08000222   0x00000000   Code   RO         3986    .ARM.Collect$$libshutdown$$00000006  c_w.l(libshutdown2.o)
    0x08000222   0x08000222   0x00000000   Code   RO         3989    .ARM.Collect$$libshutdown$$00000009  c_w.l(libshutdown2.o)
    0x08000222   0x08000222   0x00000000   Code   RO         3992    .ARM.Collect$$libshutdown$$0000000C  c_w.l(libshutdown2.o)
    0x08000222   0x08000222   0x00000000   Code   RO         3994    .ARM.Collect$$libshutdown$$0000000E  c_w.l(libshutdown2.o)
    0x08000222   0x08000222   0x00000000   Code   RO         3997    .ARM.Collect$$libshutdown$$00000011  c_w.l(libshutdown2.o)
    0x08000222   0x08000222   0x00000002   Code   RO         3998    .ARM.Collect$$libshutdown$$00000012  c_w.l(libshutdown2.o)
    0x08000224   0x08000224   0x00000000   Code   RO         3712    .ARM.Collect$$rtentry$$00000000  c_w.l(__rtentry.o)
    0x08000224   0x08000224   0x00000000   Code   RO         3729    .ARM.Collect$$rtentry$$00000002  c_w.l(__rtentry2.o)
    0x08000224   0x08000224   0x00000006   Code   RO         3741    .ARM.Collect$$rtentry$$00000004  c_w.l(__rtentry4.o)
    0x0800022a   0x0800022a   0x00000000   Code   RO         3731    .ARM.Collect$$rtentry$$00000009  c_w.l(__rtentry2.o)
    0x0800022a   0x0800022a   0x00000004   Code   RO         3732    .ARM.Collect$$rtentry$$0000000A  c_w.l(__rtentry2.o)
    0x0800022e   0x0800022e   0x00000000   Code   RO         3734    .ARM.Collect$$rtentry$$0000000C  c_w.l(__rtentry2.o)
    0x0800022e   0x0800022e   0x00000008   Code   RO         3735    .ARM.Collect$$rtentry$$0000000D  c_w.l(__rtentry2.o)
    0x08000236   0x08000236   0x00000002   Code   RO         3829    .ARM.Collect$$rtexit$$00000000  c_w.l(rtexit.o)
    0x08000238   0x08000238   0x00000000   Code   RO         3895    .ARM.Collect$$rtexit$$00000002  c_w.l(rtexit2.o)
    0x08000238   0x08000238   0x00000004   Code   RO         3896    .ARM.Collect$$rtexit$$00000003  c_w.l(rtexit2.o)
    0x0800023c   0x0800023c   0x00000006   Code   RO         3897    .ARM.Collect$$rtexit$$00000004  c_w.l(rtexit2.o)
    0x08000242   0x08000242   0x00000002   PAD
    0x08000244   0x08000244   0x00000040   Code   RO            4    .text               startup_stm32f407xx.o
    0x08000284   0x08000284   0x000000ee   Code   RO         3674    .text               c_w.l(lludivv7m.o)
    0x08000372   0x08000372   0x0000004e   Code   RO         3676    .text               c_w.l(rt_memclr_w.o)
    0x080003c0   0x080003c0   0x00000006   Code   RO         3678    .text               c_w.l(heapauxi.o)
    0x080003c6   0x080003c6   0x00000016   Code   RO         3717    .text               c_w.l(_rserrno.o)
    0x080003dc   0x080003dc   0x000000a4   Code   RO         3719    .text               c_w.l(strtod.o)
    0x08000480   0x08000480   0x00000008   Code   RO         3748    .text               c_w.l(rt_errno_addr_intlibspace.o)
    0x08000488   0x08000488   0x00000012   Code   RO         3750    .text               c_w.l(isspace.o)
    0x0800049a   0x0800049a   0x00000040   Code   RO         3752    .text               c_w.l(_sgetc.o)
    0x080004da   0x080004da   0x00000002   PAD
    0x080004dc   0x080004dc   0x00000008   Code   RO         3759    .text               c_w.l(libspace.o)
    0x080004e4   0x080004e4   0x0000004a   Code   RO         3762    .text               c_w.l(sys_stackheap_outer.o)
    0x0800052e   0x0800052e   0x00000002   PAD
    0x08000530   0x08000530   0x00000010   Code   RO         3764    .text               c_w.l(rt_ctype_table.o)
    0x08000540   0x08000540   0x000004f8   Code   RO         3766    .text               c_w.l(scanf_fp.o)
    0x08000a38   0x08000a38   0x00000012   Code   RO         3770    .text               c_w.l(exit.o)
    0x08000a4a   0x08000a4a   0x00000002   PAD
    0x08000a4c   0x08000a4c   0x00000080   Code   RO         3776    .text               c_w.l(strcmpv7m.o)
    0x08000acc   0x08000acc   0x00000008   Code   RO         3836    .text               c_w.l(rt_locale_intlibspace.o)
    0x08000ad4   0x08000ad4   0x000000e4   Code   RO         3838    .text               c_w.l(bigflt0.o)
    0x08000bb8   0x08000bb8   0x00000320   Code   RO         3901    .text               c_w.l(scanf_hexfp.o)
    0x08000ed8   0x08000ed8   0x00000134   Code   RO         3903    .text               c_w.l(scanf_infnan.o)
    0x0800100c   0x0800100c   0x00000026   Code   RO         3929    .text               c_w.l(llshl.o)
    0x08001032   0x08001032   0x0000001c   Code   RO         3931    .text               c_w.l(_chval.o)
    0x0800104e   0x0800104e   0x00000338   Code   RO         3851    CL$$btod_div_common  c_w.l(btod.o)
    0x08001386   0x08001386   0x00000002   PAD
    0x08001388   0x08001388   0x00000084   Code   RO         3849    CL$$btod_e2d        c_w.l(btod.o)
    0x0800140c   0x0800140c   0x000000dc   Code   RO         3848    CL$$btod_e2e        c_w.l(btod.o)
    0x080014e8   0x080014e8   0x0000002a   Code   RO         3845    CL$$btod_ediv       c_w.l(btod.o)
    0x08001512   0x08001512   0x0000002a   Code   RO         3847    CL$$btod_edivd      c_w.l(btod.o)
    0x0800153c   0x0800153c   0x0000002a   Code   RO         3844    CL$$btod_emul       c_w.l(btod.o)
    0x08001566   0x08001566   0x0000002a   Code   RO         3846    CL$$btod_emuld      c_w.l(btod.o)
    0x08001590   0x08001590   0x00000244   Code   RO         3850    CL$$btod_mult_common  c_w.l(btod.o)
    0x080017d4   0x080017d4   0x00000002   Code   RO          495    i.BusFault_Handler  stm32f4xx_it.o
    0x080017d6   0x080017d6   0x00000002   PAD
    0x080017d8   0x080017d8   0x0000000c   Code   RO          496    i.CAN1_RX0_IRQHandler  stm32f4xx_it.o
    0x080017e4   0x080017e4   0x0000004e   Code   RO         3602    i.CANFilterInit     wtr_can.o
    0x08001832   0x08001832   0x00000002   PAD
    0x08001834   0x08001834   0x00000010   Code   RO         3603    i.CanDataDecode     wtr_can.o
    0x08001844   0x08001844   0x00000064   Code   RO         3416    i.CanTransmit_DJI_1234  dji.o
    0x080018a8   0x080018a8   0x00000038   Code   RO         3418    i.DJI_CanMsgDecode  dji.o
    0x080018e0   0x080018e0   0x00000098   Code   RO         3419    i.DJI_Init          dji.o
    0x08001978   0x08001978   0x000000c8   Code   RO         3420    i.DJI_Update        dji.o
    0x08001a40   0x08001a40   0x0000000c   Code   RO          497    i.DMA2_Stream2_IRQHandler  stm32f4xx_it.o
    0x08001a4c   0x08001a4c   0x0000000c   Code   RO          498    i.DMA2_Stream7_IRQHandler  stm32f4xx_it.o
    0x08001a58   0x08001a58   0x00000028   Code   RO         1318    i.DMA_CalcBaseAndBitshift  stm32f4xx_hal_dma.o
    0x08001a80   0x08001a80   0x00000054   Code   RO         1319    i.DMA_CheckFifoParam  stm32f4xx_hal_dma.o
    0x08001ad4   0x08001ad4   0x00000028   Code   RO         1320    i.DMA_SetConfig     stm32f4xx_hal_dma.o
    0x08001afc   0x08001afc   0x00000002   Code   RO          499    i.DebugMon_Handler  stm32f4xx_it.o
    0x08001afe   0x08001afe   0x00000004   Code   RO           13    i.Error_Handler     main.o
    0x08001b02   0x08001b02   0x00000024   Code   RO          626    i.HAL_CAN_ActivateNotification  stm32f4xx_hal_can.o
    0x08001b26   0x08001b26   0x000000dc   Code   RO          627    i.HAL_CAN_AddTxMessage  stm32f4xx_hal_can.o
    0x08001c02   0x08001c02   0x00000002   PAD
    0x08001c04   0x08001c04   0x0000010c   Code   RO          628    i.HAL_CAN_ConfigFilter  stm32f4xx_hal_can.o
    0x08001d10   0x08001d10   0x00000002   Code   RO          631    i.HAL_CAN_ErrorCallback  stm32f4xx_hal_can.o
    0x08001d12   0x08001d12   0x000000e8   Code   RO          634    i.HAL_CAN_GetRxMessage  stm32f4xx_hal_can.o
    0x08001dfa   0x08001dfa   0x0000002c   Code   RO          636    i.HAL_CAN_GetTxMailboxesFreeLevel  stm32f4xx_hal_can.o
    0x08001e26   0x08001e26   0x000001fc   Code   RO          638    i.HAL_CAN_IRQHandler  stm32f4xx_hal_can.o
    0x08002022   0x08002022   0x0000011a   Code   RO          639    i.HAL_CAN_Init      stm32f4xx_hal_can.o
    0x0800213c   0x0800213c   0x0000007c   Code   RO          336    i.HAL_CAN_MspInit   can.o
    0x080021b8   0x080021b8   0x00000002   Code   RO          646    i.HAL_CAN_RxFifo0FullCallback  stm32f4xx_hal_can.o
    0x080021ba   0x080021ba   0x00000002   PAD
    0x080021bc   0x080021bc   0x00000040   Code   RO         3604    i.HAL_CAN_RxFifo0MsgPendingCallback  wtr_can.o
    0x080021fc   0x080021fc   0x00000002   Code   RO          648    i.HAL_CAN_RxFifo1FullCallback  stm32f4xx_hal_can.o
    0x080021fe   0x080021fe   0x00000002   Code   RO          649    i.HAL_CAN_RxFifo1MsgPendingCallback  stm32f4xx_hal_can.o
    0x08002200   0x08002200   0x00000002   Code   RO          650    i.HAL_CAN_SleepCallback  stm32f4xx_hal_can.o
    0x08002202   0x08002202   0x00000002   PAD
    0x08002204   0x08002204   0x00000058   Code   RO          651    i.HAL_CAN_Start     stm32f4xx_hal_can.o
    0x0800225c   0x0800225c   0x00000002   Code   RO          653    i.HAL_CAN_TxMailbox0AbortCallback  stm32f4xx_hal_can.o
    0x0800225e   0x0800225e   0x00000002   Code   RO          654    i.HAL_CAN_TxMailbox0CompleteCallback  stm32f4xx_hal_can.o
    0x08002260   0x08002260   0x00000002   Code   RO          655    i.HAL_CAN_TxMailbox1AbortCallback  stm32f4xx_hal_can.o
    0x08002262   0x08002262   0x00000002   Code   RO          656    i.HAL_CAN_TxMailbox1CompleteCallback  stm32f4xx_hal_can.o
    0x08002264   0x08002264   0x00000002   Code   RO          657    i.HAL_CAN_TxMailbox2AbortCallback  stm32f4xx_hal_can.o
    0x08002266   0x08002266   0x00000002   Code   RO          658    i.HAL_CAN_TxMailbox2CompleteCallback  stm32f4xx_hal_can.o
    0x08002268   0x08002268   0x00000002   Code   RO          660    i.HAL_CAN_WakeUpFromRxMsgCallback  stm32f4xx_hal_can.o
    0x0800226a   0x0800226a   0x00000092   Code   RO         1321    i.HAL_DMA_Abort     stm32f4xx_hal_dma.o
    0x080022fc   0x080022fc   0x00000024   Code   RO         1322    i.HAL_DMA_Abort_IT  stm32f4xx_hal_dma.o
    0x08002320   0x08002320   0x000001a0   Code   RO         1326    i.HAL_DMA_IRQHandler  stm32f4xx_hal_dma.o
    0x080024c0   0x080024c0   0x000000d4   Code   RO         1327    i.HAL_DMA_Init      stm32f4xx_hal_dma.o
    0x08002594   0x08002594   0x0000006e   Code   RO         1331    i.HAL_DMA_Start_IT  stm32f4xx_hal_dma.o
    0x08002602   0x08002602   0x00000002   PAD
    0x08002604   0x08002604   0x000001f0   Code   RO         1214    i.HAL_GPIO_Init     stm32f4xx_hal_gpio.o
    0x080027f4   0x080027f4   0x0000000a   Code   RO         1218    i.HAL_GPIO_WritePin  stm32f4xx_hal_gpio.o
    0x080027fe   0x080027fe   0x00000002   PAD
    0x08002800   0x08002800   0x0000000c   Code   RO         1746    i.HAL_GetTick       stm32f4xx_hal.o
    0x0800280c   0x0800280c   0x00000010   Code   RO         1752    i.HAL_IncTick       stm32f4xx_hal.o
    0x0800281c   0x0800281c   0x00000034   Code   RO         1753    i.HAL_Init          stm32f4xx_hal.o
    0x08002850   0x08002850   0x00000040   Code   RO         1754    i.HAL_InitTick      stm32f4xx_hal.o
    0x08002890   0x08002890   0x00000030   Code   RO          601    i.HAL_MspInit       stm32f4xx_hal_msp.o
    0x080028c0   0x080028c0   0x0000001a   Code   RO         1603    i.HAL_NVIC_EnableIRQ  stm32f4xx_hal_cortex.o
    0x080028da   0x080028da   0x00000002   PAD
    0x080028dc   0x080028dc   0x00000040   Code   RO         1609    i.HAL_NVIC_SetPriority  stm32f4xx_hal_cortex.o
    0x0800291c   0x0800291c   0x00000024   Code   RO         1610    i.HAL_NVIC_SetPriorityGrouping  stm32f4xx_hal_cortex.o
    0x08002940   0x08002940   0x00000134   Code   RO          860    i.HAL_RCC_ClockConfig  stm32f4xx_hal_rcc.o
    0x08002a74   0x08002a74   0x00000020   Code   RO          867    i.HAL_RCC_GetPCLK1Freq  stm32f4xx_hal_rcc.o
    0x08002a94   0x08002a94   0x00000020   Code   RO          868    i.HAL_RCC_GetPCLK2Freq  stm32f4xx_hal_rcc.o
    0x08002ab4   0x08002ab4   0x00000060   Code   RO          869    i.HAL_RCC_GetSysClockFreq  stm32f4xx_hal_rcc.o
    0x08002b14   0x08002b14   0x0000036c   Code   RO          872    i.HAL_RCC_OscConfig  stm32f4xx_hal_rcc.o
    0x08002e80   0x08002e80   0x00000028   Code   RO         1614    i.HAL_SYSTICK_Config  stm32f4xx_hal_cortex.o
    0x08002ea8   0x08002ea8   0x00000002   Code   RO         2697    i.HAL_TIMEx_BreakCallback  stm32f4xx_hal_tim_ex.o
    0x08002eaa   0x08002eaa   0x00000002   Code   RO         2698    i.HAL_TIMEx_CommutCallback  stm32f4xx_hal_tim_ex.o
    0x08002eac   0x08002eac   0x00000090   Code   RO         2716    i.HAL_TIMEx_MasterConfigSynchronization  stm32f4xx_hal_tim_ex.o
    0x08002f3c   0x08002f3c   0x0000005a   Code   RO         1993    i.HAL_TIM_Base_Init  stm32f4xx_hal_tim.o
    0x08002f96   0x08002f96   0x00000002   PAD
    0x08002f98   0x08002f98   0x0000003c   Code   RO          406    i.HAL_TIM_Base_MspInit  tim.o
    0x08002fd4   0x08002fd4   0x00000080   Code   RO         1998    i.HAL_TIM_Base_Start_IT  stm32f4xx_hal_tim.o
    0x08003054   0x08003054   0x000000dc   Code   RO         2002    i.HAL_TIM_ConfigClockSource  stm32f4xx_hal_tim.o
    0x08003130   0x08003130   0x00000002   Code   RO         2027    i.HAL_TIM_IC_CaptureCallback  stm32f4xx_hal_tim.o
    0x08003132   0x08003132   0x00000166   Code   RO         2041    i.HAL_TIM_IRQHandler  stm32f4xx_hal_tim.o
    0x08003298   0x08003298   0x00000002   Code   RO         2044    i.HAL_TIM_OC_DelayElapsedCallback  stm32f4xx_hal_tim.o
    0x0800329a   0x0800329a   0x00000002   Code   RO         2071    i.HAL_TIM_PWM_PulseFinishedCallback  stm32f4xx_hal_tim.o
    0x0800329c   0x0800329c   0x00000074   Code   RO           14    i.HAL_TIM_PeriodElapsedCallback  main.o
    0x08003310   0x08003310   0x00000002   Code   RO         2084    i.HAL_TIM_TriggerCallback  stm32f4xx_hal_tim.o
    0x08003312   0x08003312   0x00000056   Code   RO         2973    i.HAL_UARTEx_ReceiveToIdle_DMA  stm32f4xx_hal_uart.o
    0x08003368   0x08003368   0x00000068   Code   RO           15    i.HAL_UARTEx_RxEventCallback  main.o
    0x080033d0   0x080033d0   0x00000002   Code   RO         2989    i.HAL_UART_ErrorCallback  stm32f4xx_hal_uart.o
    0x080033d2   0x080033d2   0x00000002   PAD
    0x080033d4   0x080033d4   0x00000268   Code   RO         2992    i.HAL_UART_IRQHandler  stm32f4xx_hal_uart.o
    0x0800363c   0x0800363c   0x00000062   Code   RO         2993    i.HAL_UART_Init     stm32f4xx_hal_uart.o
    0x0800369e   0x0800369e   0x00000002   PAD
    0x080036a0   0x080036a0   0x0000012c   Code   RO          448    i.HAL_UART_MspInit  usart.o
    0x080037cc   0x080037cc   0x00000002   Code   RO         2999    i.HAL_UART_RxCpltCallback  stm32f4xx_hal_uart.o
    0x080037ce   0x080037ce   0x00000002   Code   RO         3000    i.HAL_UART_RxHalfCpltCallback  stm32f4xx_hal_uart.o
    0x080037d0   0x080037d0   0x000000b2   Code   RO         3001    i.HAL_UART_Transmit  stm32f4xx_hal_uart.o
    0x08003882   0x08003882   0x00000002   Code   RO         3004    i.HAL_UART_TxCpltCallback  stm32f4xx_hal_uart.o
    0x08003884   0x08003884   0x00000002   Code   RO          500    i.HardFault_Handler  stm32f4xx_it.o
    0x08003886   0x08003886   0x00000002   PAD
    0x08003888   0x08003888   0x00000024   Code   RO         3477    i.M2006_done        m2006.o
    0x080038ac   0x080038ac   0x0000001c   Code   RO         3478    i.M2006_init        m2006.o
    0x080038c8   0x080038c8   0x00000040   Code   RO          337    i.MX_CAN1_Init      can.o
    0x08003908   0x08003908   0x0000003c   Code   RO          377    i.MX_DMA_Init       dma.o
    0x08003944   0x08003944   0x0000005c   Code   RO          215    i.MX_GPIO_Init      gpio.o
    0x080039a0   0x080039a0   0x0000006c   Code   RO          407    i.MX_TIM1_Init      tim.o
    0x08003a0c   0x08003a0c   0x00000038   Code   RO          449    i.MX_USART1_UART_Init  usart.o
    0x08003a44   0x08003a44   0x00000038   Code   RO          450    i.MX_USART2_UART_Init  usart.o
    0x08003a7c   0x08003a7c   0x00000002   Code   RO          501    i.MemManage_Handler  stm32f4xx_it.o
    0x08003a7e   0x08003a7e   0x00000002   Code   RO          502    i.NMI_Handler       stm32f4xx_it.o
    0x08003a80   0x08003a80   0x00000082   Code   RO         3359    i.PID_Calc          caculate.o
    0x08003b02   0x08003b02   0x00000002   Code   RO          503    i.PendSV_Handler    stm32f4xx_it.o
    0x08003b04   0x08003b04   0x00000002   Code   RO          504    i.SVC_Handler       stm32f4xx_it.o
    0x08003b06   0x08003b06   0x00000004   Code   RO          505    i.SysTick_Handler   stm32f4xx_it.o
    0x08003b0a   0x08003b0a   0x00000002   PAD
    0x08003b0c   0x08003b0c   0x00000094   Code   RO           16    i.SystemClock_Config  main.o
    0x08003ba0   0x08003ba0   0x00000010   Code   RO         3322    i.SystemInit        system_stm32f4xx.o
    0x08003bb0   0x08003bb0   0x0000000c   Code   RO          506    i.TIM1_UP_TIM10_IRQHandler  stm32f4xx_it.o
    0x08003bbc   0x08003bbc   0x000000c8   Code   RO         2086    i.TIM_Base_SetConfig  stm32f4xx_hal_tim.o
    0x08003c84   0x08003c84   0x00000014   Code   RO         2097    i.TIM_ETR_SetConfig  stm32f4xx_hal_tim.o
    0x08003c98   0x08003c98   0x00000010   Code   RO         2098    i.TIM_ITRx_SetConfig  stm32f4xx_hal_tim.o
    0x08003ca8   0x08003ca8   0x00000022   Code   RO         2104    i.TIM_TI1_ConfigInputStage  stm32f4xx_hal_tim.o
    0x08003cca   0x08003cca   0x00000024   Code   RO         2106    i.TIM_TI2_ConfigInputStage  stm32f4xx_hal_tim.o
    0x08003cee   0x08003cee   0x00000010   Code   RO         3006    i.UART_DMAAbortOnError  stm32f4xx_hal_uart.o
    0x08003cfe   0x08003cfe   0x0000004a   Code   RO         3007    i.UART_DMAError     stm32f4xx_hal_uart.o
    0x08003d48   0x08003d48   0x00000082   Code   RO         3008    i.UART_DMAReceiveCplt  stm32f4xx_hal_uart.o
    0x08003dca   0x08003dca   0x0000001a   Code   RO         3010    i.UART_DMARxHalfCplt  stm32f4xx_hal_uart.o
    0x08003de4   0x08003de4   0x0000004e   Code   RO         3016    i.UART_EndRxTransfer  stm32f4xx_hal_uart.o
    0x08003e32   0x08003e32   0x0000001c   Code   RO         3017    i.UART_EndTxTransfer  stm32f4xx_hal_uart.o
    0x08003e4e   0x08003e4e   0x000000c0   Code   RO         3018    i.UART_Receive_IT   stm32f4xx_hal_uart.o
    0x08003f0e   0x08003f0e   0x00000002   PAD
    0x08003f10   0x08003f10   0x0000010c   Code   RO         3019    i.UART_SetConfig    stm32f4xx_hal_uart.o
    0x0800401c   0x0800401c   0x00000094   Code   RO         3020    i.UART_Start_Receive_DMA  stm32f4xx_hal_uart.o
    0x080040b0   0x080040b0   0x00000078   Code   RO         3022    i.UART_WaitOnFlagUntilTimeout  stm32f4xx_hal_uart.o
    0x08004128   0x08004128   0x0000000c   Code   RO          507    i.USART1_IRQHandler  stm32f4xx_it.o
    0x08004134   0x08004134   0x00000002   Code   RO          508    i.UsageFault_Handler  stm32f4xx_it.o
    0x08004136   0x08004136   0x00000020   Code   RO         1616    i.__NVIC_SetPriority  stm32f4xx_hal_cortex.o
    0x08004156   0x08004156   0x00000002   PAD
    0x08004158   0x08004158   0x000000f8   Code   RO         3886    i.__hardfp___mathlib_tofloat  m_wm.l(narrow.o)
    0x08004250   0x08004250   0x00000038   Code   RO         3706    i.__hardfp_atof     m_wm.l(atof.o)
    0x08004288   0x08004288   0x000000d0   Code   RO         3946    i.__hardfp_ldexp    m_wm.l(ldexp.o)
    0x08004358   0x08004358   0x00000020   Code   RO         4005    i.__mathlib_dbl_overflow  m_wm.l(dunder.o)
    0x08004378   0x08004378   0x00000020   Code   RO         4007    i.__mathlib_dbl_underflow  m_wm.l(dunder.o)
    0x08004398   0x08004398   0x00000012   Code   RO         3887    i.__mathlib_narrow  m_wm.l(narrow.o)
    0x080043aa   0x080043aa   0x00000014   Code   RO         3948    i.__support_ldexp   m_wm.l(ldexp.o)
    0x080043be   0x080043be   0x0000000e   Code   RO         3768    i._is_digit         c_w.l(scanf_fp.o)
    0x080043cc   0x080043cc   0x00000002   Code   RO         3565    i._sys_exit         uart_printf.o
    0x080043ce   0x080043ce   0x00000002   PAD
    0x080043d0   0x080043d0   0x0000008c   Code   RO         3919    i.frexp             m_wm.l(frexp.o)
    0x0800445c   0x0800445c   0x00000034   Code   RO         3421    i.get_dji_offset    dji.o
    0x08004490   0x08004490   0x0000011c   Code   RO           17    i.main              main.o
    0x080045ac   0x080045ac   0x00000032   Code   RO         3361    i.positionServo     caculate.o
    0x080045de   0x080045de   0x00000002   PAD
    0x080045e0   0x080045e0   0x00000040   Code   RO         3520    i.servo1_maxspeed_to_direction  servo_sm40bl.o
    0x08004620   0x08004620   0x00000048   Code   RO         3521    i.servo1_maxspeed_to_direction_cm  servo_sm40bl.o
    0x08004668   0x08004668   0x00000044   Code   RO         3479    i.set_M2006_position  m2006.o
    0x080046ac   0x080046ac   0x00000010   Code   RO         3480    i.set_M2006_position_cm  m2006.o
    0x080046bc   0x080046bc   0x0000002c   Code   RO         3755    locale$$code        c_w.l(lc_numeric_c.o)
    0x080046e8   0x080046e8   0x0000002c   Code   RO         3864    locale$$code        c_w.l(lc_ctype_c.o)
    0x08004714   0x08004714   0x00000062   Code   RO         3682    x$fpl$d2f           fz_wm.l(d2f.o)
    0x08004776   0x08004776   0x00000002   PAD
    0x08004778   0x08004778   0x00000150   Code   RO         3684    x$fpl$dadd          fz_wm.l(daddsub_clz.o)
    0x080048c8   0x080048c8   0x00000010   Code   RO         4016    x$fpl$dcheck1       fz_wm.l(dcheck1.o)
    0x080048d8   0x080048d8   0x00000018   Code   RO         3942    x$fpl$dcmpinf       fz_wm.l(dcmpi.o)
    0x080048f0   0x080048f0   0x00000078   Code   RO         3913    x$fpl$deqf          fz_wm.l(deqf.o)
    0x08004968   0x08004968   0x0000005a   Code   RO         3694    x$fpl$dfixu         fz_wm.l(dfixu.o)
    0x080049c2   0x080049c2   0x00000002   PAD
    0x080049c4   0x080049c4   0x00000078   Code   RO         3944    x$fpl$dleqf         fz_wm.l(dleqf.o)
    0x08004a3c   0x08004a3c   0x00000154   Code   RO         3704    x$fpl$dmul          fz_wm.l(dmul.o)
    0x08004b90   0x08004b90   0x0000009c   Code   RO         3721    x$fpl$dnaninf       fz_wm.l(dnaninf.o)
    0x08004c2c   0x08004c2c   0x0000000c   Code   RO         3723    x$fpl$dretinf       fz_wm.l(dretinf.o)
    0x08004c38   0x08004c38   0x0000006c   Code   RO         3915    x$fpl$drleqf        fz_wm.l(drleqf.o)
    0x08004ca4   0x08004ca4   0x000001d4   Code   RO         3686    x$fpl$dsub          fz_wm.l(daddsub_clz.o)
    0x08004e78   0x08004e78   0x0000000a   Code   RO         3876    x$fpl$fpinit        fz_wm.l(fpinit.o)
    0x08004e82   0x08004e82   0x0000000a   Code   RO         3725    x$fpl$fretinf       fz_wm.l(fretinf.o)
    0x08004e8c   0x08004e8c   0x00000006   Code   RO         3878    x$fpl$ieeestatus    fz_wm.l(istatus.o)
    0x08004e92   0x08004e92   0x00000064   Code   RO         4018    x$fpl$retnan        fz_wm.l(retnan.o)
    0x08004ef6   0x08004ef6   0x0000005c   Code   RO         3999    x$fpl$scalbn        fz_wm.l(scalbn.o)
    0x08004f52   0x08004f52   0x00000004   Code   RO         3757    x$fpl$scanf1        fz_wm.l(scanf1.o)
    0x08004f56   0x08004f56   0x00000008   Code   RO         3880    x$fpl$scanf2        fz_wm.l(scanf2.o)
    0x08004f5e   0x08004f5e   0x00000030   Code   RO         4020    x$fpl$trapveneer    fz_wm.l(trapv.o)
    0x08004f8e   0x08004f8e   0x00000000   Code   RO         3727    x$fpl$usenofp       fz_wm.l(usenofp.o)
    0x08004f8e   0x08004f8e   0x00000008   Data   RO         1333    .constdata          stm32f4xx_hal_dma.o
    0x08004f96   0x08004f96   0x00000010   Data   RO         3323    .constdata          system_stm32f4xx.o
    0x08004fa6   0x08004fa6   0x00000008   Data   RO         3324    .constdata          system_stm32f4xx.o
    0x08004fae   0x08004fae   0x00000002   PAD
    0x08004fb0   0x08004fb0   0x00000094   Data   RO         3839    .constdata          c_w.l(bigflt0.o)
    0x08005044   0x08005044   0x00000020   Data   RO         4022    Region$$Table       anon$$obj.o
    0x08005064   0x08005064   0x00000008   Data   RO         3872    c$$dinf             fz_wm.l(fpconst.o)
    0x0800506c   0x0800506c   0x00000008   Data   RO         3875    c$$dmax             fz_wm.l(fpconst.o)
    0x08005074   0x08005074   0x0000001c   Data   RO         3754    locale$$data        c_w.l(lc_numeric_c.o)
    0x08005090   0x08005090   0x00000110   Data   RO         3863    locale$$data        c_w.l(lc_ctype_c.o)


    Execution Region RW_IRAM1 (Exec base: 0x20000000, Load base: 0x080051a0, Size: 0x00000cd8, Max: 0x0001c000, ABSOLUTE)

    Exec Addr    Load Addr    Size         Type   Attr      Idx    E Section Name        Object

    0x20000000   0x080051a0   0x00000018   Data   RW           19    .data               main.o
    0x20000018   0x080051b8   0x0000000c   Data   RW         1760    .data               stm32f4xx_hal.o
    0x20000024   0x080051c4   0x00000004   Data   RW         3325    .data               system_stm32f4xx.o
    0x20000028   0x080051c8   0x00000004   Data   RW         3423    .data               dji.o
    0x2000002c   0x080051cc   0x00000008   Data   RW         3605    .data               wtr_can.o
    0x20000034        -       0x0000000a   Zero   RW           18    .bss                main.o
    0x2000003e   0x080051d4   0x00000002   PAD
    0x20000040        -       0x00000028   Zero   RW          338    .bss                can.o
    0x20000068        -       0x00000048   Zero   RW          408    .bss                tim.o
    0x200000b0        -       0x00000148   Zero   RW          451    .bss                usart.o
    0x200001f8        -       0x00000480   Zero   RW         3422    .bss                dji.o
    0x20000678        -       0x00000060   Zero   RW         3760    .bss                c_w.l(libspace.o)
    0x200006d8        -       0x00000200   Zero   RW            2    HEAP                startup_stm32f407xx.o
    0x200008d8        -       0x00000400   Zero   RW            1    STACK               startup_stm32f407xx.o


    Execution Region RW_IRAM2 (Exec base: 0x2001c000, Load base: 0x080051d4, Size: 0x00000000, Max: 0x00004000, ABSOLUTE)

    **** No section assigned to this execution region ****


==============================================================================

Image component sizes


      Code (inc. data)   RO Data    RW Data    ZI Data      Debug   Object Name

       180          0          0          0          0       2298   caculate.o
       188         22          0          0         40       1613   can.o
       560         64          0          4       1152       4406   dji.o
        60          4          0          0          0        746   dma.o
        92          8          0          0          0     696747   gpio.o
       148         24          0          0          0       2039   m2006.o
       656         94          0         24         10     686485   main.o
       136         38          0          0          0       1201   servo_sm40bl.o
        64         26        392          0       1536        832   startup_stm32f407xx.o
       144         24          0         12          0       8641   stm32f4xx_hal.o
      1702          6          0          0          0      14617   stm32f4xx_hal_can.o
       198         14          0          0          0      33847   stm32f4xx_hal_cortex.o
      1084         16          8          0          0       7178   stm32f4xx_hal_dma.o
       506         46          0          0          0       2132   stm32f4xx_hal_gpio.o
        48          6          0          0          0        818   stm32f4xx_hal_msp.o
      1344         72          0          0          0       5120   stm32f4xx_hal_rcc.o
      1110         72          0          0          0       9893   stm32f4xx_hal_tim.o
       148         28          0          0          0       2377   stm32f4xx_hal_tim_ex.o
      2066         30          0          0          0      14509   stm32f4xx_hal_uart.o
        80         30          0          0          0       6287   stm32f4xx_it.o
        16          4         24          4          0       1067   system_stm32f4xx.o
       168         20          0          0         72       1670   tim.o
         2          0          0          0          0        436   uart_printf.o
       412         40          0          0        328       2521   usart.o
       158         12          0          8          0       2209   wtr_can.o

    ----------------------------------------------------------------------
     11304        700        458         52       3140    1509689   Object Totals
         0          0         32          0          0          0   (incl. Generated)
        34          0          2          0          2          0   (incl. Padding)

    ----------------------------------------------------------------------

      Code (inc. data)   RO Data    RW Data    ZI Data      Debug   Library Member Name

         8          0          0          0          0         68   __main.o
         0          0          0          0          0          0   __rtentry.o
        12          0          0          0          0          0   __rtentry2.o
         6          0          0          0          0          0   __rtentry4.o
        52          8          0          0          0          0   __scatter.o
        26          0          0          0          0          0   __scatter_copy.o
        28          0          0          0          0          0   __scatter_zi.o
        28          0          0          0          0         68   _chval.o
        22          0          0          0          0        100   _rserrno.o
        64          0          0          0          0         84   _sgetc.o
       228          4        148          0          0         96   bigflt0.o
      1924        136          0          0          0        756   btod.o
        18          0          0          0          0         80   exit.o
         6          0          0          0          0        152   heapauxi.o
        18          0          0          0          0         76   isspace.o
        44         10        272          0          0         76   lc_ctype_c.o
        44         10         28          0          0         76   lc_numeric_c.o
         2          0          0          0          0          0   libinit.o
        34          0          0          0          0          0   libinit2.o
         2          0          0          0          0          0   libshutdown.o
         2          0          0          0          0          0   libshutdown2.o
         8          4          0          0         96         68   libspace.o
        38          0          0          0          0         68   llshl.o
       238          0          0          0          0        100   lludivv7m.o
        16          4          0          0          0         76   rt_ctype_table.o
         8          4          0          0          0         68   rt_errno_addr_intlibspace.o
         8          4          0          0          0         68   rt_locale_intlibspace.o
        78          0          0          0          0         80   rt_memclr_w.o
         2          0          0          0          0          0   rtexit.o
        10          0          0          0          0          0   rtexit2.o
      1286         16          0          0          0        236   scanf_fp.o
       800         14          0          0          0        100   scanf_hexfp.o
       308         16          0          0          0        100   scanf_infnan.o
       128          0          0          0          0         68   strcmpv7m.o
       164         14          0          0          0        120   strtod.o
        74          0          0          0          0         80   sys_stackheap_outer.o
        98          4          0          0          0        140   d2f.o
       804         16          0          0          0        368   daddsub_clz.o
        16          4          0          0          0        116   dcheck1.o
        24          0          0          0          0        116   dcmpi.o
       120          4          0          0          0        140   deqf.o
        90          4          0          0          0        140   dfixu.o
       120          4          0          0          0        140   dleqf.o
       340         12          0          0          0        152   dmul.o
       156          4          0          0          0        140   dnaninf.o
        12          0          0          0          0        116   dretinf.o
       108          0          0          0          0        128   drleqf.o
         0          0         16          0          0          0   fpconst.o
        10          0          0          0          0        116   fpinit.o
        10          0          0          0          0        116   fretinf.o
         6          0          0          0          0        116   istatus.o
       100          0          0          0          0        116   retnan.o
        92          0          0          0          0        116   scalbn.o
         4          0          0          0          0        116   scanf1.o
         8          0          0          0          0        132   scanf2.o
        48          0          0          0          0        116   trapv.o
         0          0          0          0          0          0   usenofp.o
        56         12          0          0          0        132   atof.o
        64         16          0          0          0        248   dunder.o
       140         22          0          0          0        132   frexp.o
       228          8          0          0          0        308   ldexp.o
       266         16          0          0          0        308   narrow.o

    ----------------------------------------------------------------------
      8670        372        464          0         96       6632   Library Totals
        16          2          0          0          0          0   (incl. Padding)

    ----------------------------------------------------------------------

      Code (inc. data)   RO Data    RW Data    ZI Data      Debug   Library Name

      5734        244        448          0         96       2864   c_w.l
      2166         52         16          0          0       2640   fz_wm.l
       754         74          0          0          0       1128   m_wm.l

    ----------------------------------------------------------------------
      8670        372        464          0         96       6632   Library Totals

    ----------------------------------------------------------------------

==============================================================================


      Code (inc. data)   RO Data    RW Data    ZI Data      Debug   

     19974       1072        922         52       3236    1501165   Grand Totals
     19974       1072        922         52       3236    1501165   ELF Image Totals
     19974       1072        922         52          0          0   ROM Totals

==============================================================================

    Total RO  Size (Code + RO Data)                20896 (  20.41kB)
    Total RW  Size (RW Data + ZI Data)              3288 (   3.21kB)
    Total ROM Size (Code + RO Data + RW Data)      20948 (  20.46kB)

==============================================================================

