Component: ARM Compiler 5.06 update 7 (build 960) Tool: armlink [4d3601]

==============================================================================

Section Cross References

    startup_stm32f103xb.o(STACK) refers (Special) to heapauxi.o(.text) for __use_two_region_memory
    startup_stm32f103xb.o(HEAP) refers (Special) to heapauxi.o(.text) for __use_two_region_memory
    startup_stm32f103xb.o(RESET) refers (Special) to heapauxi.o(.text) for __use_two_region_memory
    startup_stm32f103xb.o(RESET) refers to startup_stm32f103xb.o(STACK) for __initial_sp
    startup_stm32f103xb.o(RESET) refers to startup_stm32f103xb.o(.text) for Reset_Handler
    startup_stm32f103xb.o(RESET) refers to stm32f1xx_it.o(i.NMI_Handler) for NMI_Handler
    startup_stm32f103xb.o(RESET) refers to stm32f1xx_it.o(i.HardFault_Handler) for HardFault_Handler
    startup_stm32f103xb.o(RESET) refers to stm32f1xx_it.o(i.MemManage_Handler) for MemManage_Handler
    startup_stm32f103xb.o(RESET) refers to stm32f1xx_it.o(i.BusFault_Handler) for BusFault_Handler
    startup_stm32f103xb.o(RESET) refers to stm32f1xx_it.o(i.UsageFault_Handler) for UsageFault_Handler
    startup_stm32f103xb.o(RESET) refers to stm32f1xx_it.o(i.SVC_Handler) for SVC_Handler
    startup_stm32f103xb.o(RESET) refers to stm32f1xx_it.o(i.DebugMon_Handler) for DebugMon_Handler
    startup_stm32f103xb.o(RESET) refers to stm32f1xx_it.o(i.PendSV_Handler) for PendSV_Handler
    startup_stm32f103xb.o(RESET) refers to stm32f1xx_it.o(i.SysTick_Handler) for SysTick_Handler
    startup_stm32f103xb.o(RESET) refers to stm32f1xx_it.o(i.DMA1_Channel4_IRQHandler) for DMA1_Channel4_IRQHandler
    startup_stm32f103xb.o(RESET) refers to stm32f1xx_it.o(i.DMA1_Channel5_IRQHandler) for DMA1_Channel5_IRQHandler
    startup_stm32f103xb.o(RESET) refers to stm32f1xx_it.o(i.USB_LP_CAN1_RX0_IRQHandler) for USB_LP_CAN1_RX0_IRQHandler
    startup_stm32f103xb.o(RESET) refers to stm32f1xx_it.o(i.TIM2_IRQHandler) for TIM2_IRQHandler
    startup_stm32f103xb.o(RESET) refers to stm32f1xx_it.o(i.USART1_IRQHandler) for USART1_IRQHandler
    startup_stm32f103xb.o(.text) refers (Special) to heapauxi.o(.text) for __use_two_region_memory
    startup_stm32f103xb.o(.text) refers to system_stm32f1xx.o(i.SystemInit) for SystemInit
    startup_stm32f103xb.o(.text) refers to __main.o(!!!main) for __main
    startup_stm32f103xb.o(.text) refers to startup_stm32f103xb.o(HEAP) for Heap_Mem
    startup_stm32f103xb.o(.text) refers to startup_stm32f103xb.o(STACK) for Stack_Mem
    main.o(i.HAL_UARTEx_RxEventCallback) refers to atof.o(i.atof) for atof
    main.o(i.HAL_UARTEx_RxEventCallback) refers to stm32f1xx_hal_uart.o(i.HAL_UARTEx_ReceiveToIdle_DMA) for HAL_UARTEx_ReceiveToIdle_DMA
    main.o(i.HAL_UARTEx_RxEventCallback) refers to usart.o(.bss) for huart1
    main.o(i.HAL_UARTEx_RxEventCallback) refers to main.o(.bss) for .bss
    main.o(i.HAL_UARTEx_RxEventCallback) refers to main.o(.data) for .data
    main.o(i.MiAngleControlOff) refers to dflt_clz.o(x$fpl$dflt) for __aeabi_i2d
    main.o(i.MiAngleControlOff) refers to ddiv.o(x$fpl$ddiv) for __aeabi_ddiv
    main.o(i.MiAngleControlOff) refers to dmul.o(x$fpl$dmul) for __aeabi_dmul
    main.o(i.MiAngleControlOff) refers to d2f.o(x$fpl$d2f) for __aeabi_d2f
    main.o(i.MiAngleControlOff) refers to f2d.o(x$fpl$f2d) for __aeabi_f2d
    main.o(i.MiAngleControlOff) refers to faddsub_clz.o(x$fpl$fsub) for __aeabi_fsub
    main.o(i.MiAngleControlOff) refers to motor.o(i.motor_controlmode) for motor_controlmode
    main.o(i.MiAngleControlOff) refers to daddsub_clz.o(x$fpl$dsub) for __aeabi_dsub
    main.o(i.MiAngleControlOff) refers to stm32f1xx_hal.o(i.HAL_Delay) for HAL_Delay
    main.o(i.MiAngleControlOff) refers to motor.o(.bss) for mi_motor
    main.o(i.MiAngleControlOff) refers to main.o(.data) for .data
    main.o(i.MiAngleControlOn) refers to dflt_clz.o(x$fpl$dflt) for __aeabi_i2d
    main.o(i.MiAngleControlOn) refers to ddiv.o(x$fpl$ddiv) for __aeabi_ddiv
    main.o(i.MiAngleControlOn) refers to dmul.o(x$fpl$dmul) for __aeabi_dmul
    main.o(i.MiAngleControlOn) refers to d2f.o(x$fpl$d2f) for __aeabi_d2f
    main.o(i.MiAngleControlOn) refers to f2d.o(x$fpl$f2d) for __aeabi_f2d
    main.o(i.MiAngleControlOn) refers to faddsub_clz.o(x$fpl$fsub) for __aeabi_fsub
    main.o(i.MiAngleControlOn) refers to motor.o(i.motor_controlmode) for motor_controlmode
    main.o(i.MiAngleControlOn) refers to daddsub_clz.o(x$fpl$dsub) for __aeabi_dsub
    main.o(i.MiAngleControlOn) refers to stm32f1xx_hal.o(i.HAL_Delay) for HAL_Delay
    main.o(i.MiAngleControlOn) refers to motor.o(.bss) for mi_motor
    main.o(i.MiAngleControlOn) refers to main.o(.data) for .data
    main.o(i.SystemClock_Config) refers to rt_memclr_w.o(.text) for __aeabi_memclr4
    main.o(i.SystemClock_Config) refers to stm32f1xx_hal_rcc.o(i.HAL_RCC_OscConfig) for HAL_RCC_OscConfig
    main.o(i.SystemClock_Config) refers to stm32f1xx_hal_rcc.o(i.HAL_RCC_ClockConfig) for HAL_RCC_ClockConfig
[...]
    i.__mathlib_narrow                       0x080040c8   Section        0  narrow.o(i.__mathlib_narrow)
    i.__mathlib_tofloat                      0x080040d8   Section        0  narrow.o(i.__mathlib_tofloat)
    i.__support_ldexp                        0x08004194   Section        0  ldexp.o(i.__support_ldexp)
    i._is_digit                              0x080041aa   Section        0  scanf_fp.o(i._is_digit)
    i.atof                                   0x080041b8   Section        0  atof.o(i.atof)
    i.bujin                                  0x080041e4   Section        0  main.o(i.bujin)
    i.float_to_uint                          0x080042fc   Section        0  motor.o(i.float_to_uint)
    float_to_uint                            0x080042fd   Thumb Code    86  motor.o(i.float_to_uint)
    i.frexp                                  0x08004354   Section        0  frexp.o(i.frexp)
    i.get                                    0x080043ac   Section        0  main.o(i.get)
    i.init_cybergear                         0x08004400   Section        0  motor.o(i.init_cybergear)
    i.ldexp                                  0x08004430   Section        0  ldexp.o(i.ldexp)
    i.main                                   0x080044a4   Section        0  main.o(i.main)
    i.motor_controlmode                      0x08004618   Section        0  motor.o(i.motor_controlmode)
    i.place                                  0x08004714   Section        0  main.o(i.place)
    i.set_mode_cybergear                     0x08004788   Section        0  motor.o(i.set_mode_cybergear)
    i.set_zeropos_cybergear                  0x080047a4   Section        0  motor.o(i.set_zeropos_cybergear)
    i.start_cybergear                        0x080047d4   Section        0  motor.o(i.start_cybergear)
    i.uint16_to_float                        0x08004800   Section        0  motor.o(i.uint16_to_float)
    uint16_to_float                          0x08004801   Thumb Code    58  motor.o(i.uint16_to_float)
    locale$$code                             0x0800483c   Section       44  lc_numeric_c.o(locale$$code)
    locale$$code                             0x08004868   Section       44  lc_ctype_c.o(locale$$code)
    x$fpl$d2f                                0x08004894   Section       98  d2f.o(x$fpl$d2f)
    x$fpl$dadd                               0x080048f8   Section      336  daddsub_clz.o(x$fpl$dadd)
    _dadd1                                   0x08004909   Thumb Code     0  daddsub_clz.o(x$fpl$dadd)
    x$fpl$dcheck1                            0x08004a48   Section       16  dcheck1.o(x$fpl$dcheck1)
    x$fpl$dcmpinf                            0x08004a58   Section       24  dcmpi.o(x$fpl$dcmpinf)
    x$fpl$ddiv                               0x08004a70   Section      688  ddiv.o(x$fpl$ddiv)
    ddiv_entry                               0x08004a77   Thumb Code     0  ddiv.o(x$fpl$ddiv)
    x$fpl$deqf                               0x08004d20   Section      120  deqf.o(x$fpl$deqf)
    x$fpl$dfix                               0x08004d98   Section       94  dfix.o(x$fpl$dfix)
    x$fpl$dflt                               0x08004df6   Section       46  dflt_clz.o(x$fpl$dflt)
    x$fpl$dfltu                              0x08004e24   Section       38  dflt_clz.o(x$fpl$dfltu)
    x$fpl$dleqf                              0x08004e4c   Section      120  dleqf.o(x$fpl$dleqf)
    x$fpl$dmul                               0x08004ec4   Section      340  dmul.o(x$fpl$dmul)
    x$fpl$dnaninf                            0x08005018   Section      156  dnaninf.o(x$fpl$dnaninf)
    x$fpl$dretinf                            0x080050b4   Section       12  dretinf.o(x$fpl$dretinf)
    x$fpl$drleqf                             0x080050c0   Section      108  drleqf.o(x$fpl$drleqf)
    x$fpl$drsb                               0x0800512c   Section       22  daddsub_clz.o(x$fpl$drsb)
    x$fpl$dsub                               0x08005144   Section      468  daddsub_clz.o(x$fpl$dsub)
    _dsub1                                   0x08005155   Thumb Code     0  daddsub_clz.o(x$fpl$dsub)
    x$fpl$f2d                                0x08005318   Section       86  f2d.o(x$fpl$f2d)
    x$fpl$fadd                               0x08005370   Section      196  faddsub_clz.o(x$fpl$fadd)
    _fadd1                                   0x0800537f   Thumb Code     0  faddsub_clz.o(x$fpl$fadd)
    x$fpl$fcmpinf                            0x08005434   Section       24  fcmpi.o(x$fpl$fcmpinf)
    x$fpl$fdiv                               0x0800544c   Section      388  fdiv.o(x$fpl$fdiv)
    _fdiv1                                   0x0800544d   Thumb Code     0  fdiv.o(x$fpl$fdiv)
    x$fpl$ffix                               0x080055d0   Section       54  ffix.o(x$fpl$ffix)
    x$fpl$ffixu                              0x08005608   Section       62  ffixu.o(x$fpl$ffixu)
    x$fpl$fflt                               0x08005648   Section       48  fflt_clz.o(x$fpl$fflt)
    x$fpl$ffltu                              0x08005678   Section       38  fflt_clz.o(x$fpl$ffltu)
    x$fpl$fleqf                              0x080056a0   Section      104  fleqf.o(x$fpl$fleqf)
    x$fpl$fmul                               0x08005708   Section      258  fmul.o(x$fpl$fmul)
    x$fpl$fnaninf                            0x0800580a   Section      140  fnaninf.o(x$fpl$fnaninf)
    x$fpl$fretinf                            0x08005896   Section       10  fretinf.o(x$fpl$fretinf)
    x$fpl$frleqf                             0x080058a0   Section       98  frleqf.o(x$fpl$frleqf)
    x$fpl$fsub                               0x08005904   Section      234  faddsub_clz.o(x$fpl$fsub)
    _fsub1                                   0x08005913   Thumb Code     0  faddsub_clz.o(x$fpl$fsub)
    x$fpl$ieeestatus                         0x080059ee   Section        6  istatus.o(x$fpl$ieeestatus)
    x$fpl$retnan                             0x080059f4   Section      100  retnan.o(x$fpl$retnan)
    x$fpl$scalbn                             0x08005a58   Section       92  scalbn.o(x$fpl$scalbn)
    x$fpl$scanf1                             0x08005ab4   Section        4  scanf1.o(x$fpl$scanf1)
    x$fpl$scanf2                             0x08005ab8   Section        8  scanf2.o(x$fpl$scanf2)
    x$fpl$trapveneer                         0x08005ac0   Section       48  trapv.o(x$fpl$trapveneer)
    .constdata                               0x08005af0   Section       18  stm32f1xx_hal_rcc.o(.constdata)
    x$fpl$usenofp                            0x08005af0   Section        0  usenofp.o(x$fpl$usenofp)
    aPredivFactorTable                       0x08005af0   Data           2  stm32f1xx_hal_rcc.o(.constdata)
    aPLLMULFactorTable                       0x08005af2   Data          16  stm32f1xx_hal_rcc.o(.constdata)
    .constdata                               0x08005b02   Section       16  system_stm32f1xx.o(.constdata)
    .constdata                               0x08005b12   Section        8  system_stm32f1xx.o(.constdata)
    .constdata                               0x08005b1c   Section      148  bigflt0.o(.constdata)
    tenpwrs_x                                0x08005b1c   Data          60  bigflt0.o(.constdata)
    tenpwrs_i                                0x08005b58   Data          64  bigflt0.o(.constdata)
    c$$dinf                                  0x08005bd0   Section        8  fpconst.o(c$$dinf)
    c$$dmax                                  0x08005bd8   Section        8  fpconst.o(c$$dmax)
    locale$$data                             0x08005be0   Section       28  lc_numeric_c.o(locale$$data)
    __lcnum_c_name                           0x08005be4   Data           2  lc_numeric_c.o(locale$$data)
    __lcnum_c_start                          0x08005bec   Data           0  lc_numeric_c.o(locale$$data)
    __lcnum_c_point                          0x08005bf8   Data           0  lc_numeric_c.o(locale$$data)
    __lcnum_c_thousands                      0x08005bfa   Data           0  lc_numeric_c.o(locale$$data)
    __lcnum_c_grouping                       0x08005bfb   Data           0  lc_numeric_c.o(locale$$data)
    locale$$data                             0x08005bfc   Section      272  lc_ctype_c.o(locale$$data)
    __lcnum_c_end                            0x08005bfc   Data           0  lc_numeric_c.o(locale$$data)
    __lcctype_c_name                         0x08005c00   Data           2  lc_ctype_c.o(locale$$data)
    __lcctype_c_start                        0x08005c08   Data           0  lc_ctype_c.o(locale$$data)
    __lcctype_c_end                          0x08005d0c   Data           0  lc_ctype_c.o(locale$$data)
    .data                                    0x20000000   Section       24  main.o(.data)
    .data                                    0x20000018   Section       12  stm32f1xx_hal.o(.data)
    .data                                    0x20000024   Section        4  system_stm32f1xx.o(.data)
    .data                                    0x20000028   Section       32  motor.o(.data)
    .bss                                     0x20000048   Section       10  main.o(.bss)
    .bss                                     0x20000054   Section       40  can.o(.bss)
    .bss                                     0x2000007c   Section      216  tim.o(.bss)
    .bss                                     0x20000154   Section      208  usart.o(.bss)
    .bss                                     0x20000224   Section      180  motor.o(.bss)
    .bss                                     0x200002d8   Section       96  libspace.o(.bss)
    HEAP                                     0x20000338   Section      512  startup_stm32f103xb.o(HEAP)
    Heap_Mem                                 0x20000338   Data         512  startup_stm32f103xb.o(HEAP)
    STACK                                    0x20000538   Section     1024  startup_stm32f103xb.o(STACK)
    Stack_Mem                                0x20000538   Data        1024  startup_stm32f103xb.o(STACK)
    __initial_sp                             0x20000938   Data           0  startup_stm32f103xb.o(STACK)

    Global Symbols

    Symbol Name                              Value     Ov Type        Size  Object(Section)

    BuildAttributes$$THM_ISAv4$P$D$K$B$S$PE$A:L22UL41UL21$X:L11$S22US41US21$IEEE1$IW$USESV6$~STKCKD$USESV7$~SHL$OTIME$ROPI$IEEEX$EBA8$UX$STANDARDLIB$REQ8$PRES8$EABIv2 0x00000000   Number         0  anon$$obj.o ABSOLUTE
    __ARM_use_no_argv                        0x00000000   Number         0  main.o ABSOLUTE
    __ARM_exceptions_init                     - Undefined Weak Reference
    __alloca_initialize                       - Undefined Weak Reference
    __arm_fini_                               - Undefined Weak Reference
    __arm_preinit_                            - Undefined Weak Reference
    __cpp_initialize__aeabi_                  - Undefined Weak Reference
    __cxa_finalize                            - Undefined Weak Reference
    __sigvec_lookup                           - Undefined Weak Reference
    _atexit_init                              - Undefined Weak Reference
    _call_atexit_fns                          - Undefined Weak Reference
    _clock_init                               - Undefined Weak Reference
    _fp_trap_init                             - Undefined Weak Reference
    _fp_trap_shutdown                         - Undefined Weak Reference
    _get_lc_collate                           - Undefined Weak Reference
    _get_lc_monetary                          - Undefined Weak Reference
    _get_lc_time                              - Undefined Weak Reference
    _getenv_init                              - Undefined Weak Reference
    _handle_redirection                       - Undefined Weak Reference
    _init_alloc                               - Undefined Weak Reference
    _init_user_alloc                          - Undefined Weak Reference
    _initio                                   - Undefined Weak Reference
    _rand_init                                - Undefined Weak Reference
    _signal_finish                            - Undefined Weak Reference
    _signal_init                              - Undefined Weak Reference
    _terminate_alloc                          - Undefined Weak Reference
    _terminate_user_alloc                     - Undefined Weak Reference
    _terminateio                              - Undefined Weak Reference
    __Vectors_Size                           0x000000ec   Number         0  startup_stm32f103xb.o ABSOLUTE
    __Vectors                                0x08000000   Data           4  startup_stm32f103xb.o(RESET)
    __Vectors_End                            0x080000ec   Data           0  startup_stm32f103xb.o(RESET)
    __main                                   0x080000ed   Thumb Code     8  __main.o(!!!main)
    __scatterload                            0x080000f5   Thumb Code     0  __scatter.o(!!!scatter)
    __scatterload_rt2                        0x080000f5   Thumb Code    44  __scatter.o(!!!scatter)
    __scatterload_rt2_thumb_only             0x080000f5   Thumb Code     0  __scatter.o(!!!scatter)
    __scatterload_null                       0x08000103   Thumb Code     0  __scatter.o(!!!scatter)
    __scatterload_copy                       0x08000129   Thumb Code    26  __scatter_copy.o(!!handler_copy)
    __scatterload_zeroinit                   0x08000145   Thumb Code    28  __scatter_zi.o(!!handler_zi)
    __rt_lib_init                            0x08000161   Thumb Code     0  libinit.o(.ARM.Collect$$libinit$$00000000)
    __rt_lib_init_fp_1                       0x08000163   Thumb Code     0  libinit2.o(.ARM.Collect$$libinit$$00000002)
    __rt_lib_init_heap_1                     0x08000163   Thumb Code     0  libinit2.o(.ARM.Collect$$libinit$$0000000A)
    __rt_lib_init_lc_common                  0x08000163   Thumb Code     0  libinit2.o(.ARM.Collect$$libinit$$0000000F)
    __rt_lib_init_preinit_1                  0x08000163   Thumb Code     0  libinit2.o(.ARM.Collect$$libinit$$00000004)
    __rt_lib_init_rand_1                     0x08000163   Thumb Code     0  libinit2.o(.ARM.Collect$$libinit$$0000000E)
    __rt_lib_init_user_alloc_1               0x08000163   Thumb Code     0  libinit2.o(.ARM.Collect$$libinit$$0000000C)
    __rt_lib_init_lc_collate_1               0x08000169   Thumb Code     0  libinit2.o(.ARM.Collect$$libinit$$00000011)
    __rt_lib_init_lc_ctype_2                 0x08000169   Thumb Code     0  libinit2.o(.ARM.Collect$$libinit$$00000012)
    __rt_lib_init_lc_ctype_1                 0x08000175   Thumb Code     0  libinit2.o(.ARM.Collect$$libinit$$00000013)
    __rt_lib_init_lc_monetary_1              0x08000175   Thumb Code     0  libinit2.o(.ARM.Collect$$libinit$$00000015)
    __rt_lib_init_lc_numeric_2               0x08000175   Thumb Code     0  libinit2.o(.ARM.Collect$$libinit$$00000016)
    __rt_lib_init_alloca_1                   0x0800017f   Thumb Code     0  libinit2.o(.ARM.Collect$$libinit$$0000002E)
    __rt_lib_init_argv_1                     0x0800017f   Thumb Code     0  libinit2.o(.ARM.Collect$$libinit$$0000002C)
    __rt_lib_init_atexit_1                   0x0800017f   Thumb Code     0  libinit2.o(.ARM.Collect$$libinit$$0000001B)
    __rt_lib_init_clock_1                    0x0800017f   Thumb Code     0  libinit2.o(.ARM.Collect$$libinit$$00000021)
    __rt_lib_init_cpp_1                      0x0800017f   Thumb Code     0  libinit2.o(.ARM.Collect$$libinit$$00000032)
    __rt_lib_init_exceptions_1               0x0800017f   Thumb Code     0  libinit2.o(.ARM.Collect$$libinit$$00000030)
    __rt_lib_init_fp_trap_1                  0x0800017f   Thumb Code     0  libinit2.o(.ARM.Collect$$libinit$$0000001F)
    __rt_lib_init_getenv_1                   0x0800017f   Thumb Code     0  libinit2.o(.ARM.Collect$$libinit$$00000023)
    __rt_lib_init_lc_numeric_1               0x0800017f   Thumb Code     0  libinit2.o(.ARM.Collect$$libinit$$00000017)
    __rt_lib_init_lc_time_1                  0x0800017f   Thumb Code     0  libinit2.o(.ARM.Collect$$libinit$$00000019)
    __rt_lib_init_return                     0x0800017f   Thumb Code     0  libinit2.o(.ARM.Collect$$libinit$$00000033)
    __rt_lib_init_signal_1                   0x0800017f   Thumb Code     0  libinit2.o(.ARM.Collect$$libinit$$0000001D)
    __rt_lib_init_stdio_1                    0x0800017f   Thumb Code     0  libinit2.o(.ARM.Collect$$libinit$$00000025)
    __rt_lib_shutdown                        0x08000181   Thumb Code     0  libshutdown.o(.ARM.Collect$$libshutdown$$00000000)
    __rt_lib_shutdown_cpp_1                  0x08000183   Thumb Code     0  libshutdown2.o(.ARM.Collect$$libshutdown$$00000004)
    __rt_lib_shutdown_fini_1                 0x08000183   Thumb Code     0  libshutdown2.o(.ARM.Collect$$libshutdown$$00000002)
    __rt_lib_shutdown_fp_trap_1              0x08000183   Thumb Code     0  libshutdown2.o(.ARM.Collect$$libshutdown$$00000009)
    __rt_lib_shutdown_heap_1                 0x08000183   Thumb Code     0  libshutdown2.o(.ARM.Collect$$libshutdown$$00000011)
    __rt_lib_shutdown_return                 0x08000183   Thumb Code     0  libshutdown2.o(.ARM.Collect$$libshutdown$$00000012)
    __rt_lib_shutdown_signal_1               0x08000183   Thumb Code     0  libshutdown2.o(.ARM.Collect$$libshutdown$$0000000C)
    __rt_lib_shutdown_stdio_1                0x08000183   Thumb Code     0  libshutdown2.o(.ARM.Collect$$libshutdown$$00000006)
    __rt_lib_shutdown_user_alloc_1           0x08000183   Thumb Code     0  libshutdown2.o(.ARM.Collect$$libshutdown$$0000000E)
    __rt_entry                               0x08000185   Thumb Code     0  __rtentry.o(.ARM.Collect$$rtentry$$00000000)
    __rt_entry_presh_1                       0x08000185   Thumb Code     0  __rtentry2.o(.ARM.Collect$$rtentry$$00000002)
    __rt_entry_sh                            0x08000185   Thumb Code     0  __rtentry4.o(.ARM.Collect$$rtentry$$00000004)
    __rt_entry_li                            0x0800018b   Thumb Code     0  __rtentry2.o(.ARM.Collect$$rtentry$$0000000A)
    __rt_entry_postsh_1                      0x0800018b   Thumb Code     0  __rtentry2.o(.ARM.Collect$$rtentry$$00000009)
    __rt_entry_main                          0x0800018f   Thumb Code     0  __rtentry2.o(.ARM.Collect$$rtentry$$0000000D)
    __rt_entry_postli_1                      0x0800018f   Thumb Code     0  __rtentry2.o(.ARM.Collect$$rtentry$$0000000C)
    __rt_exit                                0x08000197   Thumb Code     0  rtexit.o(.ARM.Collect$$rtexit$$00000000)
    __rt_exit_ls                             0x08000199   Thumb Code     0  rtexit2.o(.ARM.Collect$$rtexit$$00000003)
    __rt_exit_prels_1                        0x08000199   Thumb Code     0  rtexit2.o(.ARM.Collect$$rtexit$$00000002)
    __rt_exit_exit                           0x0800019d   Thumb Code     0  rtexit2.o(.ARM.Collect$$rtexit$$00000004)
    Reset_Handler                            0x080001a5   Thumb Code     8  startup_stm32f103xb.o(.text)
    ADC1_2_IRQHandler                        0x080001bf   Thumb Code     0  startup_stm32f103xb.o(.text)
    CAN1_RX1_IRQHandler                      0x080001bf   Thumb Code     0  startup_stm32f103xb.o(.text)
    CAN1_SCE_IRQHandler                      0x080001bf   Thumb Code     0  startup_stm32f103xb.o(.text)
    DMA1_Channel1_IRQHandler                 0x080001bf   Thumb Code     0  startup_stm32f103xb.o(.text)
    DMA1_Channel2_IRQHandler                 0x080001bf   Thumb Code     0  startup_stm32f103xb.o(.text)
    DMA1_Channel3_IRQHandler                 0x080001bf   Thumb Code     0  startup_stm32f103xb.o(.text)
    DMA1_Channel6_IRQHandler                 0x080001bf   Thumb Code     0  startup_stm32f103xb.o(.text)
    DMA1_Channel7_IRQHandler                 0x080001bf   Thumb Code     0  startup_stm32f103xb.o(.text)
    EXTI0_IRQHandler                         0x080001bf   Thumb Code     0  startup_stm32f103xb.o(.text)
    EXTI15_10_IRQHandler                     0x080001bf   Thumb Code     0  startup_stm32f103xb.o(.text)
    EXTI1_IRQHandler                         0x080001bf   Thumb Code     0  startup_stm32f103xb.o(.text)
    EXTI2_IRQHandler                         0x080001bf   Thumb Code     0  startup_stm32f103xb.o(.text)
    EXTI3_IRQHandler                         0x080001bf   Thumb Code     0  startup_stm32f103xb.o(.text)
    EXTI4_IRQHandler                         0x080001bf   Thumb Code     0  startup_stm32f103xb.o(.text)
    EXTI9_5_IRQHandler                       0x080001bf   Thumb Code     0  startup_stm32f103xb.o(.text)
    FLASH_IRQHandler                         0x080001bf   Thumb Code     0  startup_stm32f103xb.o(.text)
    I2C1_ER_IRQHandler                       0x080001bf   Thumb Code     0  startup_stm32f103xb.o(.text)
    I2C1_EV_IRQHandler                       0x080001bf   Thumb Code     0  startup_stm32f103xb.o(.text)
    I2C2_ER_IRQHandler                       0x080001bf   Thumb Code     0  startup_stm32f103xb.o(.text)
    I2C2_EV_IRQHandler                       0x080001bf   Thumb Code     0  startup_stm32f103xb.o(.text)
    PVD_IRQHandler                           0x080001bf   Thumb Code     0  startup_stm32f103xb.o(.text)
    RCC_IRQHandler                           0x080001bf   Thumb Code     0  startup_stm32f103xb.o(.text)
    RTC_Alarm_IRQHandler                     0x080001bf   Thumb Code     0  startup_stm32f103xb.o(.text)
    RTC_IRQHandler                           0x080001bf   Thumb Code     0  startup_stm32f103xb.o(.text)
    SPI1_IRQHandler                          0x080001bf   Thumb Code     0  startup_stm32f103xb.o(.text)
    SPI2_IRQHandler                          0x080001bf   Thumb Code     0  startup_stm32f103xb.o(.text)
    TAMPER_IRQHandler                        0x080001bf   Thumb Code     0  startup_stm32f103xb.o(.text)
    TIM1_BRK_IRQHandler                      0x080001bf   Thumb Code     0  startup_stm32f103xb.o(.text)
    TIM1_CC_IRQHandler                       0x080001bf   Thumb Code     0  startup_stm32f103xb.o(.text)
    TIM1_TRG_COM_IRQHandler                  0x080001bf   Thumb Code     0  startup_stm32f103xb.o(.text)
    TIM1_UP_IRQHandler                       0x080001bf   Thumb Code     0  startup_stm32f103xb.o(.text)
    TIM3_IRQHandler                          0x080001bf   Thumb Code     0  startup_stm32f103xb.o(.text)
    TIM4_IRQHandler                          0x080001bf   Thumb Code     0  startup_stm32f103xb.o(.text)
    USART2_IRQHandler                        0x080001bf   Thumb Code     0  startup_stm32f103xb.o(.text)
    USART3_IRQHandler                        0x080001bf   Thumb Code     0  startup_stm32f103xb.o(.text)
    USBWakeUp_IRQHandler                     0x080001bf   Thumb Code     0  startup_stm32f103xb.o(.text)
    USB_HP_CAN1_TX_IRQHandler                0x080001bf   Thumb Code     0  startup_stm32f103xb.o(.text)
    WWDG_IRQHandler                          0x080001bf   Thumb Code     0  startup_stm32f103xb.o(.text)
    __user_initial_stackheap                 0x080001c1   Thumb Code     0  startup_stm32f103xb.o(.text)
    __aeabi_memclr4                          0x080001e5   Thumb Code     0  rt_memclr_w.o(.text)
    __aeabi_memclr8                          0x080001e5   Thumb Code     0  rt_memclr_w.o(.text)
    __rt_memclr_w                            0x080001e5   Thumb Code    78  rt_memclr_w.o(.text)
    _memset_w                                0x080001e9   Thumb Code     0  rt_memclr_w.o(.text)
    __use_two_region_memory                  0x08000233   Thumb Code     2  heapauxi.o(.text)
    __rt_heap_escrow$2region                 0x08000235   Thumb Code     2  heapauxi.o(.text)
    __rt_heap_expand$2region                 0x08000237   Thumb Code     2  heapauxi.o(.text)
    __read_errno                             0x08000239   Thumb Code    10  _rserrno.o(.text)
    __set_errno                              0x08000243   Thumb Code    12  _rserrno.o(.text)
    __strtod_int                             0x0800028d   Thumb Code    90  strtod.o(.text)
    __aeabi_errno_addr                       0x080002f5   Thumb Code     8  rt_errno_addr_intlibspace.o(.text)
    __errno$intlibspace                      0x080002f5   Thumb Code     0  rt_errno_addr_intlibspace.o(.text)
    __rt_errno_addr$intlibspace              0x080002f5   Thumb Code     0  rt_errno_addr_intlibspace.o(.text)
    isspace                                  0x080002fd   Thumb Code    18  isspace.o(.text)
    _sgetc                                   0x0800030f   Thumb Code    30  _sgetc.o(.text)
    _sbackspace                              0x0800032d   Thumb Code    34  _sgetc.o(.text)
    __user_libspace                          0x08000351   Thumb Code     8  libspace.o(.text)
    __user_perproc_libspace                  0x08000351   Thumb Code     0  libspace.o(.text)
    __user_perthread_libspace                0x08000351   Thumb Code     0  libspace.o(.text)
    __user_setup_stackheap                   0x08000359   Thumb Code    74  sys_stackheap_outer.o(.text)
    __rt_ctype_table                         0x080003a5   Thumb Code    16  rt_ctype_table.o(.text)
    _scanf_really_real                       0x08000601   Thumb Code   684  scanf_fp.o(.text)
    exit                                     0x080008ad   Thumb Code    18  exit.o(.text)
    strcmp                                   0x080008c1   Thumb Code   128  strcmpv7m.o(.text)
    __rt_locale                              0x08000941   Thumb Code     8  rt_locale_intlibspace.o(.text)
    _btod_etento                             0x08000949   Thumb Code   224  bigflt0.o(.text)
    _scanf_really_hex_real                   0x08000a2d   Thumb Code   786  scanf_hexfp.o(.text)
    _scanf_really_infnan                     0x08000d4d   Thumb Code   292  scanf_infnan.o(.text)
    _sys_exit                                0x08000e81   Thumb Code     8  sys_exit.o(.text)
    __aeabi_llsl                             0x08000e8d   Thumb Code     0  llshl.o(.text)
    _ll_shift_l                              0x08000e8d   Thumb Code    38  llshl.o(.text)
    _chval                                   0x08000eb3   Thumb Code    28  _chval.o(.text)
    __I$use$semihosting                      0x08000ecf   Thumb Code     0  use_no_semi.o(.text)
    __use_no_semihosting_swi                 0x08000ecf   Thumb Code     2  use_no_semi.o(.text)
    __btod_div_common                        0x08000ed1   Thumb Code   696  btod.o(CL$$btod_div_common)
    __semihosting_library_function           0x08000ed1   Thumb Code     0  indicate_semi.o(.text)
    _e2d                                     0x08001209   Thumb Code   122  btod.o(CL$$btod_e2d)
    _e2e                                     0x0800128d   Thumb Code   220  btod.o(CL$$btod_e2e)
    _btod_ediv                               0x08001369   Thumb Code    42  btod.o(CL$$btod_ediv)
    _btod_edivd                              0x08001393   Thumb Code    42  btod.o(CL$$btod_edivd)
    _btod_emul                               0x080013bd   Thumb Code    42  btod.o(CL$$btod_emul)
    _btod_emuld                              0x080013e7   Thumb Code    42  btod.o(CL$$btod_emuld)
    __btod_mult_common                       0x08001411   Thumb Code   580  btod.o(CL$$btod_mult_common)
    BusFault_Handler                         0x08001655   Thumb Code     2  stm32f1xx_it.o(i.BusFault_Handler)
    DMA1_Channel4_IRQHandler                 0x08001659   Thumb Code     6  stm32f1xx_it.o(i.DMA1_Channel4_IRQHandler)
    DMA1_Channel5_IRQHandler                 0x08001665   Thumb Code     6  stm32f1xx_it.o(i.DMA1_Channel5_IRQHandler)
    DebugMon_Handler                         0x0800169b   Thumb Code     2  stm32f1xx_it.o(i.DebugMon_Handler)
    Delay_us                                 0x0800169d   Thumb Code    42  delay_us.o(i.Delay_us)
    Error_Handler                            0x080016cd   Thumb Code     4  main.o(i.Error_Handler)
    HAL_CAN_ActivateNotification             0x080016d1   Thumb Code    36  stm32f1xx_hal_can.o(i.HAL_CAN_ActivateNotification)
    HAL_CAN_AddTxMessage                     0x080016f5   Thumb Code   208  stm32f1xx_hal_can.o(i.HAL_CAN_AddTxMessage)
    HAL_CAN_ConfigFilter                     0x080017c5   Thumb Code   238  stm32f1xx_hal_can.o(i.HAL_CAN_ConfigFilter)
    HAL_CAN_ErrorCallback                    0x080018b3   Thumb Code     2  stm32f1xx_hal_can.o(i.HAL_CAN_ErrorCallback)
    HAL_CAN_GetRxMessage                     0x080018b5   Thumb Code   244  stm32f1xx_hal_can.o(i.HAL_CAN_GetRxMessage)
    HAL_CAN_IRQHandler                       0x080019a9   Thumb Code   508  stm32f1xx_hal_can.o(i.HAL_CAN_IRQHandler)
    HAL_CAN_Init                             0x08001ba5   Thumb Code   282  stm32f1xx_hal_can.o(i.HAL_CAN_Init)
    HAL_CAN_MspInit                          0x08001cc1   Thumb Code   112  can.o(i.HAL_CAN_MspInit)
    HAL_CAN_RxFifo0FullCallback              0x08001d3d   Thumb Code     2  stm32f1xx_hal_can.o(i.HAL_CAN_RxFifo0FullCallback)
    HAL_CAN_RxFifo0MsgPendingCallback        0x08001d41   Thumb Code    76  motor.o(i.HAL_CAN_RxFifo0MsgPendingCallback)
    HAL_CAN_RxFifo1FullCallback              0x08001d99   Thumb Code     2  stm32f1xx_hal_can.o(i.HAL_CAN_RxFifo1FullCallback)
    HAL_CAN_RxFifo1MsgPendingCallback        0x08001d9b   Thumb Code     2  stm32f1xx_hal_can.o(i.HAL_CAN_RxFifo1MsgPendingCallback)
    HAL_CAN_SleepCallback                    0x08001d9d   Thumb Code     2  stm32f1xx_hal_can.o(i.HAL_CAN_SleepCallback)
    HAL_CAN_Start                            0x08001da1   Thumb Code    88  stm32f1xx_hal_can.o(i.HAL_CAN_Start)
    HAL_CAN_TxMailbox0AbortCallback          0x08001df9   Thumb Code     2  stm32f1xx_hal_can.o(i.HAL_CAN_TxMailbox0AbortCallback)
    HAL_CAN_TxMailbox0CompleteCallback       0x08001dfb   Thumb Code     2  stm32f1xx_hal_can.o(i.HAL_CAN_TxMailbox0CompleteCallback)
    HAL_CAN_TxMailbox1AbortCallback          0x08001dfd   Thumb Code     2  stm32f1xx_hal_can.o(i.HAL_CAN_TxMailbox1AbortCallback)
    HAL_CAN_TxMailbox1CompleteCallback       0x08001dff   Thumb Code     2  stm32f1xx_hal_can.o(i.HAL_CAN_TxMailbox1CompleteCallback)
    HAL_CAN_TxMailbox2AbortCallback          0x08001e01   Thumb Code     2  stm32f1xx_hal_can.o(i.HAL_CAN_TxMailbox2AbortCallback)
    HAL_CAN_TxMailbox2CompleteCallback       0x08001e03   Thumb Code     2  stm32f1xx_hal_can.o(i.HAL_CAN_TxMailbox2CompleteCallback)
    HAL_CAN_WakeUpFromRxMsgCallback          0x08001e05   Thumb Code     2  stm32f1xx_hal_can.o(i.HAL_CAN_WakeUpFromRxMsgCallback)
    HAL_DMA_Abort                            0x08001e07   Thumb Code    70  stm32f1xx_hal_dma.o(i.HAL_DMA_Abort)
    HAL_DMA_Abort_IT                         0x08001e4d   Thumb Code   148  stm32f1xx_hal_dma.o(i.HAL_DMA_Abort_IT)
    HAL_DMA_IRQHandler                       0x08001ee5   Thumb Code   316  stm32f1xx_hal_dma.o(i.HAL_DMA_IRQHandler)
    HAL_DMA_Init                             0x08002039   Thumb Code    84  stm32f1xx_hal_dma.o(i.HAL_DMA_Init)
    HAL_DMA_Start_IT                         0x08002095   Thumb Code   112  stm32f1xx_hal_dma.o(i.HAL_DMA_Start_IT)
    HAL_Delay                                0x08002105   Thumb Code    32  stm32f1xx_hal.o(i.HAL_Delay)
    HAL_GPIO_Init                            0x08002129   Thumb Code   446  stm32f1xx_hal_gpio.o(i.HAL_GPIO_Init)
    HAL_GPIO_WritePin                        0x08002309   Thumb Code    10  stm32f1xx_hal_gpio.o(i.HAL_GPIO_WritePin)
    HAL_GetTick                              0x08002315   Thumb Code     6  stm32f1xx_hal.o(i.HAL_GetTick)
    HAL_IncTick                              0x08002321   Thumb Code    12  stm32f1xx_hal.o(i.HAL_IncTick)
    HAL_Init                                 0x08002331   Thumb Code    32  stm32f1xx_hal.o(i.HAL_Init)
    HAL_InitTick                             0x08002355   Thumb Code    54  stm32f1xx_hal.o(i.HAL_InitTick)
    HAL_MspInit                              0x08002395   Thumb Code    52  stm32f1xx_hal_msp.o(i.HAL_MspInit)
    HAL_NVIC_EnableIRQ                       0x080023d1   Thumb Code    26  stm32f1xx_hal_cortex.o(i.HAL_NVIC_EnableIRQ)
    HAL_NVIC_SetPriority                     0x080023ed   Thumb Code    60  stm32f1xx_hal_cortex.o(i.HAL_NVIC_SetPriority)
    HAL_NVIC_SetPriorityGrouping             0x0800242d   Thumb Code    26  stm32f1xx_hal_cortex.o(i.HAL_NVIC_SetPriorityGrouping)
    HAL_RCC_ClockConfig                      0x08002451   Thumb Code   280  stm32f1xx_hal_rcc.o(i.HAL_RCC_ClockConfig)
    HAL_RCC_GetPCLK1Freq                     0x0800257d   Thumb Code    20  stm32f1xx_hal_rcc.o(i.HAL_RCC_GetPCLK1Freq)
    HAL_RCC_GetPCLK2Freq                     0x0800259d   Thumb Code    20  stm32f1xx_hal_rcc.o(i.HAL_RCC_GetPCLK2Freq)
    HAL_RCC_GetSysClockFreq                  0x080025bd   Thumb Code    58  stm32f1xx_hal_rcc.o(i.HAL_RCC_GetSysClockFreq)
    HAL_RCC_OscConfig                        0x08002609   Thumb Code   778  stm32f1xx_hal_rcc.o(i.HAL_RCC_OscConfig)
    HAL_SYSTICK_Config                       0x08002929   Thumb Code    40  stm32f1xx_hal_cortex.o(i.HAL_SYSTICK_Config)
    HAL_TIMEx_BreakCallback                  0x08002951   Thumb Code     2  stm32f1xx_hal_tim_ex.o(i.HAL_TIMEx_BreakCallback)
    HAL_TIMEx_CommutCallback                 0x08002953   Thumb Code     2  stm32f1xx_hal_tim_ex.o(i.HAL_TIMEx_CommutCallback)
    HAL_TIMEx_MasterConfigSynchronization    0x08002955   Thumb Code    92  stm32f1xx_hal_tim_ex.o(i.HAL_TIMEx_MasterConfigSynchronization)
    HAL_TIM_Base_Init                        0x080029bd   Thumb Code    90  stm32f1xx_hal_tim.o(i.HAL_TIM_Base_Init)
    HAL_TIM_Base_MspInit                     0x08002a19   Thumb Code    94  tim.o(i.HAL_TIM_Base_MspInit)
    HAL_TIM_Base_Start                       0x08002a85   Thumb Code    66  stm32f1xx_hal_tim.o(i.HAL_TIM_Base_Start)
    HAL_TIM_Base_Start_IT                    0x08002ad5   Thumb Code    76  stm32f1xx_hal_tim.o(i.HAL_TIM_Base_Start_IT)
    HAL_TIM_Base_Stop                        0x08002b2d   Thumb Code    38  stm32f1xx_hal_tim.o(i.HAL_TIM_Base_Stop)
    HAL_TIM_ConfigClockSource                0x08002b53   Thumb Code   220  stm32f1xx_hal_tim.o(i.HAL_TIM_ConfigClockSource)
    HAL_TIM_IC_CaptureCallback               0x08002c2f   Thumb Code     2  stm32f1xx_hal_tim.o(i.HAL_TIM_IC_CaptureCallback)
    HAL_TIM_IRQHandler                       0x08002c31   Thumb Code   304  stm32f1xx_hal_tim.o(i.HAL_TIM_IRQHandler)
    HAL_TIM_MspPostInit                      0x08002d61   Thumb Code    62  tim.o(i.HAL_TIM_MspPostInit)
    HAL_TIM_OC_DelayElapsedCallback          0x08002dad   Thumb Code     2  stm32f1xx_hal_tim.o(i.HAL_TIM_OC_DelayElapsedCallback)
    HAL_TIM_PWM_ConfigChannel                0x08002daf   Thumb Code   204  stm32f1xx_hal_tim.o(i.HAL_TIM_PWM_ConfigChannel)
    HAL_TIM_PWM_Init                         0x08002e7b   Thumb Code    90  stm32f1xx_hal_tim.o(i.HAL_TIM_PWM_Init)
    HAL_TIM_PWM_MspInit                      0x08002ed5   Thumb Code     2  stm32f1xx_hal_tim.o(i.HAL_TIM_PWM_MspInit)
    HAL_TIM_PWM_PulseFinishedCallback        0x08002ed7   Thumb Code     2  stm32f1xx_hal_tim.o(i.HAL_TIM_PWM_PulseFinishedCallback)
    HAL_TIM_PWM_Start                        0x08002ed9   Thumb Code   144  stm32f1xx_hal_tim.o(i.HAL_TIM_PWM_Start)
    HAL_TIM_PeriodElapsedCallback            0x08002f75   Thumb Code     2  stm32f1xx_hal_tim.o(i.HAL_TIM_PeriodElapsedCallback)
    HAL_TIM_TriggerCallback                  0x08002f77   Thumb Code     2  stm32f1xx_hal_tim.o(i.HAL_TIM_TriggerCallback)
    HAL_UARTEx_ReceiveToIdle_DMA             0x08002f79   Thumb Code    74  stm32f1xx_hal_uart.o(i.HAL_UARTEx_ReceiveToIdle_DMA)
    HAL_UARTEx_RxEventCallback               0x08002fc5   Thumb Code    50  main.o(i.HAL_UARTEx_RxEventCallback)
    HAL_UART_ErrorCallback                   0x08003009   Thumb Code     2  stm32f1xx_hal_uart.o(i.HAL_UART_ErrorCallback)
    HAL_UART_IRQHandler                      0x0800300d   Thumb Code   616  stm32f1xx_hal_uart.o(i.HAL_UART_IRQHandler)
    HAL_UART_Init                            0x08003279   Thumb Code   100  stm32f1xx_hal_uart.o(i.HAL_UART_Init)
    HAL_UART_MspInit                         0x080032dd   Thumb Code   198  usart.o(i.HAL_UART_MspInit)
    HAL_UART_RxCpltCallback                  0x080033b9   Thumb Code     2  stm32f1xx_hal_uart.o(i.HAL_UART_RxCpltCallback)
    HAL_UART_RxHalfCpltCallback              0x080033bb   Thumb Code     2  stm32f1xx_hal_uart.o(i.HAL_UART_RxHalfCpltCallback)
    HAL_UART_Transmit                        0x080033bd   Thumb Code   160  stm32f1xx_hal_uart.o(i.HAL_UART_Transmit)
    HAL_UART_TxCpltCallback                  0x0800345d   Thumb Code     2  stm32f1xx_hal_uart.o(i.HAL_UART_TxCpltCallback)
    HardFault_Handler                        0x0800345f   Thumb Code     2  stm32f1xx_it.o(i.HardFault_Handler)
    MX_CAN_Init                              0x08003461   Thumb Code    58  can.o(i.MX_CAN_Init)
    MX_DMA_Init                              0x080034a5   Thumb Code    56  dma.o(i.MX_DMA_Init)
    MX_GPIO_Init                             0x080034e1   Thumb Code   104  gpio.o(i.MX_GPIO_Init)
    MX_TIM1_Init                             0x08003551   Thumb Code    96  tim.o(i.MX_TIM1_Init)
    MX_TIM2_Init                             0x080035b9   Thumb Code    96  tim.o(i.MX_TIM2_Init)
    MX_TIM3_Init                             0x0800361d   Thumb Code   144  tim.o(i.MX_TIM3_Init)
    MX_USART1_UART_Init                      0x080036b5   Thumb Code    48  usart.o(i.MX_USART1_UART_Init)
    MemManage_Handler                        0x080036ed   Thumb Code     2  stm32f1xx_it.o(i.MemManage_Handler)
    MiAngleControlOff                        0x080036f1   Thumb Code   208  main.o(i.MiAngleControlOff)
    MiAngleControlOn                         0x080037e5   Thumb Code   208  main.o(i.MiAngleControlOn)
    NMI_Handler                              0x08003951   Thumb Code     2  stm32f1xx_it.o(i.NMI_Handler)
    PendSV_Handler                           0x08003953   Thumb Code     2  stm32f1xx_it.o(i.PendSV_Handler)
    SVC_Handler                              0x08003955   Thumb Code     2  stm32f1xx_it.o(i.SVC_Handler)
    SysTick_Handler                          0x080039d9   Thumb Code     4  stm32f1xx_it.o(i.SysTick_Handler)
    SystemClock_Config                       0x080039dd   Thumb Code    94  main.o(i.SystemClock_Config)
    SystemInit                               0x08003a3b   Thumb Code     2  system_stm32f1xx.o(i.SystemInit)
    TIM2_IRQHandler                          0x08003a3d   Thumb Code     6  stm32f1xx_it.o(i.TIM2_IRQHandler)
    TIM_Base_SetConfig                       0x08003a49   Thumb Code   108  stm32f1xx_hal_tim.o(i.TIM_Base_SetConfig)
    TIM_CCxChannelCmd                        0x08003ac1   Thumb Code    26  stm32f1xx_hal_tim.o(i.TIM_CCxChannelCmd)
    TIM_ETR_SetConfig                        0x08003adb   Thumb Code    20  stm32f1xx_hal_tim.o(i.TIM_ETR_SetConfig)
    TIM_OC2_SetConfig                        0x08003b51   Thumb Code    84  stm32f1xx_hal_tim.o(i.TIM_OC2_SetConfig)
    UART_Start_Receive_DMA                   0x08003f6d   Thumb Code   130  stm32f1xx_hal_uart.o(i.UART_Start_Receive_DMA)
    USART1_IRQHandler                        0x08004071   Thumb Code     6  stm32f1xx_it.o(i.USART1_IRQHandler)
    USB_LP_CAN1_RX0_IRQHandler               0x0800407d   Thumb Code     6  stm32f1xx_it.o(i.USB_LP_CAN1_RX0_IRQHandler)
    UsageFault_Handler                       0x08004089   Thumb Code     2  stm32f1xx_it.o(i.UsageFault_Handler)
    __mathlib_dbl_overflow                   0x080040ab   Thumb Code    14  dunder.o(i.__mathlib_dbl_overflow)
    __mathlib_dbl_underflow                  0x080040b9   Thumb Code    10  dunder.o(i.__mathlib_dbl_underflow)
    __mathlib_narrow                         0x080040c9   Thumb Code    16  narrow.o(i.__mathlib_narrow)
    __mathlib_tofloat                        0x080040d9   Thumb Code   184  narrow.o(i.__mathlib_tofloat)
    __support_ldexp                          0x08004195   Thumb Code    22  ldexp.o(i.__support_ldexp)
    _is_digit                                0x080041ab   Thumb Code    14  scanf_fp.o(i._is_digit)
    atof                                     0x080041b9   Thumb Code    42  atof.o(i.atof)
    bujin                                    0x080041e5   Thumb Code   262  main.o(i.bujin)
    frexp                                    0x08004355   Thumb Code    80  frexp.o(i.frexp)
    get                                      0x080043ad   Thumb Code    80  main.o(i.get)
    init_cybergear                           0x08004401   Thumb Code    44  motor.o(i.init_cybergear)
    ldexp                                    0x08004431   Thumb Code   116  ldexp.o(i.ldexp)
    main                                     0x080044a5   Thumb Code   322  main.o(i.main)
    motor_controlmode                        0x08004619   Thumb Code   206  motor.o(i.motor_controlmode)
    place                                    0x08004715   Thumb Code   108  main.o(i.place)
    set_mode_cybergear                       0x08004789   Thumb Code    28  motor.o(i.set_mode_cybergear)
    set_zeropos_cybergear                    0x080047a5   Thumb Code    36  motor.o(i.set_zeropos_cybergear)
    start_cybergear                          0x080047d5   Thumb Code    30  motor.o(i.start_cybergear)
    _get_lc_numeric                          0x0800483d   Thumb Code    44  lc_numeric_c.o(locale$$code)
    _get_lc_ctype                            0x08004869   Thumb Code    44  lc_ctype_c.o(locale$$code)
    __aeabi_d2f                              0x08004895   Thumb Code     0  d2f.o(x$fpl$d2f)
    _d2f                                     0x08004895   Thumb Code    98  d2f.o(x$fpl$d2f)
    __aeabi_dadd                             0x080048f9   Thumb Code     0  daddsub_clz.o(x$fpl$dadd)
    _dadd                                    0x080048f9   Thumb Code   332  daddsub_clz.o(x$fpl$dadd)
    __fpl_dcheck_NaN1                        0x08004a49   Thumb Code    10  dcheck1.o(x$fpl$dcheck1)
    __fpl_dcmp_Inf                           0x08004a59   Thumb Code    24  dcmpi.o(x$fpl$dcmpinf)
    __aeabi_ddiv                             0x08004a71   Thumb Code     0  ddiv.o(x$fpl$ddiv)
    _ddiv                                    0x08004a71   Thumb Code   552  ddiv.o(x$fpl$ddiv)
    __aeabi_cdcmpeq                          0x08004d21   Thumb Code     0  deqf.o(x$fpl$deqf)
    _dcmpeq                                  0x08004d21   Thumb Code   120  deqf.o(x$fpl$deqf)
    __aeabi_d2iz                             0x08004d99   Thumb Code     0  dfix.o(x$fpl$dfix)
    _dfix                                    0x08004d99   Thumb Code    94  dfix.o(x$fpl$dfix)
    __aeabi_i2d                              0x08004df7   Thumb Code     0  dflt_clz.o(x$fpl$dflt)
    _dflt                                    0x08004df7   Thumb Code    46  dflt_clz.o(x$fpl$dflt)
    __aeabi_ui2d                             0x08004e25   Thumb Code     0  dflt_clz.o(x$fpl$dfltu)
    _dfltu                                   0x08004e25   Thumb Code    38  dflt_clz.o(x$fpl$dfltu)
    __aeabi_cdcmple                          0x08004e4d   Thumb Code     0  dleqf.o(x$fpl$dleqf)
    _dcmple                                  0x08004e4d   Thumb Code   120  dleqf.o(x$fpl$dleqf)
    __fpl_dcmple_InfNaN                      0x08004eaf   Thumb Code     0  dleqf.o(x$fpl$dleqf)
    __aeabi_dmul                             0x08004ec5   Thumb Code     0  dmul.o(x$fpl$dmul)
    _dmul                                    0x08004ec5   Thumb Code   332  dmul.o(x$fpl$dmul)
    __fpl_dnaninf                            0x08005019   Thumb Code   156  dnaninf.o(x$fpl$dnaninf)
    __fpl_dretinf                            0x080050b5   Thumb Code    12  dretinf.o(x$fpl$dretinf)
    __aeabi_cdrcmple                         0x080050c1   Thumb Code     0  drleqf.o(x$fpl$drleqf)
    _drcmple                                 0x080050c1   Thumb Code   108  drleqf.o(x$fpl$drleqf)
    __aeabi_drsub                            0x0800512d   Thumb Code     0  daddsub_clz.o(x$fpl$drsb)
    _drsb                                    0x0800512d   Thumb Code    22  daddsub_clz.o(x$fpl$drsb)
    __aeabi_dsub                             0x08005145   Thumb Code     0  daddsub_clz.o(x$fpl$dsub)
    _dsub                                    0x08005145   Thumb Code   464  daddsub_clz.o(x$fpl$dsub)
    __aeabi_f2d                              0x08005319   Thumb Code     0  f2d.o(x$fpl$f2d)
    _f2d                                     0x08005319   Thumb Code    86  f2d.o(x$fpl$f2d)
    __aeabi_fadd                             0x08005371   Thumb Code     0  faddsub_clz.o(x$fpl$fadd)
    _fadd                                    0x08005371   Thumb Code   196  faddsub_clz.o(x$fpl$fadd)
    __fpl_fcmp_Inf                           0x08005435   Thumb Code    24  fcmpi.o(x$fpl$fcmpinf)
    __aeabi_fdiv                             0x0800544d   Thumb Code     0  fdiv.o(x$fpl$fdiv)
    _fdiv                                    0x0800544d   Thumb Code   384  fdiv.o(x$fpl$fdiv)
    __aeabi_f2iz                             0x080055d1   Thumb Code     0  ffix.o(x$fpl$ffix)
    _ffix                                    0x080055d1   Thumb Code    54  ffix.o(x$fpl$ffix)
    __aeabi_f2uiz                            0x08005609   Thumb Code     0  ffixu.o(x$fpl$ffixu)
    _ffixu                                   0x08005609   Thumb Code    62  ffixu.o(x$fpl$ffixu)
    __aeabi_i2f                              0x08005649   Thumb Code     0  fflt_clz.o(x$fpl$fflt)
    _fflt                                    0x08005649   Thumb Code    48  fflt_clz.o(x$fpl$fflt)
    __aeabi_ui2f                             0x08005679   Thumb Code     0  fflt_clz.o(x$fpl$ffltu)
    _ffltu                                   0x08005679   Thumb Code    38  fflt_clz.o(x$fpl$ffltu)
    __aeabi_cfcmple                          0x080056a1   Thumb Code     0  fleqf.o(x$fpl$fleqf)
    _fcmple                                  0x080056a1   Thumb Code   104  fleqf.o(x$fpl$fleqf)
    __fpl_fcmple_InfNaN                      0x080056f3   Thumb Code     0  fleqf.o(x$fpl$fleqf)
    __aeabi_fmul                             0x08005709   Thumb Code     0  fmul.o(x$fpl$fmul)
    _fmul                                    0x08005709   Thumb Code   258  fmul.o(x$fpl$fmul)
    __fpl_fnaninf                            0x0800580b   Thumb Code   140  fnaninf.o(x$fpl$fnaninf)
    __fpl_fretinf                            0x08005897   Thumb Code    10  fretinf.o(x$fpl$fretinf)
    __aeabi_cfrcmple                         0x080058a1   Thumb Code     0  frleqf.o(x$fpl$frleqf)
    _frcmple                                 0x080058a1   Thumb Code    98  frleqf.o(x$fpl$frleqf)
    __aeabi_fsub                             0x08005905   Thumb Code     0  faddsub_clz.o(x$fpl$fsub)
    _fsub                                    0x08005905   Thumb Code   234  faddsub_clz.o(x$fpl$fsub)
    __ieee_status                            0x080059ef   Thumb Code     6  istatus.o(x$fpl$ieeestatus)
    __fpl_return_NaN                         0x080059f5   Thumb Code   100  retnan.o(x$fpl$retnan)
    __ARM_scalbn                             0x08005a59   Thumb Code    92  scalbn.o(x$fpl$scalbn)
    _scanf_real                              0x08005ab5   Thumb Code     4  scanf1.o(x$fpl$scanf1)
    _scanf_hex_real                          0x08005ab9   Thumb Code     4  scanf2.o(x$fpl$scanf2)
    _scanf_infnan                            0x08005abd   Thumb Code     4  scanf2.o(x$fpl$scanf2)
    __fpl_cmpreturn                          0x08005ac1   Thumb Code    48  trapv.o(x$fpl$trapveneer)
    __I$use$fp                               0x08005af0   Number         0  usenofp.o(x$fpl$usenofp)
    AHBPrescTable                            0x08005b02   Data          16  system_stm32f1xx.o(.constdata)
    APBPrescTable                            0x08005b12   Data           8  system_stm32f1xx.o(.constdata)
    Region$$Table$$Base                      0x08005bb0   Number         0  anon$$obj.o(Region$$Table)
    Region$$Table$$Limit                     0x08005bd0   Number         0  anon$$obj.o(Region$$Table)
    __aeabi_HUGE_VAL                         0x08005bd0   Data           0  fpconst.o(c$$dinf)
    __aeabi_HUGE_VALL                        0x08005bd0   Data           0  fpconst.o(c$$dinf)
    __aeabi_INFINITY                         0x08005bd0   Data           0  fpconst.o(c$$dinf)
    __dInf                                   0x08005bd0   Data           0  fpconst.o(c$$dinf)
    __huge_val                               0x08005bd0   Data           0  fpconst.o(c$$dinf)
    __dbl_max                                0x08005bd8   Data           0  fpconst.o(c$$dmax)
    __ctype                                  0x08005c09   Data           0  lc_ctype_c.o(locale$$data)
    receive_flag                             0x20000000   Data           1  main.o(.data)
    last_angle                               0x20000004   Data           4  main.o(.data)
    current_pos                              0x20000008   Data           4  main.o(.data)
    ref                                      0x20000010   Data           8  main.o(.data)
    uwTickFreq                               0x20000018   Data           1  stm32f1xx_hal.o(.data)
    uwTickPrio                               0x2000001c   Data           4  stm32f1xx_hal.o(.data)
    uwTick                                   0x20000020   Data           4  stm32f1xx_hal.o(.data)
    SystemCoreClock                          0x20000024   Data           4  system_stm32f1xx.o(.data)
    send_mail_box                            0x20000028   Data           4  motor.o(.data)
    Motor_Can_ID                             0x2000002c   Data           4  motor.o(.data)
    byte                                     0x20000030   Data           4  motor.o(.data)
    ref1                                     0x20000038   Data           8  motor.o(.data)
    rx_data                                  0x20000040   Data           8  motor.o(.data)
    receiveData                              0x20000048   Data          10  main.o(.bss)
    hcan                                     0x20000054   Data          40  can.o(.bss)
    htim1                                    0x2000007c   Data          72  tim.o(.bss)
    htim2                                    0x200000c4   Data          72  tim.o(.bss)
    htim3                                    0x2000010c   Data          72  tim.o(.bss)
    huart1                                   0x20000154   Data          72  usart.o(.bss)
    hdma_usart1_rx                           0x2000019c   Data          68  usart.o(.bss)
    hdma_usart1_tx                           0x200001e0   Data          68  usart.o(.bss)
    rxMsg                                    0x20000224   Data          28  motor.o(.bss)
    txMsg                                    0x20000240   Data          24  motor.o(.bss)
    mi_motor                                 0x20000258   Data         128  motor.o(.bss)
    __libspace_start                         0x200002d8   Data          96  libspace.o(.bss)
    __temporary_stack_top$libspace           0x20000338   Data           0  libspace.o(.bss)



==============================================================================

Memory Map of the image

  Image Entry point : 0x080000ed

  Load Region LR_IROM1 (Base: 0x08000000, Size: 0x00005d54, Max: 0x00010000, ABSOLUTE)

    Execution Region ER_IROM1 (Exec base: 0x08000000, Load base: 0x08000000, Size: 0x00005d0c, Max: 0x00010000, ABSOLUTE)

    Exec Addr    Load Addr    Size         Type   Attr      Idx    E Section Name        Object

    0x08000000   0x08000000   0x000000ec   Data   RO            3    RESET               startup_stm32f103xb.o
    0x080000ec   0x080000ec   0x00000008   Code   RO         3295  * !!!main             c_w.l(__main.o)
    0x080000f4   0x080000f4   0x00000034   Code   RO         3657    !!!scatter          c_w.l(__scatter.o)
    0x08000128   0x08000128   0x0000001a   Code   RO         3659    !!handler_copy      c_w.l(__scatter_copy.o)
    0x08000142   0x08000142   0x00000002   PAD
    0x08000144   0x08000144   0x0000001c   Code   RO         3661    !!handler_zi        c_w.l(__scatter_zi.o)
    0x08000160   0x08000160   0x00000002   Code   RO         3432    .ARM.Collect$$libinit$$00000000  c_w.l(libinit.o)
    0x08000162   0x08000162   0x00000000   Code   RO         3434    .ARM.Collect$$libinit$$00000002  c_w.l(libinit2.o)
    0x08000162   0x08000162   0x00000000   Code   RO         3436    .ARM.Collect$$libinit$$00000004  c_w.l(libinit2.o)
    0x08000162   0x08000162   0x00000000   Code   RO         3439    .ARM.Collect$$libinit$$0000000A  c_w.l(libinit2.o)
    0x08000162   0x08000162   0x00000000   Code   RO         3441    .ARM.Collect$$libinit$$0000000C  c_w.l(libinit2.o)
    0x08000162   0x08000162   0x00000000   Code   RO         3443    .ARM.Collect$$libinit$$0000000E  c_w.l(libinit2.o)
    0x08000162   0x08000162   0x00000006   Code   RO         3444    .ARM.Collect$$libinit$$0000000F  c_w.l(libinit2.o)
    0x08000168   0x08000168   0x00000000   Code   RO         3446    .ARM.Collect$$libinit$$00000011  c_w.l(libinit2.o)
    0x08000168   0x08000168   0x0000000c   Code   RO         3447    .ARM.Collect$$libinit$$00000012  c_w.l(libinit2.o)
    0x08000174   0x08000174   0x00000000   Code   RO         3448    .ARM.Collect$$libinit$$00000013  c_w.l(libinit2.o)
    0x08000174   0x08000174   0x00000000   Code   RO         3450    .ARM.Collect$$libinit$$00000015  c_w.l(libinit2.o)
    0x08000174   0x08000174   0x0000000a   Code   RO         3451    .ARM.Collect$$libinit$$00000016  c_w.l(libinit2.o)
    0x0800017e   0x0800017e   0x00000000   Code   RO         3452    .ARM.Collect$$libinit$$00000017  c_w.l(libinit2.o)
    0x0800017e   0x0800017e   0x00000000   Code   RO         3454    .ARM.Collect$$libinit$$00000019  c_w.l(libinit2.o)
    0x0800017e   0x0800017e   0x00000000   Code   RO         3456    .ARM.Collect$$libinit$$0000001B  c_w.l(libinit2.o)
    0x0800017e   0x0800017e   0x00000000   Code   RO         3458    .ARM.Collect$$libinit$$0000001D  c_w.l(libinit2.o)
    0x0800017e   0x0800017e   0x00000000   Code   RO         3460    .ARM.Collect$$libinit$$0000001F  c_w.l(libinit2.o)
    0x0800017e   0x0800017e   0x00000000   Code   RO         3462    .ARM.Collect$$libinit$$00000021  c_w.l(libinit2.o)
    0x0800017e   0x0800017e   0x00000000   Code   RO         3464    .ARM.Collect$$libinit$$00000023  c_w.l(libinit2.o)
    0x0800017e   0x0800017e   0x00000000   Code   RO         3466    .ARM.Collect$$libinit$$00000025  c_w.l(libinit2.o)
    0x0800017e   0x0800017e   0x00000000   Code   RO         3470    .ARM.Collect$$libinit$$0000002C  c_w.l(libinit2.o)
    0x0800017e   0x0800017e   0x00000000   Code   RO         3472    .ARM.Collect$$libinit$$0000002E  c_w.l(libinit2.o)
    0x0800017e   0x0800017e   0x00000000   Code   RO         3474    .ARM.Collect$$libinit$$00000030  c_w.l(libinit2.o)
    0x0800017e   0x0800017e   0x00000000   Code   RO         3476    .ARM.Collect$$libinit$$00000032  c_w.l(libinit2.o)
    0x0800017e   0x0800017e   0x00000002   Code   RO         3477    .ARM.Collect$$libinit$$00000033  c_w.l(libinit2.o)
    0x08000180   0x08000180   0x00000002   Code   RO         3576    .ARM.Collect$$libshutdown$$00000000  c_w.l(libshutdown.o)
    0x08000182   0x08000182   0x00000000   Code   RO         3599    .ARM.Collect$$libshutdown$$00000002  c_w.l(libshutdown2.o)
    0x08000182   0x08000182   0x00000000   Code   RO         3601    .ARM.Collect$$libshutdown$$00000004  c_w.l(libshutdown2.o)
    0x08000182   0x08000182   0x00000000   Code   RO         3603    .ARM.Collect$$libshutdown$$00000006  c_w.l(libshutdown2.o)
    0x08000182   0x08000182   0x00000000   Code   RO         3606    .ARM.Collect$$libshutdown$$00000009  c_w.l(libshutdown2.o)
    0x08000182   0x08000182   0x00000000   Code   RO         3609    .ARM.Collect$$libshutdown$$0000000C  c_w.l(libshutdown2.o)
    0x08000182   0x08000182   0x00000000   Code   RO         3611    .ARM.Collect$$libshutdown$$0000000E  c_w.l(libshutdown2.o)
    0x08000182   0x08000182   0x00000000   Code   RO         3614    .ARM.Collect$$libshutdown$$00000011  c_w.l(libshutdown2.o)
    0x08000182   0x08000182   0x00000002   Code   RO         3615    .ARM.Collect$$libshutdown$$00000012  c_w.l(libshutdown2.o)
    0x08000184   0x08000184   0x00000000   Code   RO         3361    .ARM.Collect$$rtentry$$00000000  c_w.l(__rtentry.o)
    0x08000184   0x08000184   0x00000000   Code   RO         3382    .ARM.Collect$$rtentry$$00000002  c_w.l(__rtentry2.o)
    0x08000184   0x08000184   0x00000006   Code   RO         3394    .ARM.Collect$$rtentry$$00000004  c_w.l(__rtentry4.o)
    0x0800018a   0x0800018a   0x00000000   Code   RO         3384    .ARM.Collect$$rtentry$$00000009  c_w.l(__rtentry2.o)
    0x0800018a   0x0800018a   0x00000004   Code   RO         3385    .ARM.Collect$$rtentry$$0000000A  c_w.l(__rtentry2.o)
    0x0800018e   0x0800018e   0x00000000   Code   RO         3387    .ARM.Collect$$rtentry$$0000000C  c_w.l(__rtentry2.o)
    0x0800018e   0x0800018e   0x00000008   Code   RO         3388    .ARM.Collect$$rtentry$$0000000D  c_w.l(__rtentry2.o)
    0x08000196   0x08000196   0x00000002   Code   RO         3480    .ARM.Collect$$rtexit$$00000000  c_w.l(rtexit.o)
    0x08000198   0x08000198   0x00000000   Code   RO         3538    .ARM.Collect$$rtexit$$00000002  c_w.l(rtexit2.o)
    0x08000198   0x08000198   0x00000004   Code   RO         3539    .ARM.Collect$$rtexit$$00000003  c_w.l(rtexit2.o)
    0x0800019c   0x0800019c   0x00000006   Code   RO         3540    .ARM.Collect$$rtexit$$00000004  c_w.l(rtexit2.o)
    0x080001a2   0x080001a2   0x00000002   PAD
    0x080001a4   0x080001a4   0x00000040   Code   RO            4    .text               startup_stm32f103xb.o
    0x080001e4   0x080001e4   0x0000004e   Code   RO         3291    .text               c_w.l(rt_memclr_w.o)
    0x08000232   0x08000232   0x00000006   Code   RO         3293    .text               c_w.l(heapauxi.o)
    0x08000238   0x08000238   0x00000016   Code   RO         3362    .text               c_w.l(_rserrno.o)
    0x0800024e   0x0800024e   0x00000002   PAD
    0x08000250   0x08000250   0x000000a4   Code   RO         3364    .text               c_w.l(strtod.o)
    0x080002f4   0x080002f4   0x00000008   Code   RO         3399    .text               c_w.l(rt_errno_addr_intlibspace.o)
    0x080002fc   0x080002fc   0x00000012   Code   RO         3401    .text               c_w.l(isspace.o)
    0x0800030e   0x0800030e   0x00000040   Code   RO         3403    .text               c_w.l(_sgetc.o)
    0x0800034e   0x0800034e   0x00000002   PAD
    0x08000350   0x08000350   0x00000008   Code   RO         3412    .text               c_w.l(libspace.o)
    0x08000358   0x08000358   0x0000004a   Code   RO         3415    .text               c_w.l(sys_stackheap_outer.o)
    0x080003a2   0x080003a2   0x00000002   PAD
    0x080003a4   0x080003a4   0x00000010   Code   RO         3417    .text               c_w.l(rt_ctype_table.o)
    0x080003b4   0x080003b4   0x000004f8   Code   RO         3419    .text               c_w.l(scanf_fp.o)
    0x080008ac   0x080008ac   0x00000012   Code   RO         3423    .text               c_w.l(exit.o)
    0x080008be   0x080008be   0x00000002   PAD
    0x080008c0   0x080008c0   0x00000080   Code   RO         3425    .text               c_w.l(strcmpv7m.o)
    0x08000940   0x08000940   0x00000008   Code   RO         3485    .text               c_w.l(rt_locale_intlibspace.o)
    0x08000948   0x08000948   0x000000e4   Code   RO         3487    .text               c_w.l(bigflt0.o)
    0x08000a2c   0x08000a2c   0x00000320   Code   RO         3544    .text               c_w.l(scanf_hexfp.o)
    0x08000d4c   0x08000d4c   0x00000134   Code   RO         3546    .text               c_w.l(scanf_infnan.o)
    0x08000e80   0x08000e80   0x0000000c   Code   RO         3562    .text               c_w.l(sys_exit.o)
    0x08000e8c   0x08000e8c   0x00000026   Code   RO         3566    .text               c_w.l(llshl.o)
    0x08000eb2   0x08000eb2   0x0000001c   Code   RO         3568    .text               c_w.l(_chval.o)
    0x08000ece   0x08000ece   0x00000002   Code   RO         3589    .text               c_w.l(use_no_semi.o)
    0x08000ed0   0x08000ed0   0x00000000   Code   RO         3591    .text               c_w.l(indicate_semi.o)
    0x08000ed0   0x08000ed0   0x00000338   Code   RO         3500    CL$$btod_div_common  c_w.l(btod.o)
    0x08001208   0x08001208   0x00000084   Code   RO         3498    CL$$btod_e2d        c_w.l(btod.o)
    0x0800128c   0x0800128c   0x000000dc   Code   RO         3497    CL$$btod_e2e        c_w.l(btod.o)
    0x08001368   0x08001368   0x0000002a   Code   RO         3494    CL$$btod_ediv       c_w.l(btod.o)
    0x08001392   0x08001392   0x0000002a   Code   RO         3496    CL$$btod_edivd      c_w.l(btod.o)
    0x080013bc   0x080013bc   0x0000002a   Code   RO         3493    CL$$btod_emul       c_w.l(btod.o)
    0x080013e6   0x080013e6   0x0000002a   Code   RO         3495    CL$$btod_emuld      c_w.l(btod.o)
    0x08001410   0x08001410   0x00000244   Code   RO         3499    CL$$btod_mult_common  c_w.l(btod.o)
    0x08001654   0x08001654   0x00000002   Code   RO          411    i.BusFault_Handler  stm32f1xx_it.o
    0x08001656   0x08001656   0x00000002   PAD
    0x08001658   0x08001658   0x0000000c   Code   RO          412    i.DMA1_Channel4_IRQHandler  stm32f1xx_it.o
    0x08001664   0x08001664   0x0000000c   Code   RO          413    i.DMA1_Channel5_IRQHandler  stm32f1xx_it.o
    0x08001670   0x08001670   0x0000002a   Code   RO         1191    i.DMA_SetConfig     stm32f1xx_hal_dma.o
    0x0800169a   0x0800169a   0x00000002   Code   RO          414    i.DebugMon_Handler  stm32f1xx_it.o
    0x0800169c   0x0800169c   0x00000030   Code   RO         3162    i.Delay_us          delay_us.o
    0x080016cc   0x080016cc   0x00000004   Code   RO           13    i.Error_Handler     main.o
    0x080016d0   0x080016d0   0x00000024   Code   RO          578    i.HAL_CAN_ActivateNotification  stm32f1xx_hal_can.o
    0x080016f4   0x080016f4   0x000000d0   Code   RO          579    i.HAL_CAN_AddTxMessage  stm32f1xx_hal_can.o
    0x080017c4   0x080017c4   0x000000ee   Code   RO          580    i.HAL_CAN_ConfigFilter  stm32f1xx_hal_can.o
    0x080018b2   0x080018b2   0x00000002   Code   RO          583    i.HAL_CAN_ErrorCallback  stm32f1xx_hal_can.o
    0x080018b4   0x080018b4   0x000000f4   Code   RO          586    i.HAL_CAN_GetRxMessage  stm32f1xx_hal_can.o
    0x080019a8   0x080019a8   0x000001fc   Code   RO          590    i.HAL_CAN_IRQHandler  stm32f1xx_hal_can.o
    0x08001ba4   0x08001ba4   0x0000011a   Code   RO          591    i.HAL_CAN_Init      stm32f1xx_hal_can.o
    0x08001cbe   0x08001cbe   0x00000002   PAD
    0x08001cc0   0x08001cc0   0x0000007c   Code   RO          244    i.HAL_CAN_MspInit   can.o
    0x08001d3c   0x08001d3c   0x00000002   Code   RO          598    i.HAL_CAN_RxFifo0FullCallback  stm32f1xx_hal_can.o
    0x08001d3e   0x08001d3e   0x00000002   PAD
    0x08001d40   0x08001d40   0x00000058   Code   RO         3186    i.HAL_CAN_RxFifo0MsgPendingCallback  motor.o
    0x08001d98   0x08001d98   0x00000002   Code   RO          600    i.HAL_CAN_RxFifo1FullCallback  stm32f1xx_hal_can.o
    0x08001d9a   0x08001d9a   0x00000002   Code   RO          601    i.HAL_CAN_RxFifo1MsgPendingCallback  stm32f1xx_hal_can.o
    0x08001d9c   0x08001d9c   0x00000002   Code   RO          602    i.HAL_CAN_SleepCallback  stm32f1xx_hal_can.o
    0x08001d9e   0x08001d9e   0x00000002   PAD
    0x08001da0   0x08001da0   0x00000058   Code   RO          603    i.HAL_CAN_Start     stm32f1xx_hal_can.o
    0x08001df8   0x08001df8   0x00000002   Code   RO          605    i.HAL_CAN_TxMailbox0AbortCallback  stm32f1xx_hal_can.o
    0x08001dfa   0x08001dfa   0x00000002   Code   RO          606    i.HAL_CAN_TxMailbox0CompleteCallback  stm32f1xx_hal_can.o
    0x08001dfc   0x08001dfc   0x00000002   Code   RO          607    i.HAL_CAN_TxMailbox1AbortCallback  stm32f1xx_hal_can.o
    0x08001dfe   0x08001dfe   0x00000002   Code   RO          608    i.HAL_CAN_TxMailbox1CompleteCallback  stm32f1xx_hal_can.o
    0x08001e00   0x08001e00   0x00000002   Code   RO          609    i.HAL_CAN_TxMailbox2AbortCallback  stm32f1xx_hal_can.o
    0x08001e02   0x08001e02   0x00000002   Code   RO          610    i.HAL_CAN_TxMailbox2CompleteCallback  stm32f1xx_hal_can.o
    0x08001e04   0x08001e04   0x00000002   Code   RO          612    i.HAL_CAN_WakeUpFromRxMsgCallback  stm32f1xx_hal_can.o
    0x08001e06   0x08001e06   0x00000046   Code   RO         1192    i.HAL_DMA_Abort     stm32f1xx_hal_dma.o
    0x08001e4c   0x08001e4c   0x00000098   Code   RO         1193    i.HAL_DMA_Abort_IT  stm32f1xx_hal_dma.o
    0x08001ee4   0x08001ee4   0x00000154   Code   RO         1197    i.HAL_DMA_IRQHandler  stm32f1xx_hal_dma.o
    0x08002038   0x08002038   0x0000005c   Code   RO         1198    i.HAL_DMA_Init      stm32f1xx_hal_dma.o
    0x08002094   0x08002094   0x00000070   Code   RO         1202    i.HAL_DMA_Start_IT  stm32f1xx_hal_dma.o
    0x08002104   0x08002104   0x00000024   Code   RO          818    i.HAL_Delay         stm32f1xx_hal.o
    0x08002128   0x08002128   0x000001e0   Code   RO         1128    i.HAL_GPIO_Init     stm32f1xx_hal_gpio.o
    0x08002308   0x08002308   0x0000000a   Code   RO         1132    i.HAL_GPIO_WritePin  stm32f1xx_hal_gpio.o
    0x08002312   0x08002312   0x00000002   PAD
    0x08002314   0x08002314   0x0000000c   Code   RO          822    i.HAL_GetTick       stm32f1xx_hal.o
    0x08002320   0x08002320   0x00000010   Code   RO          828    i.HAL_IncTick       stm32f1xx_hal.o
    0x08002330   0x08002330   0x00000024   Code   RO          829    i.HAL_Init          stm32f1xx_hal.o
    0x08002354   0x08002354   0x00000040   Code   RO          830    i.HAL_InitTick      stm32f1xx_hal.o
    0x08002394   0x08002394   0x0000003c   Code   RO          517    i.HAL_MspInit       stm32f1xx_hal_msp.o
    0x080023d0   0x080023d0   0x0000001a   Code   RO         1288    i.HAL_NVIC_EnableIRQ  stm32f1xx_hal_cortex.o
    0x080023ea   0x080023ea   0x00000002   PAD
    0x080023ec   0x080023ec   0x00000040   Code   RO         1294    i.HAL_NVIC_SetPriority  stm32f1xx_hal_cortex.o
    0x0800242c   0x0800242c   0x00000024   Code   RO         1295    i.HAL_NVIC_SetPriorityGrouping  stm32f1xx_hal_cortex.o
    0x08002450   0x08002450   0x0000012c   Code   RO          986    i.HAL_RCC_ClockConfig  stm32f1xx_hal_rcc.o
    0x0800257c   0x0800257c   0x00000020   Code   RO          993    i.HAL_RCC_GetPCLK1Freq  stm32f1xx_hal_rcc.o
    0x0800259c   0x0800259c   0x00000020   Code   RO          994    i.HAL_RCC_GetPCLK2Freq  stm32f1xx_hal_rcc.o
    0x080025bc   0x080025bc   0x0000004c   Code   RO          995    i.HAL_RCC_GetSysClockFreq  stm32f1xx_hal_rcc.o
    0x08002608   0x08002608   0x00000320   Code   RO          998    i.HAL_RCC_OscConfig  stm32f1xx_hal_rcc.o
    0x08002928   0x08002928   0x00000028   Code   RO         1299    i.HAL_SYSTICK_Config  stm32f1xx_hal_cortex.o
    0x08002950   0x08002950   0x00000002   Code   RO         2494    i.HAL_TIMEx_BreakCallback  stm32f1xx_hal_tim_ex.o
    0x08002952   0x08002952   0x00000002   Code   RO         2495    i.HAL_TIMEx_CommutCallback  stm32f1xx_hal_tim_ex.o
    0x08002954   0x08002954   0x00000068   Code   RO         2513    i.HAL_TIMEx_MasterConfigSynchronization  stm32f1xx_hal_tim_ex.o
    0x080029bc   0x080029bc   0x0000005a   Code   RO         1790    i.HAL_TIM_Base_Init  stm32f1xx_hal_tim.o
    0x08002a16   0x08002a16   0x00000002   PAD
    0x08002a18   0x08002a18   0x0000006c   Code   RO          310    i.HAL_TIM_Base_MspInit  tim.o
    0x08002a84   0x08002a84   0x00000050   Code   RO         1793    i.HAL_TIM_Base_Start  stm32f1xx_hal_tim.o
    0x08002ad4   0x08002ad4   0x00000058   Code   RO         1795    i.HAL_TIM_Base_Start_IT  stm32f1xx_hal_tim.o
    0x08002b2c   0x08002b2c   0x00000026   Code   RO         1796    i.HAL_TIM_Base_Stop  stm32f1xx_hal_tim.o
    0x08002b52   0x08002b52   0x000000dc   Code   RO         1799    i.HAL_TIM_ConfigClockSource  stm32f1xx_hal_tim.o
    0x08002c2e   0x08002c2e   0x00000002   Code   RO         1824    i.HAL_TIM_IC_CaptureCallback  stm32f1xx_hal_tim.o
    0x08002c30   0x08002c30   0x00000130   Code   RO         1838    i.HAL_TIM_IRQHandler  stm32f1xx_hal_tim.o
    0x08002d60   0x08002d60   0x0000004c   Code   RO          311    i.HAL_TIM_MspPostInit  tim.o
    0x08002dac   0x08002dac   0x00000002   Code   RO         1841    i.HAL_TIM_OC_DelayElapsedCallback  stm32f1xx_hal_tim.o
    0x08002dae   0x08002dae   0x000000cc   Code   RO         1862    i.HAL_TIM_PWM_ConfigChannel  stm32f1xx_hal_tim.o
    0x08002e7a   0x08002e7a   0x0000005a   Code   RO         1865    i.HAL_TIM_PWM_Init  stm32f1xx_hal_tim.o
    0x08002ed4   0x08002ed4   0x00000002   Code   RO         1867    i.HAL_TIM_PWM_MspInit  stm32f1xx_hal_tim.o
    0x08002ed6   0x08002ed6   0x00000002   Code   RO         1868    i.HAL_TIM_PWM_PulseFinishedCallback  stm32f1xx_hal_tim.o
    0x08002ed8   0x08002ed8   0x0000009c   Code   RO         1870    i.HAL_TIM_PWM_Start  stm32f1xx_hal_tim.o
    0x08002f74   0x08002f74   0x00000002   Code   RO         1876    i.HAL_TIM_PeriodElapsedCallback  stm32f1xx_hal_tim.o
    0x08002f76   0x08002f76   0x00000002   Code   RO         1881    i.HAL_TIM_TriggerCallback  stm32f1xx_hal_tim.o
    0x08002f78   0x08002f78   0x0000004a   Code   RO         2771    i.HAL_UARTEx_ReceiveToIdle_DMA  stm32f1xx_hal_uart.o
    0x08002fc2   0x08002fc2   0x00000002   PAD
    0x08002fc4   0x08002fc4   0x00000044   Code   RO           14    i.HAL_UARTEx_RxEventCallback  main.o
    0x08003008   0x08003008   0x00000002   Code   RO         2787    i.HAL_UART_ErrorCallback  stm32f1xx_hal_uart.o
    0x0800300a   0x0800300a   0x00000002   PAD
    0x0800300c   0x0800300c   0x0000026c   Code   RO         2790    i.HAL_UART_IRQHandler  stm32f1xx_hal_uart.o
    0x08003278   0x08003278   0x00000064   Code   RO         2791    i.HAL_UART_Init     stm32f1xx_hal_uart.o
    0x080032dc   0x080032dc   0x000000dc   Code   RO          370    i.HAL_UART_MspInit  usart.o
    0x080033b8   0x080033b8   0x00000002   Code   RO         2797    i.HAL_UART_RxCpltCallback  stm32f1xx_hal_uart.o
    0x080033ba   0x080033ba   0x00000002   Code   RO         2798    i.HAL_UART_RxHalfCpltCallback  stm32f1xx_hal_uart.o
    0x080033bc   0x080033bc   0x000000a0   Code   RO         2799    i.HAL_UART_Transmit  stm32f1xx_hal_uart.o
    0x0800345c   0x0800345c   0x00000002   Code   RO         2802    i.HAL_UART_TxCpltCallback  stm32f1xx_hal_uart.o
    0x0800345e   0x0800345e   0x00000002   Code   RO          415    i.HardFault_Handler  stm32f1xx_it.o
    0x08003460   0x08003460   0x00000044   Code   RO          245    i.MX_CAN_Init       can.o
    0x080034a4   0x080034a4   0x0000003c   Code   RO          285    i.MX_DMA_Init       dma.o
    0x080034e0   0x080034e0   0x00000070   Code   RO          219    i.MX_GPIO_Init      gpio.o
    0x08003550   0x08003550   0x00000068   Code   RO          312    i.MX_TIM1_Init      tim.o
    0x080035b8   0x080035b8   0x00000064   Code   RO          313    i.MX_TIM2_Init      tim.o
    0x0800361c   0x0800361c   0x00000098   Code   RO          314    i.MX_TIM3_Init      tim.o
    0x080036b4   0x080036b4   0x00000038   Code   RO          371    i.MX_USART1_UART_Init  usart.o
    0x080036ec   0x080036ec   0x00000002   Code   RO          416    i.MemManage_Handler  stm32f1xx_it.o
    0x080036ee   0x080036ee   0x00000002   PAD
    0x080036f0   0x080036f0   0x000000f4   Code   RO           15    i.MiAngleControlOff  main.o
    0x080037e4   0x080037e4   0x000000f4   Code   RO           16    i.MiAngleControlOn  main.o
    0x080038d8   0x080038d8   0x00000078   Code   RO         3187    i.Motor_Data_Handler  motor.o
    0x08003950   0x08003950   0x00000002   Code   RO          417    i.NMI_Handler       stm32f1xx_it.o
    0x08003952   0x08003952   0x00000002   Code   RO          418    i.PendSV_Handler    stm32f1xx_it.o
    0x08003954   0x08003954   0x00000002   Code   RO          419    i.SVC_Handler       stm32f1xx_it.o
    0x08003956   0x08003956   0x00000002   PAD
    0x08003958   0x08003958   0x00000080   Code   RO         3188    i.Set_Motor_Parameter  motor.o
    0x080039d8   0x080039d8   0x00000004   Code   RO          420    i.SysTick_Handler   stm32f1xx_it.o
    0x080039dc   0x080039dc   0x0000005e   Code   RO           17    i.SystemClock_Config  main.o
    0x08003a3a   0x08003a3a   0x00000002   Code   RO         3125    i.SystemInit        system_stm32f1xx.o
    0x08003a3c   0x08003a3c   0x0000000c   Code   RO          421    i.TIM2_IRQHandler   stm32f1xx_it.o
    0x08003a48   0x08003a48   0x00000078   Code   RO         1883    i.TIM_Base_SetConfig  stm32f1xx_hal_tim.o
    0x08003ac0   0x08003ac0   0x0000001a   Code   RO         1884    i.TIM_CCxChannelCmd  stm32f1xx_hal_tim.o
    0x08003ada   0x08003ada   0x00000014   Code   RO         1894    i.TIM_ETR_SetConfig  stm32f1xx_hal_tim.o
    0x08003aee   0x08003aee   0x00000010   Code   RO         1895    i.TIM_ITRx_SetConfig  stm32f1xx_hal_tim.o
    0x08003afe   0x08003afe   0x00000002   PAD
    0x08003b00   0x08003b00   0x00000050   Code   RO         1896    i.TIM_OC1_SetConfig  stm32f1xx_hal_tim.o
    0x08003b50   0x08003b50   0x00000058   Code   RO         1897    i.TIM_OC2_SetConfig  stm32f1xx_hal_tim.o
    0x08003ba8   0x08003ba8   0x00000058   Code   RO         1898    i.TIM_OC3_SetConfig  stm32f1xx_hal_tim.o
    0x08003c00   0x08003c00   0x00000044   Code   RO         1899    i.TIM_OC4_SetConfig  stm32f1xx_hal_tim.o
    0x08003c44   0x08003c44   0x00000022   Code   RO         1901    i.TIM_TI1_ConfigInputStage  stm32f1xx_hal_tim.o
    0x08003c66   0x08003c66   0x00000024   Code   RO         1903    i.TIM_TI2_ConfigInputStage  stm32f1xx_hal_tim.o
    0x08003c8a   0x08003c8a   0x00000010   Code   RO         2804    i.UART_DMAAbortOnError  stm32f1xx_hal_uart.o
    0x08003c9a   0x08003c9a   0x0000004a   Code   RO         2805    i.UART_DMAError     stm32f1xx_hal_uart.o
    0x08003ce4   0x08003ce4   0x00000086   Code   RO         2806    i.UART_DMAReceiveCplt  stm32f1xx_hal_uart.o
    0x08003d6a   0x08003d6a   0x0000001e   Code   RO         2808    i.UART_DMARxHalfCplt  stm32f1xx_hal_uart.o
    0x08003d88   0x08003d88   0x0000004e   Code   RO         2814    i.UART_EndRxTransfer  stm32f1xx_hal_uart.o
    0x08003dd6   0x08003dd6   0x0000001c   Code   RO         2815    i.UART_EndTxTransfer  stm32f1xx_hal_uart.o
    0x08003df2   0x08003df2   0x000000c2   Code   RO         2816    i.UART_Receive_IT   stm32f1xx_hal_uart.o
    0x08003eb4   0x08003eb4   0x000000b8   Code   RO         2817    i.UART_SetConfig    stm32f1xx_hal_uart.o
    0x08003f6c   0x08003f6c   0x00000090   Code   RO         2818    i.UART_Start_Receive_DMA  stm32f1xx_hal_uart.o
    0x08003ffc   0x08003ffc   0x00000072   Code   RO         2820    i.UART_WaitOnFlagUntilTimeout  stm32f1xx_hal_uart.o
    0x0800406e   0x0800406e   0x00000002   PAD
    0x08004070   0x08004070   0x0000000c   Code   RO          422    i.USART1_IRQHandler  stm32f1xx_it.o
    0x0800407c   0x0800407c   0x0000000c   Code   RO          423    i.USB_LP_CAN1_RX0_IRQHandler  stm32f1xx_it.o
    0x08004088   0x08004088   0x00000002   Code   RO          424    i.UsageFault_Handler  stm32f1xx_it.o
    0x0800408a   0x0800408a   0x00000020   Code   RO         1301    i.__NVIC_SetPriority  stm32f1xx_hal_cortex.o
    0x080040aa   0x080040aa   0x0000000e   Code   RO         3620    i.__mathlib_dbl_overflow  m_ws.l(dunder.o)
    0x080040b8   0x080040b8   0x00000010   Code   RO         3622    i.__mathlib_dbl_underflow  m_ws.l(dunder.o)
    0x080040c8   0x080040c8   0x00000010   Code   RO         3531    i.__mathlib_narrow  m_ws.l(narrow.o)
    0x080040d8   0x080040d8   0x000000bc   Code   RO         3532    i.__mathlib_tofloat  m_ws.l(narrow.o)
    0x08004194   0x08004194   0x00000016   Code   RO         3578    i.__support_ldexp   m_ws.l(ldexp.o)
    0x080041aa   0x080041aa   0x0000000e   Code   RO         3421    i._is_digit         c_w.l(scanf_fp.o)
    0x080041b8   0x080041b8   0x0000002a   Code   RO         3358    i.atof              m_ws.l(atof.o)
    0x080041e2   0x080041e2   0x00000002   PAD
    0x080041e4   0x080041e4   0x00000118   Code   RO           18    i.bujin             main.o
    0x080042fc   0x080042fc   0x00000056   Code   RO         3190    i.float_to_uint     motor.o
    0x08004352   0x08004352   0x00000002   PAD
    0x08004354   0x08004354   0x00000058   Code   RO         3557    i.frexp             m_ws.l(frexp.o)
    0x080043ac   0x080043ac   0x00000054   Code   RO           19    i.get               main.o
    0x08004400   0x08004400   0x00000030   Code   RO         3191    i.init_cybergear    motor.o
    0x08004430   0x08004430   0x00000074   Code   RO         3579    i.ldexp             m_ws.l(ldexp.o)
    0x080044a4   0x080044a4   0x00000174   Code   RO           20    i.main              main.o
    0x08004618   0x08004618   0x000000fc   Code   RO         3192    i.motor_controlmode  motor.o
    0x08004714   0x08004714   0x00000074   Code   RO           21    i.place             main.o
    0x08004788   0x08004788   0x0000001c   Code   RO         3195    i.set_mode_cybergear  motor.o
    0x080047a4   0x080047a4   0x00000030   Code   RO         3196    i.set_zeropos_cybergear  motor.o
    0x080047d4   0x080047d4   0x0000002c   Code   RO         3197    i.start_cybergear   motor.o
    0x08004800   0x08004800   0x0000003a   Code   RO         3199    i.uint16_to_float   motor.o
    0x0800483a   0x0800483a   0x00000002   PAD
    0x0800483c   0x0800483c   0x0000002c   Code   RO         3406    locale$$code        c_w.l(lc_numeric_c.o)
    0x08004868   0x08004868   0x0000002c   Code   RO         3513    locale$$code        c_w.l(lc_ctype_c.o)
    0x08004894   0x08004894   0x00000062   Code   RO         3297    x$fpl$d2f           fz_ws.l(d2f.o)
    0x080048f6   0x080048f6   0x00000002   PAD
    0x080048f8   0x080048f8   0x00000150   Code   RO         3299    x$fpl$dadd          fz_ws.l(daddsub_clz.o)
    0x08004a48   0x08004a48   0x00000010   Code   RO         3366    x$fpl$dcheck1       fz_ws.l(dcheck1.o)
    0x08004a58   0x08004a58   0x00000018   Code   RO         3368    x$fpl$dcmpinf       fz_ws.l(dcmpi.o)
    0x08004a70   0x08004a70   0x000002b0   Code   RO         3306    x$fpl$ddiv          fz_ws.l(ddiv.o)
    0x08004d20   0x08004d20   0x00000078   Code   RO         3552    x$fpl$deqf          fz_ws.l(deqf.o)
    0x08004d98   0x08004d98   0x0000005e   Code   RO         3309    x$fpl$dfix          fz_ws.l(dfix.o)
    0x08004df6   0x08004df6   0x0000002e   Code   RO         3314    x$fpl$dflt          fz_ws.l(dflt_clz.o)
    0x08004e24   0x08004e24   0x00000026   Code   RO         3313    x$fpl$dfltu         fz_ws.l(dflt_clz.o)
    0x08004e4a   0x08004e4a   0x00000002   PAD
    0x08004e4c   0x08004e4c   0x00000078   Code   RO         3319    x$fpl$dleqf         fz_ws.l(dleqf.o)
    0x08004ec4   0x08004ec4   0x00000154   Code   RO         3321    x$fpl$dmul          fz_ws.l(dmul.o)
    0x08005018   0x08005018   0x0000009c   Code   RO         3370    x$fpl$dnaninf       fz_ws.l(dnaninf.o)
    0x080050b4   0x080050b4   0x0000000c   Code   RO         3372    x$fpl$dretinf       fz_ws.l(dretinf.o)
    0x080050c0   0x080050c0   0x0000006c   Code   RO         3554    x$fpl$drleqf        fz_ws.l(drleqf.o)
    0x0800512c   0x0800512c   0x00000016   Code   RO         3300    x$fpl$drsb          fz_ws.l(daddsub_clz.o)
    0x08005142   0x08005142   0x00000002   PAD
    0x08005144   0x08005144   0x000001d4   Code   RO         3301    x$fpl$dsub          fz_ws.l(daddsub_clz.o)
    0x08005318   0x08005318   0x00000056   Code   RO         3323    x$fpl$f2d           fz_ws.l(f2d.o)
    0x0800536e   0x0800536e   0x00000002   PAD
    0x08005370   0x08005370   0x000000c4   Code   RO         3325    x$fpl$fadd          fz_ws.l(faddsub_clz.o)
    0x08005434   0x08005434   0x00000018   Code   RO         3374    x$fpl$fcmpinf       fz_ws.l(fcmpi.o)
    0x0800544c   0x0800544c   0x00000184   Code   RO         3332    x$fpl$fdiv          fz_ws.l(fdiv.o)
    0x080055d0   0x080055d0   0x00000036   Code   RO         3335    x$fpl$ffix          fz_ws.l(ffix.o)
    0x08005606   0x08005606   0x00000002   PAD
    0x08005608   0x08005608   0x0000003e   Code   RO         3339    x$fpl$ffixu         fz_ws.l(ffixu.o)
    0x08005646   0x08005646   0x00000002   PAD
    0x08005648   0x08005648   0x00000030   Code   RO         3344    x$fpl$fflt          fz_ws.l(fflt_clz.o)
    0x08005678   0x08005678   0x00000026   Code   RO         3343    x$fpl$ffltu         fz_ws.l(fflt_clz.o)
    0x0800569e   0x0800569e   0x00000002   PAD
    0x080056a0   0x080056a0   0x00000068   Code   RO         3349    x$fpl$fleqf         fz_ws.l(fleqf.o)
    0x08005708   0x08005708   0x00000102   Code   RO         3351    x$fpl$fmul          fz_ws.l(fmul.o)
    0x0800580a   0x0800580a   0x0000008c   Code   RO         3376    x$fpl$fnaninf       fz_ws.l(fnaninf.o)
    0x08005896   0x08005896   0x0000000a   Code   RO         3378    x$fpl$fretinf       fz_ws.l(fretinf.o)
    0x080058a0   0x080058a0   0x00000062   Code   RO         3353    x$fpl$frleqf        fz_ws.l(frleqf.o)
    0x08005902   0x08005902   0x00000002   PAD
    0x08005904   0x08005904   0x000000ea   Code   RO         3327    x$fpl$fsub          fz_ws.l(faddsub_clz.o)
    0x080059ee   0x080059ee   0x00000006   Code   RO         3523    x$fpl$ieeestatus    fz_ws.l(istatus.o)
    0x080059f4   0x080059f4   0x00000064   Code   RO         3408    x$fpl$retnan        fz_ws.l(retnan.o)
    0x08005a58   0x08005a58   0x0000005c   Code   RO         3355    x$fpl$scalbn        fz_ws.l(scalbn.o)
    0x08005ab4   0x08005ab4   0x00000004   Code   RO         3410    x$fpl$scanf1        fz_ws.l(scanf1.o)
    0x08005ab8   0x08005ab8   0x00000008   Code   RO         3525    x$fpl$scanf2        fz_ws.l(scanf2.o)
    0x08005ac0   0x08005ac0   0x00000030   Code   RO         3478    x$fpl$trapveneer    fz_ws.l(trapv.o)
    0x08005af0   0x08005af0   0x00000000   Code   RO         3380    x$fpl$usenofp       fz_ws.l(usenofp.o)
    0x08005af0   0x08005af0   0x00000012   Data   RO          999    .constdata          stm32f1xx_hal_rcc.o
    0x08005b02   0x08005b02   0x00000010   Data   RO         3126    .constdata          system_stm32f1xx.o
    0x08005b12   0x08005b12   0x00000008   Data   RO         3127    .constdata          system_stm32f1xx.o
    0x08005b1a   0x08005b1a   0x00000002   PAD
    0x08005b1c   0x08005b1c   0x00000094   Data   RO         3488    .constdata          c_w.l(bigflt0.o)
    0x08005bb0   0x08005bb0   0x00000020   Data   RO         3655    Region$$Table       anon$$obj.o
    0x08005bd0   0x08005bd0   0x00000008   Data   RO         3517    c$$dinf             fz_ws.l(fpconst.o)
    0x08005bd8   0x08005bd8   0x00000008   Data   RO         3520    c$$dmax             fz_ws.l(fpconst.o)
    0x08005be0   0x08005be0   0x0000001c   Data   RO         3405    locale$$data        c_w.l(lc_numeric_c.o)
    0x08005bfc   0x08005bfc   0x00000110   Data   RO         3512    locale$$data        c_w.l(lc_ctype_c.o)


    Execution Region RW_IRAM1 (Exec base: 0x20000000, Load base: 0x08005d0c, Size: 0x00000938, Max: 0x00005000, ABSOLUTE)

    Exec Addr    Load Addr    Size         Type   Attr      Idx    E Section Name        Object

    0x20000000   0x08005d0c   0x00000018   Data   RW           23    .data               main.o
    0x20000018   0x08005d24   0x0000000c   Data   RW          836    .data               stm32f1xx_hal.o
    0x20000024   0x08005d30   0x00000004   Data   RW         3128    .data               system_stm32f1xx.o
    0x20000028   0x08005d34   0x00000020   Data   RW         3201    .data               motor.o
    0x20000048        -       0x0000000a   Zero   RW           22    .bss                main.o
    0x20000052   0x08005d54   0x00000002   PAD
    0x20000054        -       0x00000028   Zero   RW          246    .bss                can.o
    0x2000007c        -       0x000000d8   Zero   RW          315    .bss                tim.o
    0x20000154        -       0x000000d0   Zero   RW          372    .bss                usart.o
    0x20000224        -       0x000000b4   Zero   RW         3200    .bss                motor.o
    0x200002d8        -       0x00000060   Zero   RW         3413    .bss                c_w.l(libspace.o)
    0x20000338        -       0x00000200   Zero   RW            2    HEAP                startup_stm32f103xb.o
    0x20000538        -       0x00000400   Zero   RW            1    STACK               startup_stm32f103xb.o


==============================================================================

Image component sizes


      Code (inc. data)   RO Data    RW Data    ZI Data      Debug   Object Name

       192         22          0          0         40       1531   can.o
        48          6          0          0          0        495   delay_us.o
        60          4          0          0          0        702   dma.o
       112          8          0          0          0        847   gpio.o
      1506        170          0         24         10     441928   main.o
       900        136          0         32        180       8606   motor.o
        64         26        236          0       1536        780   startup_stm32f103xb.o
       164         28          0         12          0       5645   stm32f1xx_hal.o
      1628          0          0          0          0      13051   stm32f1xx_hal_can.o
       198         14          0          0          0      28759   stm32f1xx_hal_cortex.o
       808         36          0          0          0       4762   stm32f1xx_hal_dma.o
       490         34          0          0          0       2796   stm32f1xx_hal_gpio.o
        60          8          0          0          0        806   stm32f1xx_hal_msp.o
      1240         84         18          0          0       4920   stm32f1xx_hal_rcc.o
      1858         70          0          0          0      17055   stm32f1xx_hal_tim.o
       108         12          0          0          0       2273   stm32f1xx_hal_tim_ex.o
      1958         24          0          0          0      13637   stm32f1xx_hal_uart.o
        80         30          0          0          0       5631   stm32f1xx_it.o
         2          0         24          4          0       1023   system_stm32f1xx.o
       540         48          0          0        216       3454   tim.o
       276         30          0          0        208       1752   usart.o

    ----------------------------------------------------------------------
     12322        790        312         72       2192     560453   Object Totals
         0          0         32          0          0          0   (incl. Generated)
        30          0          2          0          2          0   (incl. Padding)

    ----------------------------------------------------------------------

      Code (inc. data)   RO Data    RW Data    ZI Data      Debug   Library Member Name

         8          0          0          0          0         68   __main.o
         0          0          0          0          0          0   __rtentry.o
        12          0          0          0          0          0   __rtentry2.o
         6          0          0          0          0          0   __rtentry4.o
        52          8          0          0          0          0   __scatter.o
        26          0          0          0          0          0   __scatter_copy.o
        28          0          0          0          0          0   __scatter_zi.o
        28          0          0          0          0         68   _chval.o
        22          0          0          0          0        100   _rserrno.o
        64          0          0          0          0         84   _sgetc.o
       228          4        148          0          0         96   bigflt0.o
      1924        136          0          0          0        756   btod.o
        18          0          0          0          0         80   exit.o
         6          0          0          0          0        152   heapauxi.o
         0          0          0          0          0          0   indicate_semi.o
        18          0          0          0          0         76   isspace.o
        44         10        272          0          0         76   lc_ctype_c.o
        44         10         28          0          0         76   lc_numeric_c.o
         2          0          0          0          0          0   libinit.o
        30          0          0          0          0          0   libinit2.o
         2          0          0          0          0          0   libshutdown.o
         2          0          0          0          0          0   libshutdown2.o
         8          4          0          0         96         68   libspace.o
        38          0          0          0          0         68   llshl.o
        16          4          0          0          0         76   rt_ctype_table.o
         8          4          0          0          0         68   rt_errno_addr_intlibspace.o
         8          4          0          0          0         68   rt_locale_intlibspace.o
        78          0          0          0          0         80   rt_memclr_w.o
         2          0          0          0          0          0   rtexit.o
        10          0          0          0          0          0   rtexit2.o
      1286         16          0          0          0        236   scanf_fp.o
       800         14          0          0          0        100   scanf_hexfp.o
       308         16          0          0          0        100   scanf_infnan.o
       128          0          0          0          0         68   strcmpv7m.o
       164         14          0          0          0        120   strtod.o
        12          4          0          0          0         68   sys_exit.o
        74          0          0          0          0         80   sys_stackheap_outer.o
         2          0          0          0          0         68   use_no_semi.o
        98          4          0          0          0         92   d2f.o
       826         16          0          0          0        348   daddsub_clz.o
        16          4          0          0          0         68   dcheck1.o
        24          0          0          0          0         68   dcmpi.o
       688        140          0          0          0        208   ddiv.o
       120          4          0          0          0         92   deqf.o
        94          4          0          0          0         92   dfix.o
        84          0          0          0          0        136   dflt_clz.o
       120          4          0          0          0         92   dleqf.o
       340         12          0          0          0        104   dmul.o
       156          4          0          0          0         92   dnaninf.o
        12          0          0          0          0         68   dretinf.o
       108          0          0          0          0         80   drleqf.o
        86          4          0          0          0         84   f2d.o
       430          8          0          0          0        168   faddsub_clz.o
        24          0          0          0          0         68   fcmpi.o
       388         76          0          0          0         96   fdiv.o
        54          4          0          0          0         84   ffix.o
        62          4          0          0          0         84   ffixu.o
        86          0          0          0          0        136   fflt_clz.o
       104          4          0          0          0         84   fleqf.o
       258          4          0          0          0         84   fmul.o
       140          4          0          0          0         84   fnaninf.o
         0          0         16          0          0          0   fpconst.o
        10          0          0          0          0         68   fretinf.o
        98          0          0          0          0         68   frleqf.o
         6          0          0          0          0         68   istatus.o
       100          0          0          0          0         68   retnan.o
        92          0          0          0          0         68   scalbn.o
         4          0          0          0          0         68   scanf1.o
         8          0          0          0          0         84   scanf2.o
        48          0          0          0          0         68   trapv.o
         0          0          0          0          0          0   usenofp.o
        42          0          0          0          0         84   atof.o
        30          6          0          0          0        136   dunder.o
        88          8          0          0          0         76   frexp.o
       138          0          0          0          0        160   ldexp.o
       204          4          0          0          0        168   narrow.o

    ----------------------------------------------------------------------
     10722        566        464          0         96       6596   Library Totals
        30          0          0          0          0          0   (incl. Padding)

    ----------------------------------------------------------------------

      Code (inc. data)   RO Data    RW Data    ZI Data      Debug   Library Name

      5506        248        448          0         96       2900   c_w.l
      4684        300         16          0          0       3072   fz_ws.l
       502         18          0          0          0        624   m_ws.l

    ----------------------------------------------------------------------
     10722        566        464          0         96       6596   Library Totals

    ----------------------------------------------------------------------

==============================================================================


      Code (inc. data)   RO Data    RW Data    ZI Data      Debug   

     23044       1356        776         72       2288     556489   Grand Totals
     23044       1356        776         72       2288     556489   ELF Image Totals
     23044       1356        776         72          0          0   ROM Totals

==============================================================================

    Total RO  Size (Code + RO Data)                23820 (  23.26kB)
    Total RW  Size (RW Data + ZI Data)              2360 (   2.30kB)
    Total ROM Size (Code + RO Data + RW Data)      23892 (  23.33kB)

==============================================================================

