Component: ARM Compiler 5.06 update 7 (build 960) Tool: armlink [4d3601]

==============================================================================

Section Cross References

    startup_stm32f407xx.o(STACK) refers (Special) to heapauxi.o(.text) for __use_two_region_memory
    startup_stm32f407xx.o(HEAP) refers (Special) to heapauxi.o(.text) for __use_two_region_memory
    startup_stm32f407xx.o(RESET) refers (Special) to heapauxi.o(.text) for __use_two_region_memory
    startup_stm32f407xx.o(RESET) refers to startup_stm32f407xx.o(STACK) for __initial_sp
    startup_stm32f407xx.o(RESET) refers to startup_stm32f407xx.o(.text) for Reset_Handler
    startup_stm32f407xx.o(RESET) refers to stm32f4xx_it.o(i.NMI_Handler) for NMI_Handler
    startup_stm32f407xx.o(RESET) refers to stm32f4xx_it.o(i.HardFault_Handler) for HardFault_Handler
    startup_stm32f407xx.o(RESET) refers to stm32f4xx_it.o(i.MemManage_Handler) for MemManage_Handler
    startup_stm32f407xx.o(RESET) refers to stm32f4xx_it.o(i.BusFault_Handler) for BusFault_Handler
    startup_stm32f407xx.o(RESET) refers to stm32f4xx_it.o(i.UsageFault_Handler) for UsageFault_Handler
    startup_stm32f407xx.o(RESET) refers to stm32f4xx_it.o(i.SVC_Handler) for SVC_Handler
    startup_stm32f407xx.o(RESET) refers to stm32f4xx_it.o(i.DebugMon_Handler) for DebugMon_Handler
    startup_stm32f407xx.o(RESET) refers to stm32f4xx_it.o(i.PendSV_Handler) for PendSV_Handler
    startup_stm32f407xx.o(RESET) refers to stm32f4xx_it.o(i.SysTick_Handler) for SysTick_Handler
    startup_stm32f407xx.o(RESET) refers to stm32f4xx_it.o(i.DMA1_Stream1_IRQHandler) for DMA1_Stream1_IRQHandler
    startup_stm32f407xx.o(RESET) refers to stm32f4xx_it.o(i.DMA1_Stream3_IRQHandler) for DMA1_Stream3_IRQHandler
    startup_stm32f407xx.o(RESET) refers to stm32f4xx_it.o(i.DMA1_Stream5_IRQHandler) for DMA1_Stream5_IRQHandler
    startup_stm32f407xx.o(RESET) refers to stm32f4xx_it.o(i.DMA1_Stream6_IRQHandler) for DMA1_Stream6_IRQHandler
    startup_stm32f407xx.o(RESET) refers to stm32f4xx_it.o(i.USART1_IRQHandler) for USART1_IRQHandler
    startup_stm32f407xx.o(RESET) refers to stm32f4xx_it.o(i.USART2_IRQHandler) for USART2_IRQHandler
    startup_stm32f407xx.o(RESET) refers to stm32f4xx_it.o(i.USART3_IRQHandler) for USART3_IRQHandler
    startup_stm32f407xx.o(RESET) refers to stm32f4xx_it.o(i.DMA2_Stream1_IRQHandler) for DMA2_Stream1_IRQHandler
    startup_stm32f407xx.o(RESET) refers to stm32f4xx_it.o(i.DMA2_Stream2_IRQHandler) for DMA2_Stream2_IRQHandler
    startup_stm32f407xx.o(RESET) refers to stm32f4xx_it.o(i.DMA2_Stream6_IRQHandler) for DMA2_Stream6_IRQHandler
    startup_stm32f407xx.o(RESET) refers to stm32f4xx_it.o(i.DMA2_Stream7_IRQHandler) for DMA2_Stream7_IRQHandler
    startup_stm32f407xx.o(RESET) refers to stm32f4xx_it.o(i.USART6_IRQHandler) for USART6_IRQHandler
    startup_stm32f407xx.o(.text) refers (Special) to heapauxi.o(.text) for __use_two_region_memory
    startup_stm32f407xx.o(.text) refers to system_stm32f4xx.o(i.SystemInit) for SystemInit
    startup_stm32f407xx.o(.text) refers to __main.o(!!!main) for __main
    startup_stm32f407xx.o(.text) refers to startup_stm32f407xx.o(HEAP) for Heap_Mem
    startup_stm32f407xx.o(.text) refers to startup_stm32f407xx.o(STACK) for Stack_Mem
    receive_from_pi.o(i.parse_string_to_result) refers to _scanf_str.o(.text) for _scanf_string
    receive_from_pi.o(i.parse_string_to_result) refers to aeabi_memset.o(.text) for __aeabi_memset
    receive_from_pi.o(i.parse_string_to_result) refers to strncpy.o(.text) for strncpy
    receive_from_pi.o(i.parse_string_to_result) refers to __0sscanf.o(.text) for __0sscanf
    receive_from_pi.o(i.parse_string_to_result) refers to strtok.o(.text) for strtok
    receive_from_pi.o(i.rpi_init_polling) refers to receive_from_pi.o(.data) for .data
    receive_from_pi.o(i.rpi_receive_data_blocking_polling) refers to rt_memclr_w.o(.text) for __aeabi_memclr4
    receive_from_pi.o(i.rpi_receive_data_blocking_polling) refers to stm32f4xx_hal_uart.o(i.HAL_UART_Receive) for HAL_UART_Receive
    receive_from_pi.o(i.rpi_receive_data_blocking_polling) refers to receive_from_pi.o(i.parse_string_to_result) for parse_string_to_result
    receive_from_pi.o(i.rpi_receive_data_blocking_polling) refers to receive_from_pi.o(i.is_result_perfect) for is_result_perfect
    receive_from_pi.o(i.rpi_receive_data_blocking_polling) refers to rt_memcpy_w.o(.text) for __aeabi_memcpy4
    receive_from_pi.o(i.rpi_receive_data_blocking_polling) refers to receive_from_pi.o(.data) for .data
    receive_from_pi.o(i.rpi_receive_data_configurable_polling) refers to rt_memclr_w.o(.text) for __aeabi_memclr4
    receive_from_pi.o(i.rpi_receive_data_configurable_polling) refers to aeabi_memset.o(.text) for __aeabi_memset
    receive_from_pi.o(i.rpi_receive_data_configurable_polling) refers to stm32f4xx_hal.o(i.HAL_GetTick) for HAL_GetTick
    receive_from_pi.o(i.rpi_receive_data_configurable_polling) refers to rt_memcpy_w.o(.text) for __aeabi_memcpy4
[...]
    .ARM.Collect$$libshutdown$$00000004      0x08000218   Section        0  libshutdown2.o(.ARM.Collect$$libshutdown$$00000004)
    .ARM.Collect$$libshutdown$$00000006      0x08000218   Section        0  libshutdown2.o(.ARM.Collect$$libshutdown$$00000006)
    .ARM.Collect$$libshutdown$$00000009      0x08000218   Section        0  libshutdown2.o(.ARM.Collect$$libshutdown$$00000009)
    .ARM.Collect$$libshutdown$$0000000C      0x08000218   Section        0  libshutdown2.o(.ARM.Collect$$libshutdown$$0000000C)
    .ARM.Collect$$libshutdown$$0000000E      0x08000218   Section        0  libshutdown2.o(.ARM.Collect$$libshutdown$$0000000E)
    .ARM.Collect$$libshutdown$$00000011      0x08000218   Section        0  libshutdown2.o(.ARM.Collect$$libshutdown$$00000011)
    .ARM.Collect$$libshutdown$$00000012      0x08000218   Section        2  libshutdown2.o(.ARM.Collect$$libshutdown$$00000012)
    .ARM.Collect$$rtentry$$00000000          0x0800021a   Section        0  __rtentry.o(.ARM.Collect$$rtentry$$00000000)
    .ARM.Collect$$rtentry$$00000002          0x0800021a   Section        0  __rtentry2.o(.ARM.Collect$$rtentry$$00000002)
    .ARM.Collect$$rtentry$$00000004          0x0800021a   Section        6  __rtentry4.o(.ARM.Collect$$rtentry$$00000004)
    .ARM.Collect$$rtentry$$00000009          0x08000220   Section        0  __rtentry2.o(.ARM.Collect$$rtentry$$00000009)
    .ARM.Collect$$rtentry$$0000000A          0x08000220   Section        4  __rtentry2.o(.ARM.Collect$$rtentry$$0000000A)
    .ARM.Collect$$rtentry$$0000000C          0x08000224   Section        0  __rtentry2.o(.ARM.Collect$$rtentry$$0000000C)
    .ARM.Collect$$rtentry$$0000000D          0x08000224   Section        8  __rtentry2.o(.ARM.Collect$$rtentry$$0000000D)
    .ARM.Collect$$rtexit$$00000000           0x0800022c   Section        2  rtexit.o(.ARM.Collect$$rtexit$$00000000)
    .ARM.Collect$$rtexit$$00000002           0x0800022e   Section        0  rtexit2.o(.ARM.Collect$$rtexit$$00000002)
    .ARM.Collect$$rtexit$$00000003           0x0800022e   Section        4  rtexit2.o(.ARM.Collect$$rtexit$$00000003)
    .ARM.Collect$$rtexit$$00000004           0x08000232   Section        6  rtexit2.o(.ARM.Collect$$rtexit$$00000004)
    .text                                    0x08000238   Section       64  startup_stm32f407xx.o(.text)
    $v0                                      0x08000238   Number         0  startup_stm32f407xx.o(.text)
    .text                                    0x08000278   Section      238  lludivv7m.o(.text)
    .text                                    0x08000368   Section        0  __0sscanf.o(.text)
    .text                                    0x080003a4   Section        0  _scanf_str.o(.text)
    .text                                    0x08000484   Section        0  strtok.o(.text)
    .text                                    0x08000490   Section        0  strlen.o(.text)
    .text                                    0x080004ce   Section      100  rt_memcpy_w.o(.text)
    .text                                    0x08000532   Section       16  aeabi_memset.o(.text)
    .text                                    0x08000542   Section       78  rt_memclr_w.o(.text)
    .text                                    0x08000590   Section       86  strncpy.o(.text)
    .text                                    0x080005e6   Section        0  heapauxi.o(.text)
    .text                                    0x080005ec   Section        0  scanf_char.o(.text)
    _scanf_char_input                        0x080005ed   Thumb Code    12  scanf_char.o(.text)
    .text                                    0x08000618   Section        0  _sgetc.o(.text)
    .text                                    0x08000658   Section        0  strtok_int.o(.text)
    .text                                    0x0800069c   Section       68  rt_memclr.o(.text)
    .text                                    0x080006e0   Section        0  isspace.o(.text)
    .text                                    0x080006f4   Section        0  _scanf.o(.text)
    .text                                    0x08000a68   Section        0  strcspn.o(.text)
    .text                                    0x08000a88   Section        0  strspn.o(.text)
    .text                                    0x08000aa4   Section       74  sys_stackheap_outer.o(.text)
    .text                                    0x08000af0   Section       16  rt_ctype_table.o(.text)
    .text                                    0x08000b00   Section        0  exit.o(.text)
    .text                                    0x08000b14   Section        8  libspace.o(.text)
    .text                                    0x08000b1c   Section        8  rt_locale_intlibspace.o(.text)
    .text                                    0x08000b24   Section        0  sys_exit.o(.text)
    .text                                    0x08000b30   Section      128  strcmpv7m.o(.text)
    .text                                    0x08000bb0   Section        2  use_no_semi.o(.text)
    .text                                    0x08000bb2   Section        0  indicate_semi.o(.text)
    i.BusFault_Handler                       0x08000bb2   Section        0  stm32f4xx_it.o(i.BusFault_Handler)
    i.DMA1_Stream1_IRQHandler                0x08000bb4   Section        0  stm32f4xx_it.o(i.DMA1_Stream1_IRQHandler)
    i.DMA1_Stream3_IRQHandler                0x08000bc0   Section        0  stm32f4xx_it.o(i.DMA1_Stream3_IRQHandler)
    i.DMA1_Stream5_IRQHandler                0x08000bcc   Section        0  stm32f4xx_it.o(i.DMA1_Stream5_IRQHandler)
    i.DMA1_Stream6_IRQHandler                0x08000bd8   Section        0  stm32f4xx_it.o(i.DMA1_Stream6_IRQHandler)
    i.DMA2_Stream1_IRQHandler                0x08000be4   Section        0  stm32f4xx_it.o(i.DMA2_Stream1_IRQHandler)
    i.DMA2_Stream2_IRQHandler                0x08000bf0   Section        0  stm32f4xx_it.o(i.DMA2_Stream2_IRQHandler)
    i.DMA2_Stream6_IRQHandler                0x08000bfc   Section        0  stm32f4xx_it.o(i.DMA2_Stream6_IRQHandler)
    i.DMA2_Stream7_IRQHandler                0x08000c08   Section        0  stm32f4xx_it.o(i.DMA2_Stream7_IRQHandler)
    i.DMA_CalcBaseAndBitshift                0x08000c14   Section        0  stm32f4xx_hal_dma.o(i.DMA_CalcBaseAndBitshift)
    DMA_CalcBaseAndBitshift                  0x08000c15   Thumb Code    34  stm32f4xx_hal_dma.o(i.DMA_CalcBaseAndBitshift)
    i.DMA_CheckFifoParam                     0x08000c3c   Section        0  stm32f4xx_hal_dma.o(i.DMA_CheckFifoParam)
    DMA_CheckFifoParam                       0x08000c3d   Thumb Code    84  stm32f4xx_hal_dma.o(i.DMA_CheckFifoParam)
    i.DMA_SetConfig                          0x08000c90   Section        0  stm32f4xx_hal_dma.o(i.DMA_SetConfig)
    DMA_SetConfig                            0x08000c91   Thumb Code    40  stm32f4xx_hal_dma.o(i.DMA_SetConfig)
    i.DebugMon_Handler                       0x08000cb8   Section        0  stm32f4xx_it.o(i.DebugMon_Handler)
    i.Error_Handler                          0x08000cba   Section        0  main.o(i.Error_Handler)
    i.HAL_DMA_Abort                          0x08000cbe   Section        0  stm32f4xx_hal_dma.o(i.HAL_DMA_Abort)
    i.HAL_DMA_Abort_IT                       0x08000d50   Section        0  stm32f4xx_hal_dma.o(i.HAL_DMA_Abort_IT)
    i.HAL_DMA_IRQHandler                     0x08000d74   Section        0  stm32f4xx_hal_dma.o(i.HAL_DMA_IRQHandler)
    i.HAL_DMA_Init                           0x08000f14   Section        0  stm32f4xx_hal_dma.o(i.HAL_DMA_Init)
    i.HAL_DMA_Start_IT                       0x08000fe8   Section        0  stm32f4xx_hal_dma.o(i.HAL_DMA_Start_IT)
    i.HAL_Delay                              0x08001058   Section        0  stm32f4xx_hal.o(i.HAL_Delay)
    i.HAL_GPIO_Init                          0x0800107c   Section        0  stm32f4xx_hal_gpio.o(i.HAL_GPIO_Init)
    i.HAL_GPIO_ReadPin                       0x0800126c   Section        0  stm32f4xx_hal_gpio.o(i.HAL_GPIO_ReadPin)
    i.HAL_GPIO_WritePin                      0x08001276   Section        0  stm32f4xx_hal_gpio.o(i.HAL_GPIO_WritePin)
    i.HAL_GetTick                            0x08001280   Section        0  stm32f4xx_hal.o(i.HAL_GetTick)
    i.HAL_IncTick                            0x0800128c   Section        0  stm32f4xx_hal.o(i.HAL_IncTick)
    i.HAL_Init                               0x0800129c   Section        0  stm32f4xx_hal.o(i.HAL_Init)
    i.HAL_InitTick                           0x080012d0   Section        0  stm32f4xx_hal.o(i.HAL_InitTick)
    i.HAL_MspInit                            0x08001310   Section        0  stm32f4xx_hal_msp.o(i.HAL_MspInit)
    i.HAL_NVIC_EnableIRQ                     0x08001340   Section        0  stm32f4xx_hal_cortex.o(i.HAL_NVIC_EnableIRQ)
    i.HAL_NVIC_SetPriority                   0x0800135c   Section        0  stm32f4xx_hal_cortex.o(i.HAL_NVIC_SetPriority)
    i.HAL_NVIC_SetPriorityGrouping           0x0800139c   Section        0  stm32f4xx_hal_cortex.o(i.HAL_NVIC_SetPriorityGrouping)
    i.HAL_RCC_ClockConfig                    0x080013c0   Section        0  stm32f4xx_hal_rcc.o(i.HAL_RCC_ClockConfig)
    i.HAL_RCC_GetPCLK1Freq                   0x080014f4   Section        0  stm32f4xx_hal_rcc.o(i.HAL_RCC_GetPCLK1Freq)
    i.HAL_RCC_GetPCLK2Freq                   0x08001514   Section        0  stm32f4xx_hal_rcc.o(i.HAL_RCC_GetPCLK2Freq)
    i.HAL_RCC_GetSysClockFreq                0x08001534   Section        0  stm32f4xx_hal_rcc.o(i.HAL_RCC_GetSysClockFreq)
    i.HAL_RCC_OscConfig                      0x08001594   Section        0  stm32f4xx_hal_rcc.o(i.HAL_RCC_OscConfig)
    i.HAL_SYSTICK_Config                     0x08001900   Section        0  stm32f4xx_hal_cortex.o(i.HAL_SYSTICK_Config)
    i.HAL_TIMEx_MasterConfigSynchronization  0x08001928   Section        0  stm32f4xx_hal_tim_ex.o(i.HAL_TIMEx_MasterConfigSynchronization)
    i.HAL_TIM_Base_Init                      0x080019b8   Section        0  stm32f4xx_hal_tim.o(i.HAL_TIM_Base_Init)
    i.HAL_TIM_Base_MspInit                   0x08001a14   Section        0  tim.o(i.HAL_TIM_Base_MspInit)
    i.HAL_TIM_Base_Start                     0x08001a38   Section        0  stm32f4xx_hal_tim.o(i.HAL_TIM_Base_Start)
    i.HAL_TIM_Base_Stop                      0x08001ab0   Section        0  stm32f4xx_hal_tim.o(i.HAL_TIM_Base_Stop)
    i.HAL_TIM_ConfigClockSource              0x08001ad6   Section        0  stm32f4xx_hal_tim.o(i.HAL_TIM_ConfigClockSource)
    i.HAL_UARTEx_RxEventCallback             0x08001bb2   Section        0  stm32f4xx_hal_uart.o(i.HAL_UARTEx_RxEventCallback)
    i.HAL_UART_ErrorCallback                 0x08001bb4   Section        0  stm32f4xx_hal_uart.o(i.HAL_UART_ErrorCallback)
    i.HAL_UART_IRQHandler                    0x08001bb8   Section        0  stm32f4xx_hal_uart.o(i.HAL_UART_IRQHandler)
    i.HAL_UART_Init                          0x08001e20   Section        0  stm32f4xx_hal_uart.o(i.HAL_UART_Init)
    i.HAL_UART_MspInit                       0x08001e84   Section        0  usart.o(i.HAL_UART_MspInit)
    i.HAL_UART_Receive                       0x0800224c   Section        0  stm32f4xx_hal_uart.o(i.HAL_UART_Receive)
    i.HAL_UART_Receive_IT                    0x0800230c   Section        0  stm32f4xx_hal_uart.o(i.HAL_UART_Receive_IT)
    i.HAL_UART_RxCpltCallback                0x08002338   Section        0  main.o(i.HAL_UART_RxCpltCallback)
    i.HAL_UART_Transmit                      0x0800240c   Section        0  stm32f4xx_hal_uart.o(i.HAL_UART_Transmit)
    i.HAL_UART_Transmit_DMA                  0x080024c0   Section        0  stm32f4xx_hal_uart.o(i.HAL_UART_Transmit_DMA)
    i.HAL_UART_TxCpltCallback                0x0800254c   Section        0  stm32f4xx_hal_uart.o(i.HAL_UART_TxCpltCallback)
    i.HAL_UART_TxHalfCpltCallback            0x0800254e   Section        0  stm32f4xx_hal_uart.o(i.HAL_UART_TxHalfCpltCallback)
    i.HardFault_Handler                      0x08002550   Section        0  stm32f4xx_it.o(i.HardFault_Handler)
    i.MX_DMA_Init                            0x08002554   Section        0  dma.o(i.MX_DMA_Init)
    i.MX_GPIO_Init                           0x08002600   Section        0  gpio.o(i.MX_GPIO_Init)
    i.MX_TIM2_Init                           0x0800269c   Section        0  tim.o(i.MX_TIM2_Init)
    i.MX_UART5_Init                          0x08002700   Section        0  usart.o(i.MX_UART5_Init)
    i.MX_USART1_UART_Init                    0x08002738   Section        0  usart.o(i.MX_USART1_UART_Init)
    i.MX_USART2_UART_Init                    0x08002770   Section        0  usart.o(i.MX_USART2_UART_Init)
    i.MX_USART3_UART_Init                    0x080027a8   Section        0  usart.o(i.MX_USART3_UART_Init)
    i.MX_USART6_UART_Init                    0x080027e0   Section        0  usart.o(i.MX_USART6_UART_Init)
    i.MemManage_Handler                      0x08002818   Section        0  stm32f4xx_it.o(i.MemManage_Handler)
    i.NMI_Handler                            0x0800281a   Section        0  stm32f4xx_it.o(i.NMI_Handler)
    i.PendSV_Handler                         0x0800281c   Section        0  stm32f4xx_it.o(i.PendSV_Handler)
    i.SVC_Handler                            0x0800281e   Section        0  stm32f4xx_it.o(i.SVC_Handler)
    i.SysTick_Handler                        0x08002820   Section        0  stm32f4xx_it.o(i.SysTick_Handler)
    i.SystemClock_Config                     0x08002824   Section        0  main.o(i.SystemClock_Config)
    i.SystemInit                             0x080028b8   Section        0  system_stm32f4xx.o(i.SystemInit)
    i.TIM_Base_SetConfig                     0x080028c8   Section        0  stm32f4xx_hal_tim.o(i.TIM_Base_SetConfig)
    i.TIM_ETR_SetConfig                      0x08002990   Section        0  stm32f4xx_hal_tim.o(i.TIM_ETR_SetConfig)
    i.TIM_ITRx_SetConfig                     0x080029a4   Section        0  stm32f4xx_hal_tim.o(i.TIM_ITRx_SetConfig)
    TIM_ITRx_SetConfig                       0x080029a5   Thumb Code    16  stm32f4xx_hal_tim.o(i.TIM_ITRx_SetConfig)
    i.TIM_TI1_ConfigInputStage               0x080029b4   Section        0  stm32f4xx_hal_tim.o(i.TIM_TI1_ConfigInputStage)
    TIM_TI1_ConfigInputStage                 0x080029b5   Thumb Code    34  stm32f4xx_hal_tim.o(i.TIM_TI1_ConfigInputStage)
    i.TIM_TI2_ConfigInputStage               0x080029d6   Section        0  stm32f4xx_hal_tim.o(i.TIM_TI2_ConfigInputStage)
    TIM_TI2_ConfigInputStage                 0x080029d7   Thumb Code    36  stm32f4xx_hal_tim.o(i.TIM_TI2_ConfigInputStage)
    i.UART_DMAAbortOnError                   0x080029fa   Section        0  stm32f4xx_hal_uart.o(i.UART_DMAAbortOnError)
    UART_DMAAbortOnError                     0x080029fb   Thumb Code    16  stm32f4xx_hal_uart.o(i.UART_DMAAbortOnError)
    i.UART_DMAError                          0x08002a0a   Section        0  stm32f4xx_hal_uart.o(i.UART_DMAError)
    UART_DMAError                            0x08002a0b   Thumb Code    74  stm32f4xx_hal_uart.o(i.UART_DMAError)
    i.UART_DMATransmitCplt                   0x08002a54   Section        0  stm32f4xx_hal_uart.o(i.UART_DMATransmitCplt)
    UART_DMATransmitCplt                     0x08002a55   Thumb Code    66  stm32f4xx_hal_uart.o(i.UART_DMATransmitCplt)
    i.UART_DMATxHalfCplt                     0x08002a96   Section        0  stm32f4xx_hal_uart.o(i.UART_DMATxHalfCplt)
    UART_DMATxHalfCplt                       0x08002a97   Thumb Code    10  stm32f4xx_hal_uart.o(i.UART_DMATxHalfCplt)
    i.UART_EndRxTransfer                     0x08002aa0   Section        0  stm32f4xx_hal_uart.o(i.UART_EndRxTransfer)
    UART_EndRxTransfer                       0x08002aa1   Thumb Code    78  stm32f4xx_hal_uart.o(i.UART_EndRxTransfer)
    i.UART_EndTxTransfer                     0x08002aee   Section        0  stm32f4xx_hal_uart.o(i.UART_EndTxTransfer)
    UART_EndTxTransfer                       0x08002aef   Thumb Code    28  stm32f4xx_hal_uart.o(i.UART_EndTxTransfer)
    i.UART_Receive_IT                        0x08002b0a   Section        0  stm32f4xx_hal_uart.o(i.UART_Receive_IT)
    UART_Receive_IT                          0x08002b0b   Thumb Code   192  stm32f4xx_hal_uart.o(i.UART_Receive_IT)
    i.UART_SetConfig                         0x08002bcc   Section        0  stm32f4xx_hal_uart.o(i.UART_SetConfig)
    UART_SetConfig                           0x08002bcd   Thumb Code   258  stm32f4xx_hal_uart.o(i.UART_SetConfig)
    i.UART_Start_Receive_IT                  0x08002cd8   Section        0  stm32f4xx_hal_uart.o(i.UART_Start_Receive_IT)
    i.UART_WaitOnFlagUntilTimeout            0x08002d12   Section        0  stm32f4xx_hal_uart.o(i.UART_WaitOnFlagUntilTimeout)
    UART_WaitOnFlagUntilTimeout              0x08002d13   Thumb Code   120  stm32f4xx_hal_uart.o(i.UART_WaitOnFlagUntilTimeout)
    i.USART1_IRQHandler                      0x08002d8c   Section        0  stm32f4xx_it.o(i.USART1_IRQHandler)
    i.USART2_IRQHandler                      0x08002d98   Section        0  stm32f4xx_it.o(i.USART2_IRQHandler)
    i.USART3_IRQHandler                      0x08002da4   Section        0  stm32f4xx_it.o(i.USART3_IRQHandler)
    i.USART6_IRQHandler                      0x08002db0   Section        0  stm32f4xx_it.o(i.USART6_IRQHandler)
    i.UsageFault_Handler                     0x08002dbc   Section        0  stm32f4xx_it.o(i.UsageFault_Handler)
    i.__NVIC_SetPriority                     0x08002dbe   Section        0  stm32f4xx_hal_cortex.o(i.__NVIC_SetPriority)
    __NVIC_SetPriority                       0x08002dbf   Thumb Code    32  stm32f4xx_hal_cortex.o(i.__NVIC_SetPriority)
    i.attempt_repair_area                    0x08002de0   Section        0  receive_from_pi.o(i.attempt_repair_area)
    attempt_repair_area                      0x08002de1   Thumb Code   116  receive_from_pi.o(i.attempt_repair_area)
    i.attempt_repair_shelf                   0x08002e54   Section        0  receive_from_pi.o(i.attempt_repair_shelf)
    attempt_repair_shelf                     0x08002e55   Thumb Code    78  receive_from_pi.o(i.attempt_repair_shelf)
    i.calculateDuration                      0x08002ea4   Section        0  main.o(i.calculateDuration)
    i.get_column_from_shelf_slot             0x08002ee4   Section        0  main.o(i.get_column_from_shelf_slot)
    i.is_result_perfect                      0x08002f0c   Section        0  receive_from_pi.o(i.is_result_perfect)
    is_result_perfect                        0x08002f0d   Thumb Code   104  receive_from_pi.o(i.is_result_perfect)
    i.main                                   0x08002f74   Section        0  main.o(i.main)
    i.parse_string_to_result                 0x0800354c   Section        0  receive_from_pi.o(i.parse_string_to_result)
    parse_string_to_result                   0x0800354d   Thumb Code   144  receive_from_pi.o(i.parse_string_to_result)
    i.process_and_plan_task                  0x080035e8   Section        0  main.o(i.process_and_plan_task)
    i.rpi_init_polling                       0x080036c4   Section        0  receive_from_pi.o(i.rpi_init_polling)
    i.rpi_request_and_receive_configurable_polling 0x080036d0   Section        0  receive_from_pi.o(i.rpi_request_and_receive_configurable_polling)
    i.sendCommand_ArmRegrab                  0x080037f4   Section        0  main.o(i.sendCommand_ArmRegrab)
    i.sendCommand_MoveTargetToTarget         0x08003848   Section        0  main.o(i.sendCommand_MoveTargetToTarget)
    i.sendCommand_MoveToShelf                0x080038e0   Section        0  main.o(i.sendCommand_MoveToShelf)
    i.sendCommand_MoveToStart                0x080039f4   Section        0  main.o(i.sendCommand_MoveToStart)
    i.sendCommand_PickBox                    0x08003a24   Section        0  main.o(i.sendCommand_PickBox)
    i.sendCommand_PlaceBox                   0x08003a6c   Section        0  main.o(i.sendCommand_PlaceBox)
    i.start_clock                            0x08003af4   Section        0  main.o(i.start_clock)
    locale$$code                             0x08003b20   Section       44  lc_ctype_c.o(locale$$code)
    x$fpl$dadd                               0x08003b4c   Section      336  daddsub_clz.o(x$fpl$dadd)
    $v0                                      0x08003b4c   Number         0  daddsub_clz.o(x$fpl$dadd)
    _dadd1                                   0x08003b5d   Thumb Code     0  daddsub_clz.o(x$fpl$dadd)
    x$fpl$dcmpinf                            0x08003c9c   Section       24  dcmpi.o(x$fpl$dcmpinf)
    $v0                                      0x08003c9c   Number         0  dcmpi.o(x$fpl$dcmpinf)
    x$fpl$ddiv                               0x08003cb4   Section      688  ddiv.o(x$fpl$ddiv)
    $v0                                      0x08003cb4   Number         0  ddiv.o(x$fpl$ddiv)
    ddiv_entry                               0x08003cbb   Thumb Code     0  ddiv.o(x$fpl$ddiv)
    x$fpl$dfltu                              0x08003f64   Section       38  dflt_clz.o(x$fpl$dfltu)
    $v0                                      0x08003f64   Number         0  dflt_clz.o(x$fpl$dfltu)
    x$fpl$dleqf                              0x08003f8c   Section      120  dleqf.o(x$fpl$dleqf)
    $v0                                      0x08003f8c   Number         0  dleqf.o(x$fpl$dleqf)
    x$fpl$dnaninf                            0x08004004   Section      156  dnaninf.o(x$fpl$dnaninf)
    $v0                                      0x08004004   Number         0  dnaninf.o(x$fpl$dnaninf)
    x$fpl$dretinf                            0x080040a0   Section       12  dretinf.o(x$fpl$dretinf)
    $v0                                      0x080040a0   Number         0  dretinf.o(x$fpl$dretinf)
    x$fpl$drleqf                             0x080040ac   Section      108  drleqf.o(x$fpl$drleqf)
    $v0                                      0x080040ac   Number         0  drleqf.o(x$fpl$drleqf)
    x$fpl$dsub                               0x08004118   Section      468  daddsub_clz.o(x$fpl$dsub)
    $v0                                      0x08004118   Number         0  daddsub_clz.o(x$fpl$dsub)
    _dsub1                                   0x08004129   Thumb Code     0  daddsub_clz.o(x$fpl$dsub)
    x$fpl$fpinit                             0x080042ec   Section       10  fpinit.o(x$fpl$fpinit)
    $v0                                      0x080042ec   Number         0  fpinit.o(x$fpl$fpinit)
    x$fpl$usenofp                            0x080042f6   Section        0  usenofp.o(x$fpl$usenofp)
    .constdata                               0x080042f8   Section       28  main.o(.constdata)
    .constdata                               0x08004314   Section        8  stm32f4xx_hal_dma.o(.constdata)
    flagBitshiftOffset                       0x08004314   Data           8  stm32f4xx_hal_dma.o(.constdata)
    .constdata                               0x0800431c   Section       16  system_stm32f4xx.o(.constdata)
    .constdata                               0x0800432c   Section        8  system_stm32f4xx.o(.constdata)
    locale$$data                             0x08004354   Section      272  lc_ctype_c.o(locale$$data)
    __lcctype_c_name                         0x08004358   Data           2  lc_ctype_c.o(locale$$data)
    __lcctype_c_start                        0x08004360   Data           0  lc_ctype_c.o(locale$$data)
    __lcctype_c_end                          0x08004464   Data           0  lc_ctype_c.o(locale$$data)
    .data                                    0x20000000   Section        4  receive_from_pi.o(.data)
    uart_handle_polling                      0x20000000   Data           4  receive_from_pi.o(.data)
    .data                                    0x20000008   Section       48  main.o(.data)
    .data                                    0x20000038   Section       12  stm32f4xx_hal.o(.data)
    .data                                    0x20000044   Section        4  system_stm32f4xx.o(.data)
    .data                                    0x20000048   Section        4  strtok.o(.data)
    _strtok_saves1                           0x20000048   Data           4  strtok.o(.data)
    .bss                                     0x2000004c   Section      208  main.o(.bss)
    .bss                                     0x2000011c   Section       72  tim.o(.bss)
    .bss                                     0x20000164   Section     1108  usart.o(.bss)
    .bss                                     0x200005b8   Section       96  libspace.o(.bss)
    HEAP                                     0x20000618   Section      512  startup_stm32f407xx.o(HEAP)
    Heap_Mem                                 0x20000618   Data         512  startup_stm32f407xx.o(HEAP)
    STACK                                    0x20000818   Section     1024  startup_stm32f407xx.o(STACK)
    Stack_Mem                                0x20000818   Data        1024  startup_stm32f407xx.o(STACK)
    __initial_sp                             0x20000c18   Data           0  startup_stm32f407xx.o(STACK)

    Global Symbols

    Symbol Name                              Value     Ov Type        Size  Object(Section)

    BuildAttributes$$THM_ISAv4$E$P$D$K$B$S$7EM$VFPi3$EXTD16$VFPS$VFMA$PE$A:L22UL41UL21$X:L11$S22US41US21$IEEE1$IW$USESV6$~STKCKD$USESV7$~SHL$OSPACE$ROPI$EBA8$UX$STANDARDLIB$REQ8$PRES8$EABIv2 0x00000000   Number         0  anon$$obj.o ABSOLUTE
    __ARM_use_no_argv                        0x00000000   Number         0  main.o ABSOLUTE
    __ARM_exceptions_init                     - Undefined Weak Reference
    __alloca_initialize                       - Undefined Weak Reference
    __arm_fini_                               - Undefined Weak Reference
    __arm_preinit_                            - Undefined Weak Reference
    __cpp_initialize__aeabi_                  - Undefined Weak Reference
    __cxa_finalize                            - Undefined Weak Reference
    __sigvec_lookup                           - Undefined Weak Reference
    _atexit_init                              - Undefined Weak Reference
    _call_atexit_fns                          - Undefined Weak Reference
    _clock_init                               - Undefined Weak Reference
    _fp_trap_init                             - Undefined Weak Reference
    _fp_trap_shutdown                         - Undefined Weak Reference
    _get_lc_collate                           - Undefined Weak Reference
    _get_lc_monetary                          - Undefined Weak Reference
    _get_lc_numeric                           - Undefined Weak Reference
    _get_lc_time                              - Undefined Weak Reference
    _getenv_init                              - Undefined Weak Reference
    _handle_redirection                       - Undefined Weak Reference
    _init_alloc                               - Undefined Weak Reference
    _init_user_alloc                          - Undefined Weak Reference
    _initio                                   - Undefined Weak Reference
    _rand_init                                - Undefined Weak Reference
    _scanf_int                                - Undefined Weak Reference
    _scanf_longlong                           - Undefined Weak Reference
    _scanf_mbtowc                             - Undefined Weak Reference
    _scanf_real                               - Undefined Weak Reference
    _scanf_wctomb                             - Undefined Weak Reference
    _scanf_wstring                            - Undefined Weak Reference
    _signal_finish                            - Undefined Weak Reference
    _signal_init                              - Undefined Weak Reference
    _terminate_alloc                          - Undefined Weak Reference
    _terminate_user_alloc                     - Undefined Weak Reference
    _terminateio                              - Undefined Weak Reference
    __Vectors_Size                           0x00000188   Number         0  startup_stm32f407xx.o ABSOLUTE
    __Vectors                                0x08000000   Data           4  startup_stm32f407xx.o(RESET)
    __Vectors_End                            0x08000188   Data           0  startup_stm32f407xx.o(RESET)
    __main                                   0x08000189   Thumb Code     8  __main.o(!!!main)
    __scatterload                            0x08000191   Thumb Code     0  __scatter.o(!!!scatter)
    __scatterload_rt2                        0x08000191   Thumb Code    44  __scatter.o(!!!scatter)
    __scatterload_rt2_thumb_only             0x08000191   Thumb Code     0  __scatter.o(!!!scatter)
    __scatterload_null                       0x0800019f   Thumb Code     0  __scatter.o(!!!scatter)
    __scatterload_copy                       0x080001c5   Thumb Code    26  __scatter_copy.o(!!handler_copy)
    __scatterload_zeroinit                   0x080001e1   Thumb Code    28  __scatter_zi.o(!!handler_zi)
    __rt_lib_init                            0x080001fd   Thumb Code     0  libinit.o(.ARM.Collect$$libinit$$00000000)
    __rt_lib_init_fp_1                       0x080001ff   Thumb Code     0  libinit2.o(.ARM.Collect$$libinit$$00000001)
    __rt_lib_init_heap_1                     0x08000203   Thumb Code     0  libinit2.o(.ARM.Collect$$libinit$$0000000A)
    __rt_lib_init_lc_common                  0x08000203   Thumb Code     0  libinit2.o(.ARM.Collect$$libinit$$0000000F)
    __rt_lib_init_preinit_1                  0x08000203   Thumb Code     0  libinit2.o(.ARM.Collect$$libinit$$00000004)
    __rt_lib_init_rand_1                     0x08000203   Thumb Code     0  libinit2.o(.ARM.Collect$$libinit$$0000000E)
    __rt_lib_init_user_alloc_1               0x08000203   Thumb Code     0  libinit2.o(.ARM.Collect$$libinit$$0000000C)
    __rt_lib_init_lc_collate_1               0x08000209   Thumb Code     0  libinit2.o(.ARM.Collect$$libinit$$00000011)
    __rt_lib_init_lc_ctype_2                 0x08000209   Thumb Code     0  libinit2.o(.ARM.Collect$$libinit$$00000012)
    __rt_lib_init_alloca_1                   0x08000215   Thumb Code     0  libinit2.o(.ARM.Collect$$libinit$$0000002E)
    __rt_lib_init_argv_1                     0x08000215   Thumb Code     0  libinit2.o(.ARM.Collect$$libinit$$0000002C)
    __rt_lib_init_atexit_1                   0x08000215   Thumb Code     0  libinit2.o(.ARM.Collect$$libinit$$0000001B)
    __rt_lib_init_clock_1                    0x08000215   Thumb Code     0  libinit2.o(.ARM.Collect$$libinit$$00000021)
    __rt_lib_init_cpp_1                      0x08000215   Thumb Code     0  libinit2.o(.ARM.Collect$$libinit$$00000032)
    __rt_lib_init_exceptions_1               0x08000215   Thumb Code     0  libinit2.o(.ARM.Collect$$libinit$$00000030)
    __rt_lib_init_fp_trap_1                  0x08000215   Thumb Code     0  libinit2.o(.ARM.Collect$$libinit$$0000001F)
    __rt_lib_init_getenv_1                   0x08000215   Thumb Code     0  libinit2.o(.ARM.Collect$$libinit$$00000023)
    __rt_lib_init_lc_ctype_1                 0x08000215   Thumb Code     0  libinit2.o(.ARM.Collect$$libinit$$00000013)
    __rt_lib_init_lc_monetary_1              0x08000215   Thumb Code     0  libinit2.o(.ARM.Collect$$libinit$$00000015)
    __rt_lib_init_lc_numeric_1               0x08000215   Thumb Code     0  libinit2.o(.ARM.Collect$$libinit$$00000017)
    __rt_lib_init_lc_time_1                  0x08000215   Thumb Code     0  libinit2.o(.ARM.Collect$$libinit$$00000019)
    __rt_lib_init_return                     0x08000215   Thumb Code     0  libinit2.o(.ARM.Collect$$libinit$$00000033)
    __rt_lib_init_signal_1                   0x08000215   Thumb Code     0  libinit2.o(.ARM.Collect$$libinit$$0000001D)
    __rt_lib_init_stdio_1                    0x08000215   Thumb Code     0  libinit2.o(.ARM.Collect$$libinit$$00000025)
    __rt_lib_shutdown                        0x08000217   Thumb Code     0  libshutdown.o(.ARM.Collect$$libshutdown$$00000000)
    __rt_lib_shutdown_cpp_1                  0x08000219   Thumb Code     0  libshutdown2.o(.ARM.Collect$$libshutdown$$00000004)
    __rt_lib_shutdown_fini_1                 0x08000219   Thumb Code     0  libshutdown2.o(.ARM.Collect$$libshutdown$$00000002)
    __rt_lib_shutdown_fp_trap_1              0x08000219   Thumb Code     0  libshutdown2.o(.ARM.Collect$$libshutdown$$00000009)
    __rt_lib_shutdown_heap_1                 0x08000219   Thumb Code     0  libshutdown2.o(.ARM.Collect$$libshutdown$$00000011)
    __rt_lib_shutdown_return                 0x08000219   Thumb Code     0  libshutdown2.o(.ARM.Collect$$libshutdown$$00000012)
    __rt_lib_shutdown_signal_1               0x08000219   Thumb Code     0  libshutdown2.o(.ARM.Collect$$libshutdown$$0000000C)
    __rt_lib_shutdown_stdio_1                0x08000219   Thumb Code     0  libshutdown2.o(.ARM.Collect$$libshutdown$$00000006)
    __rt_lib_shutdown_user_alloc_1           0x08000219   Thumb Code     0  libshutdown2.o(.ARM.Collect$$libshutdown$$0000000E)
    __rt_entry                               0x0800021b   Thumb Code     0  __rtentry.o(.ARM.Collect$$rtentry$$00000000)
    __rt_entry_presh_1                       0x0800021b   Thumb Code     0  __rtentry2.o(.ARM.Collect$$rtentry$$00000002)
    __rt_entry_sh                            0x0800021b   Thumb Code     0  __rtentry4.o(.ARM.Collect$$rtentry$$00000004)
    __rt_entry_li                            0x08000221   Thumb Code     0  __rtentry2.o(.ARM.Collect$$rtentry$$0000000A)
    __rt_entry_postsh_1                      0x08000221   Thumb Code     0  __rtentry2.o(.ARM.Collect$$rtentry$$00000009)
    __rt_entry_main                          0x08000225   Thumb Code     0  __rtentry2.o(.ARM.Collect$$rtentry$$0000000D)
    __rt_entry_postli_1                      0x08000225   Thumb Code     0  __rtentry2.o(.ARM.Collect$$rtentry$$0000000C)
    __rt_exit                                0x0800022d   Thumb Code     0  rtexit.o(.ARM.Collect$$rtexit$$00000000)
    __rt_exit_ls                             0x0800022f   Thumb Code     0  rtexit2.o(.ARM.Collect$$rtexit$$00000003)
    __rt_exit_prels_1                        0x0800022f   Thumb Code     0  rtexit2.o(.ARM.Collect$$rtexit$$00000002)
    __rt_exit_exit                           0x08000233   Thumb Code     0  rtexit2.o(.ARM.Collect$$rtexit$$00000004)
    Reset_Handler                            0x08000239   Thumb Code     8  startup_stm32f407xx.o(.text)
    ADC_IRQHandler                           0x08000253   Thumb Code     0  startup_stm32f407xx.o(.text)
    CAN1_RX0_IRQHandler                      0x08000253   Thumb Code     0  startup_stm32f407xx.o(.text)
    CAN1_RX1_IRQHandler                      0x08000253   Thumb Code     0  startup_stm32f407xx.o(.text)
    CAN1_SCE_IRQHandler                      0x08000253   Thumb Code     0  startup_stm32f407xx.o(.text)
    CAN1_TX_IRQHandler                       0x08000253   Thumb Code     0  startup_stm32f407xx.o(.text)
    CAN2_RX0_IRQHandler                      0x08000253   Thumb Code     0  startup_stm32f407xx.o(.text)
    CAN2_RX1_IRQHandler                      0x08000253   Thumb Code     0  startup_stm32f407xx.o(.text)
    CAN2_SCE_IRQHandler                      0x08000253   Thumb Code     0  startup_stm32f407xx.o(.text)
    CAN2_TX_IRQHandler                       0x08000253   Thumb Code     0  startup_stm32f407xx.o(.text)
    DCMI_IRQHandler                          0x08000253   Thumb Code     0  startup_stm32f407xx.o(.text)
    DMA1_Stream0_IRQHandler                  0x08000253   Thumb Code     0  startup_stm32f407xx.o(.text)
    DMA1_Stream2_IRQHandler                  0x08000253   Thumb Code     0  startup_stm32f407xx.o(.text)
    DMA1_Stream4_IRQHandler                  0x08000253   Thumb Code     0  startup_stm32f407xx.o(.text)
    DMA1_Stream7_IRQHandler                  0x08000253   Thumb Code     0  startup_stm32f407xx.o(.text)
    DMA2_Stream0_IRQHandler                  0x08000253   Thumb Code     0  startup_stm32f407xx.o(.text)
    DMA2_Stream3_IRQHandler                  0x08000253   Thumb Code     0  startup_stm32f407xx.o(.text)
    DMA2_Stream4_IRQHandler                  0x08000253   Thumb Code     0  startup_stm32f407xx.o(.text)
    DMA2_Stream5_IRQHandler                  0x08000253   Thumb Code     0  startup_stm32f407xx.o(.text)
    ETH_IRQHandler                           0x08000253   Thumb Code     0  startup_stm32f407xx.o(.text)
    ETH_WKUP_IRQHandler                      0x08000253   Thumb Code     0  startup_stm32f407xx.o(.text)
    EXTI0_IRQHandler                         0x08000253   Thumb Code     0  startup_stm32f407xx.o(.text)
    EXTI15_10_IRQHandler                     0x08000253   Thumb Code     0  startup_stm32f407xx.o(.text)
    EXTI1_IRQHandler                         0x08000253   Thumb Code     0  startup_stm32f407xx.o(.text)
    EXTI2_IRQHandler                         0x08000253   Thumb Code     0  startup_stm32f407xx.o(.text)
    EXTI3_IRQHandler                         0x08000253   Thumb Code     0  startup_stm32f407xx.o(.text)
    EXTI4_IRQHandler                         0x08000253   Thumb Code     0  startup_stm32f407xx.o(.text)
    EXTI9_5_IRQHandler                       0x08000253   Thumb Code     0  startup_stm32f407xx.o(.text)
    FLASH_IRQHandler                         0x08000253   Thumb Code     0  startup_stm32f407xx.o(.text)
    FMC_IRQHandler                           0x08000253   Thumb Code     0  startup_stm32f407xx.o(.text)
    FPU_IRQHandler                           0x08000253   Thumb Code     0  startup_stm32f407xx.o(.text)
    HASH_RNG_IRQHandler                      0x08000253   Thumb Code     0  startup_stm32f407xx.o(.text)
    I2C1_ER_IRQHandler                       0x08000253   Thumb Code     0  startup_stm32f407xx.o(.text)
    I2C1_EV_IRQHandler                       0x08000253   Thumb Code     0  startup_stm32f407xx.o(.text)
    I2C2_ER_IRQHandler                       0x08000253   Thumb Code     0  startup_stm32f407xx.o(.text)
    I2C2_EV_IRQHandler                       0x08000253   Thumb Code     0  startup_stm32f407xx.o(.text)
    I2C3_ER_IRQHandler                       0x08000253   Thumb Code     0  startup_stm32f407xx.o(.text)
    I2C3_EV_IRQHandler                       0x08000253   Thumb Code     0  startup_stm32f407xx.o(.text)
    OTG_FS_IRQHandler                        0x08000253   Thumb Code     0  startup_stm32f407xx.o(.text)
    OTG_FS_WKUP_IRQHandler                   0x08000253   Thumb Code     0  startup_stm32f407xx.o(.text)
    OTG_HS_EP1_IN_IRQHandler                 0x08000253   Thumb Code     0  startup_stm32f407xx.o(.text)
    OTG_HS_EP1_OUT_IRQHandler                0x08000253   Thumb Code     0  startup_stm32f407xx.o(.text)
    OTG_HS_IRQHandler                        0x08000253   Thumb Code     0  startup_stm32f407xx.o(.text)
    OTG_HS_WKUP_IRQHandler                   0x08000253   Thumb Code     0  startup_stm32f407xx.o(.text)
    PVD_IRQHandler                           0x08000253   Thumb Code     0  startup_stm32f407xx.o(.text)
    RCC_IRQHandler                           0x08000253   Thumb Code     0  startup_stm32f407xx.o(.text)
    RTC_Alarm_IRQHandler                     0x08000253   Thumb Code     0  startup_stm32f407xx.o(.text)
    RTC_WKUP_IRQHandler                      0x08000253   Thumb Code     0  startup_stm32f407xx.o(.text)
    SDIO_IRQHandler                          0x08000253   Thumb Code     0  startup_stm32f407xx.o(.text)
    SPI1_IRQHandler                          0x08000253   Thumb Code     0  startup_stm32f407xx.o(.text)
    SPI2_IRQHandler                          0x08000253   Thumb Code     0  startup_stm32f407xx.o(.text)
    SPI3_IRQHandler                          0x08000253   Thumb Code     0  startup_stm32f407xx.o(.text)
    TAMP_STAMP_IRQHandler                    0x08000253   Thumb Code     0  startup_stm32f407xx.o(.text)
    TIM1_BRK_TIM9_IRQHandler                 0x08000253   Thumb Code     0  startup_stm32f407xx.o(.text)
    TIM1_CC_IRQHandler                       0x08000253   Thumb Code     0  startup_stm32f407xx.o(.text)
    TIM1_TRG_COM_TIM11_IRQHandler            0x08000253   Thumb Code     0  startup_stm32f407xx.o(.text)
    TIM1_UP_TIM10_IRQHandler                 0x08000253   Thumb Code     0  startup_stm32f407xx.o(.text)
    TIM2_IRQHandler                          0x08000253   Thumb Code     0  startup_stm32f407xx.o(.text)
    TIM3_IRQHandler                          0x08000253   Thumb Code     0  startup_stm32f407xx.o(.text)
    TIM4_IRQHandler                          0x08000253   Thumb Code     0  startup_stm32f407xx.o(.text)
    TIM5_IRQHandler                          0x08000253   Thumb Code     0  startup_stm32f407xx.o(.text)
    TIM6_DAC_IRQHandler                      0x08000253   Thumb Code     0  startup_stm32f407xx.o(.text)
    TIM7_IRQHandler                          0x08000253   Thumb Code     0  startup_stm32f407xx.o(.text)
    TIM8_BRK_TIM12_IRQHandler                0x08000253   Thumb Code     0  startup_stm32f407xx.o(.text)
    TIM8_CC_IRQHandler                       0x08000253   Thumb Code     0  startup_stm32f407xx.o(.text)
    TIM8_TRG_COM_TIM14_IRQHandler            0x08000253   Thumb Code     0  startup_stm32f407xx.o(.text)
    TIM8_UP_TIM13_IRQHandler                 0x08000253   Thumb Code     0  startup_stm32f407xx.o(.text)
    UART4_IRQHandler                         0x08000253   Thumb Code     0  startup_stm32f407xx.o(.text)
    UART5_IRQHandler                         0x08000253   Thumb Code     0  startup_stm32f407xx.o(.text)
    WWDG_IRQHandler                          0x08000253   Thumb Code     0  startup_stm32f407xx.o(.text)
    __user_initial_stackheap                 0x08000255   Thumb Code     0  startup_stm32f407xx.o(.text)
    __aeabi_uldivmod                         0x08000279   Thumb Code     0  lludivv7m.o(.text)
    _ll_udiv                                 0x08000279   Thumb Code   238  lludivv7m.o(.text)
    __0sscanf                                0x08000369   Thumb Code    52  __0sscanf.o(.text)
    _scanf_string                            0x080003a5   Thumb Code   224  _scanf_str.o(.text)
    strtok                                   0x08000485   Thumb Code     6  strtok.o(.text)
    strlen                                   0x08000491   Thumb Code    62  strlen.o(.text)
    __aeabi_memcpy4                          0x080004cf   Thumb Code     0  rt_memcpy_w.o(.text)
    __aeabi_memcpy8                          0x080004cf   Thumb Code     0  rt_memcpy_w.o(.text)
    __rt_memcpy_w                            0x080004cf   Thumb Code   100  rt_memcpy_w.o(.text)
    _memcpy_lastbytes_aligned                0x08000517   Thumb Code     0  rt_memcpy_w.o(.text)
    __aeabi_memset                           0x08000533   Thumb Code    16  aeabi_memset.o(.text)
    __aeabi_memclr4                          0x08000543   Thumb Code     0  rt_memclr_w.o(.text)
    __aeabi_memclr8                          0x08000543   Thumb Code     0  rt_memclr_w.o(.text)
    __rt_memclr_w                            0x08000543   Thumb Code    78  rt_memclr_w.o(.text)
    _memset_w                                0x08000547   Thumb Code     0  rt_memclr_w.o(.text)
    strncpy                                  0x08000591   Thumb Code    86  strncpy.o(.text)
    __use_two_region_memory                  0x080005e7   Thumb Code     2  heapauxi.o(.text)
    __rt_heap_escrow$2region                 0x080005e9   Thumb Code     2  heapauxi.o(.text)
    __rt_heap_expand$2region                 0x080005eb   Thumb Code     2  heapauxi.o(.text)
    __vfscanf_char                           0x080005f9   Thumb Code    24  scanf_char.o(.text)
    _sgetc                                   0x08000619   Thumb Code    30  _sgetc.o(.text)
    _sbackspace                              0x08000637   Thumb Code    34  _sgetc.o(.text)
    __strtok_internal                        0x08000659   Thumb Code    64  strtok_int.o(.text)
    __aeabi_memclr                           0x0800069d   Thumb Code     0  rt_memclr.o(.text)
    __rt_memclr                              0x0800069d   Thumb Code    68  rt_memclr.o(.text)
    _memset                                  0x080006a1   Thumb Code     0  rt_memclr.o(.text)
    isspace                                  0x080006e1   Thumb Code    18  isspace.o(.text)
    __vfscanf                                0x080006f5   Thumb Code   880  _scanf.o(.text)
    strcspn                                  0x08000a69   Thumb Code    32  strcspn.o(.text)
    strspn                                   0x08000a89   Thumb Code    28  strspn.o(.text)
    __user_setup_stackheap                   0x08000aa5   Thumb Code    74  sys_stackheap_outer.o(.text)
    __rt_ctype_table                         0x08000af1   Thumb Code    16  rt_ctype_table.o(.text)
    exit                                     0x08000b01   Thumb Code    18  exit.o(.text)
    __user_libspace                          0x08000b15   Thumb Code     8  libspace.o(.text)
    __user_perproc_libspace                  0x08000b15   Thumb Code     0  libspace.o(.text)
    __user_perthread_libspace                0x08000b15   Thumb Code     0  libspace.o(.text)
    __rt_locale                              0x08000b1d   Thumb Code     8  rt_locale_intlibspace.o(.text)
    _sys_exit                                0x08000b25   Thumb Code     8  sys_exit.o(.text)
    strcmp                                   0x08000b31   Thumb Code   128  strcmpv7m.o(.text)
    __I$use$semihosting                      0x08000bb1   Thumb Code     0  use_no_semi.o(.text)
    __use_no_semihosting_swi                 0x08000bb1   Thumb Code     2  use_no_semi.o(.text)
    BusFault_Handler                         0x08000bb3   Thumb Code     2  stm32f4xx_it.o(i.BusFault_Handler)
    __semihosting_library_function           0x08000bb3   Thumb Code     0  indicate_semi.o(.text)
    DMA1_Stream1_IRQHandler                  0x08000bb5   Thumb Code     6  stm32f4xx_it.o(i.DMA1_Stream1_IRQHandler)
    DMA1_Stream3_IRQHandler                  0x08000bc1   Thumb Code     6  stm32f4xx_it.o(i.DMA1_Stream3_IRQHandler)
    DMA1_Stream5_IRQHandler                  0x08000bcd   Thumb Code     6  stm32f4xx_it.o(i.DMA1_Stream5_IRQHandler)
    DMA1_Stream6_IRQHandler                  0x08000bd9   Thumb Code     6  stm32f4xx_it.o(i.DMA1_Stream6_IRQHandler)
    DMA2_Stream1_IRQHandler                  0x08000be5   Thumb Code     6  stm32f4xx_it.o(i.DMA2_Stream1_IRQHandler)
    DMA2_Stream2_IRQHandler                  0x08000bf1   Thumb Code     6  stm32f4xx_it.o(i.DMA2_Stream2_IRQHandler)
    DMA2_Stream6_IRQHandler                  0x08000bfd   Thumb Code     6  stm32f4xx_it.o(i.DMA2_Stream6_IRQHandler)
    DMA2_Stream7_IRQHandler                  0x08000c09   Thumb Code     6  stm32f4xx_it.o(i.DMA2_Stream7_IRQHandler)
    DebugMon_Handler                         0x08000cb9   Thumb Code     2  stm32f4xx_it.o(i.DebugMon_Handler)
    Error_Handler                            0x08000cbb   Thumb Code     4  main.o(i.Error_Handler)
    HAL_DMA_Abort                            0x08000cbf   Thumb Code   146  stm32f4xx_hal_dma.o(i.HAL_DMA_Abort)
    HAL_DMA_Abort_IT                         0x08000d51   Thumb Code    36  stm32f4xx_hal_dma.o(i.HAL_DMA_Abort_IT)
    HAL_DMA_IRQHandler                       0x08000d75   Thumb Code   412  stm32f4xx_hal_dma.o(i.HAL_DMA_IRQHandler)
    HAL_DMA_Init                             0x08000f15   Thumb Code   206  stm32f4xx_hal_dma.o(i.HAL_DMA_Init)
    HAL_DMA_Start_IT                         0x08000fe9   Thumb Code   110  stm32f4xx_hal_dma.o(i.HAL_DMA_Start_IT)
    HAL_Delay                                0x08001059   Thumb Code    32  stm32f4xx_hal.o(i.HAL_Delay)
    HAL_GPIO_Init                            0x0800107d   Thumb Code   450  stm32f4xx_hal_gpio.o(i.HAL_GPIO_Init)
    HAL_GPIO_ReadPin                         0x0800126d   Thumb Code    10  stm32f4xx_hal_gpio.o(i.HAL_GPIO_ReadPin)
    HAL_GPIO_WritePin                        0x08001277   Thumb Code    10  stm32f4xx_hal_gpio.o(i.HAL_GPIO_WritePin)
    HAL_GetTick                              0x08001281   Thumb Code     6  stm32f4xx_hal.o(i.HAL_GetTick)
    HAL_IncTick                              0x0800128d   Thumb Code    12  stm32f4xx_hal.o(i.HAL_IncTick)
    HAL_Init                                 0x0800129d   Thumb Code    48  stm32f4xx_hal.o(i.HAL_Init)
    HAL_InitTick                             0x080012d1   Thumb Code    54  stm32f4xx_hal.o(i.HAL_InitTick)
    HAL_MspInit                              0x08001311   Thumb Code    42  stm32f4xx_hal_msp.o(i.HAL_MspInit)
    HAL_NVIC_EnableIRQ                       0x08001341   Thumb Code    26  stm32f4xx_hal_cortex.o(i.HAL_NVIC_EnableIRQ)
    HAL_NVIC_SetPriority                     0x0800135d   Thumb Code    60  stm32f4xx_hal_cortex.o(i.HAL_NVIC_SetPriority)
    HAL_NVIC_SetPriorityGrouping             0x0800139d   Thumb Code    26  stm32f4xx_hal_cortex.o(i.HAL_NVIC_SetPriorityGrouping)
    HAL_RCC_ClockConfig                      0x080013c1   Thumb Code   288  stm32f4xx_hal_rcc.o(i.HAL_RCC_ClockConfig)
    HAL_RCC_GetPCLK1Freq                     0x080014f5   Thumb Code    20  stm32f4xx_hal_rcc.o(i.HAL_RCC_GetPCLK1Freq)
    HAL_RCC_GetPCLK2Freq                     0x08001515   Thumb Code    20  stm32f4xx_hal_rcc.o(i.HAL_RCC_GetPCLK2Freq)
    HAL_RCC_GetSysClockFreq                  0x08001535   Thumb Code    88  stm32f4xx_hal_rcc.o(i.HAL_RCC_GetSysClockFreq)
    HAL_RCC_OscConfig                        0x08001595   Thumb Code   856  stm32f4xx_hal_rcc.o(i.HAL_RCC_OscConfig)
    HAL_SYSTICK_Config                       0x08001901   Thumb Code    40  stm32f4xx_hal_cortex.o(i.HAL_SYSTICK_Config)
    HAL_TIMEx_MasterConfigSynchronization    0x08001929   Thumb Code   116  stm32f4xx_hal_tim_ex.o(i.HAL_TIMEx_MasterConfigSynchronization)
    HAL_TIM_Base_Init                        0x080019b9   Thumb Code    90  stm32f4xx_hal_tim.o(i.HAL_TIM_Base_Init)
    HAL_TIM_Base_MspInit                     0x08001a15   Thumb Code    30  tim.o(i.HAL_TIM_Base_MspInit)
    HAL_TIM_Base_Start                       0x08001a39   Thumb Code    90  stm32f4xx_hal_tim.o(i.HAL_TIM_Base_Start)
    HAL_TIM_Base_Stop                        0x08001ab1   Thumb Code    38  stm32f4xx_hal_tim.o(i.HAL_TIM_Base_Stop)
    HAL_TIM_ConfigClockSource                0x08001ad7   Thumb Code   220  stm32f4xx_hal_tim.o(i.HAL_TIM_ConfigClockSource)
    HAL_UARTEx_RxEventCallback               0x08001bb3   Thumb Code     2  stm32f4xx_hal_uart.o(i.HAL_UARTEx_RxEventCallback)
    HAL_UART_ErrorCallback                   0x08001bb5   Thumb Code     2  stm32f4xx_hal_uart.o(i.HAL_UART_ErrorCallback)
    HAL_UART_IRQHandler                      0x08001bb9   Thumb Code   610  stm32f4xx_hal_uart.o(i.HAL_UART_IRQHandler)
    HAL_UART_Init                            0x08001e21   Thumb Code    98  stm32f4xx_hal_uart.o(i.HAL_UART_Init)
    HAL_UART_MspInit                         0x08001e85   Thumb Code   906  usart.o(i.HAL_UART_MspInit)
    HAL_UART_Receive                         0x0800224d   Thumb Code   192  stm32f4xx_hal_uart.o(i.HAL_UART_Receive)
    HAL_UART_Receive_IT                      0x0800230d   Thumb Code    42  stm32f4xx_hal_uart.o(i.HAL_UART_Receive_IT)
    HAL_UART_RxCpltCallback                  0x08002339   Thumb Code   172  main.o(i.HAL_UART_RxCpltCallback)
    HAL_UART_Transmit                        0x0800240d   Thumb Code   178  stm32f4xx_hal_uart.o(i.HAL_UART_Transmit)
    HAL_UART_Transmit_DMA                    0x080024c1   Thumb Code   126  stm32f4xx_hal_uart.o(i.HAL_UART_Transmit_DMA)
    HAL_UART_TxCpltCallback                  0x0800254d   Thumb Code     2  stm32f4xx_hal_uart.o(i.HAL_UART_TxCpltCallback)
    HAL_UART_TxHalfCpltCallback              0x0800254f   Thumb Code     2  stm32f4xx_hal_uart.o(i.HAL_UART_TxHalfCpltCallback)
    HardFault_Handler                        0x08002551   Thumb Code     2  stm32f4xx_it.o(i.HardFault_Handler)
    MX_DMA_Init                              0x08002555   Thumb Code   168  dma.o(i.MX_DMA_Init)
    MX_GPIO_Init                             0x08002601   Thumb Code   146  gpio.o(i.MX_GPIO_Init)
    MX_TIM2_Init                             0x0800269d   Thumb Code    96  tim.o(i.MX_TIM2_Init)
    MX_UART5_Init                            0x08002701   Thumb Code    48  usart.o(i.MX_UART5_Init)
    MX_USART1_UART_Init                      0x08002739   Thumb Code    48  usart.o(i.MX_USART1_UART_Init)
    MX_USART2_UART_Init                      0x08002771   Thumb Code    48  usart.o(i.MX_USART2_UART_Init)
    MX_USART3_UART_Init                      0x080027a9   Thumb Code    48  usart.o(i.MX_USART3_UART_Init)
    MX_USART6_UART_Init                      0x080027e1   Thumb Code    48  usart.o(i.MX_USART6_UART_Init)
    MemManage_Handler                        0x08002819   Thumb Code     2  stm32f4xx_it.o(i.MemManage_Handler)
    NMI_Handler                              0x0800281b   Thumb Code     2  stm32f4xx_it.o(i.NMI_Handler)
    PendSV_Handler                           0x0800281d   Thumb Code     2  stm32f4xx_it.o(i.PendSV_Handler)
    SVC_Handler                              0x0800281f   Thumb Code     2  stm32f4xx_it.o(i.SVC_Handler)
    SysTick_Handler                          0x08002821   Thumb Code     4  stm32f4xx_it.o(i.SysTick_Handler)
    SystemClock_Config                       0x08002825   Thumb Code   138  main.o(i.SystemClock_Config)
    SystemInit                               0x080028b9   Thumb Code    12  system_stm32f4xx.o(i.SystemInit)
    TIM_Base_SetConfig                       0x080028c9   Thumb Code   156  stm32f4xx_hal_tim.o(i.TIM_Base_SetConfig)
    TIM_ETR_SetConfig                        0x08002991   Thumb Code    20  stm32f4xx_hal_tim.o(i.TIM_ETR_SetConfig)
    UART_Start_Receive_IT                    0x08002cd9   Thumb Code    58  stm32f4xx_hal_uart.o(i.UART_Start_Receive_IT)
    USART1_IRQHandler                        0x08002d8d   Thumb Code     6  stm32f4xx_it.o(i.USART1_IRQHandler)
    USART2_IRQHandler                        0x08002d99   Thumb Code     6  stm32f4xx_it.o(i.USART2_IRQHandler)
    USART3_IRQHandler                        0x08002da5   Thumb Code     6  stm32f4xx_it.o(i.USART3_IRQHandler)
    USART6_IRQHandler                        0x08002db1   Thumb Code     6  stm32f4xx_it.o(i.USART6_IRQHandler)
    UsageFault_Handler                       0x08002dbd   Thumb Code     2  stm32f4xx_it.o(i.UsageFault_Handler)
    calculateDuration                        0x08002ea5   Thumb Code    50  main.o(i.calculateDuration)
    get_column_from_shelf_slot               0x08002ee5   Thumb Code    40  main.o(i.get_column_from_shelf_slot)
    main                                     0x08002f75   Thumb Code  1466  main.o(i.main)
    process_and_plan_task                    0x080035e9   Thumb Code   214  main.o(i.process_and_plan_task)
    rpi_init_polling                         0x080036c5   Thumb Code     6  receive_from_pi.o(i.rpi_init_polling)
    rpi_request_and_receive_configurable_polling 0x080036d1   Thumb Code   288  receive_from_pi.o(i.rpi_request_and_receive_configurable_polling)
    sendCommand_ArmRegrab                    0x080037f5   Thumb Code    58  main.o(i.sendCommand_ArmRegrab)
    sendCommand_MoveTargetToTarget           0x08003849   Thumb Code   112  main.o(i.sendCommand_MoveTargetToTarget)
    sendCommand_MoveToShelf                  0x080038e1   Thumb Code   214  main.o(i.sendCommand_MoveToShelf)
    sendCommand_MoveToStart                  0x080039f5   Thumb Code    34  main.o(i.sendCommand_MoveToStart)
    sendCommand_PickBox                      0x08003a25   Thumb Code    50  main.o(i.sendCommand_PickBox)
    sendCommand_PlaceBox                     0x08003a6d   Thumb Code   100  main.o(i.sendCommand_PlaceBox)
    start_clock                              0x08003af5   Thumb Code    34  main.o(i.start_clock)
    _get_lc_ctype                            0x08003b21   Thumb Code    44  lc_ctype_c.o(locale$$code)
    __aeabi_dadd                             0x08003b4d   Thumb Code     0  daddsub_clz.o(x$fpl$dadd)
    _dadd                                    0x08003b4d   Thumb Code   332  daddsub_clz.o(x$fpl$dadd)
    __fpl_dcmp_Inf                           0x08003c9d   Thumb Code    24  dcmpi.o(x$fpl$dcmpinf)
    __aeabi_ddiv                             0x08003cb5   Thumb Code     0  ddiv.o(x$fpl$ddiv)
    _ddiv                                    0x08003cb5   Thumb Code   552  ddiv.o(x$fpl$ddiv)
    __aeabi_ui2d                             0x08003f65   Thumb Code     0  dflt_clz.o(x$fpl$dfltu)
    _dfltu                                   0x08003f65   Thumb Code    38  dflt_clz.o(x$fpl$dfltu)
    __aeabi_cdcmple                          0x08003f8d   Thumb Code     0  dleqf.o(x$fpl$dleqf)
    _dcmple                                  0x08003f8d   Thumb Code   120  dleqf.o(x$fpl$dleqf)
    __fpl_dcmple_InfNaN                      0x08003fef   Thumb Code     0  dleqf.o(x$fpl$dleqf)
    __fpl_dnaninf                            0x08004005   Thumb Code   156  dnaninf.o(x$fpl$dnaninf)
    __fpl_dretinf                            0x080040a1   Thumb Code    12  dretinf.o(x$fpl$dretinf)
    __aeabi_cdrcmple                         0x080040ad   Thumb Code     0  drleqf.o(x$fpl$drleqf)
    _drcmple                                 0x080040ad   Thumb Code   108  drleqf.o(x$fpl$drleqf)
    __aeabi_dsub                             0x08004119   Thumb Code     0  daddsub_clz.o(x$fpl$dsub)
    _dsub                                    0x08004119   Thumb Code   464  daddsub_clz.o(x$fpl$dsub)
    _fp_init                                 0x080042ed   Thumb Code    10  fpinit.o(x$fpl$fpinit)
    __fplib_config_fpu_vfp                   0x080042f5   Thumb Code     0  fpinit.o(x$fpl$fpinit)
    __fplib_config_pureend_doubles           0x080042f5   Thumb Code     0  fpinit.o(x$fpl$fpinit)
    __I$use$fp                               0x080042f6   Number         0  usenofp.o(x$fpl$usenofp)
    AHBPrescTable                            0x0800431c   Data          16  system_stm32f4xx.o(.constdata)
    APBPrescTable                            0x0800432c   Data           8  system_stm32f4xx.o(.constdata)
    Region$$Table$$Base                      0x08004334   Number         0  anon$$obj.o(Region$$Table)
    Region$$Table$$Limit                     0x08004354   Number         0  anon$$obj.o(Region$$Table)
    __ctype                                  0x08004361   Data           0  lc_ctype_c.o(locale$$data)
    current_robot_position                   0x20000008   Data           1  main.o(.data)
    current_state                            0x20000009   Data           1  main.o(.data)
    wheel_ack                                0x2000000c   Data           4  main.o(.data)
    jixiebi_ack                              0x20000010   Data           4  main.o(.data)
    dajiang_ack                              0x20000014   Data           4  main.o(.data)
    posi                                     0x20000018   Data           4  main.o(.data)
    ifreturn                                 0x2000001c   Data           4  main.o(.data)
    start_time                               0x20000020   Data           8  main.o(.data)
    current_time                             0x20000028   Data           8  main.o(.data)
    duration                                 0x20000030   Data           8  main.o(.data)
    uwTickFreq                               0x20000038   Data           1  stm32f4xx_hal.o(.data)
    uwTickPrio                               0x2000003c   Data           4  stm32f4xx_hal.o(.data)
    uwTick                                   0x20000040   Data           4  stm32f4xx_hal.o(.data)
    SystemCoreClock                          0x20000044   Data           4  system_stm32f4xx.o(.data)
    receiveData                              0x2000004c   Data          40  main.o(.bss)
    task_info                                0x20000074   Data         120  main.o(.bss)
    recognition_data                         0x200000ec   Data          48  main.o(.bss)
    htim2                                    0x2000011c   Data          72  tim.o(.bss)
    huart5                                   0x20000164   Data          68  usart.o(.bss)
    huart1                                   0x200001a8   Data          68  usart.o(.bss)
    huart2                                   0x200001ec   Data          68  usart.o(.bss)
    huart3                                   0x20000230   Data          68  usart.o(.bss)
    huart6                                   0x20000274   Data          68  usart.o(.bss)
    hdma_usart1_tx                           0x200002b8   Data          96  usart.o(.bss)
    hdma_usart1_rx                           0x20000318   Data          96  usart.o(.bss)
    hdma_usart2_tx                           0x20000378   Data          96  usart.o(.bss)
    hdma_usart2_rx                           0x200003d8   Data          96  usart.o(.bss)
    hdma_usart3_rx                           0x20000438   Data          96  usart.o(.bss)
    hdma_usart3_tx                           0x20000498   Data          96  usart.o(.bss)
    hdma_usart6_rx                           0x200004f8   Data          96  usart.o(.bss)
    hdma_usart6_tx                           0x20000558   Data          96  usart.o(.bss)
    __libspace_start                         0x200005b8   Data          96  libspace.o(.bss)
    __temporary_stack_top$libspace           0x20000618   Data           0  libspace.o(.bss)



==============================================================================

Memory Map of the image

  Image Entry point : 0x08000189

  Load Region LR_IROM1 (Base: 0x08000000, Size: 0x000044b0, Max: 0x00100000, ABSOLUTE)

    Execution Region ER_IROM1 (Exec base: 0x08000000, Load base: 0x08000000, Size: 0x00004464, Max: 0x00100000, ABSOLUTE)

    Exec Addr    Load Addr    Size         Type   Attr      Idx    E Section Name        Object

    0x08000000   0x08000000   0x00000188   Data   RO            3    RESET               startup_stm32f407xx.o
    0x08000188   0x08000188   0x00000008   Code   RO         3257  * !!!main             c_w.l(__main.o)
    0x08000190   0x08000190   0x00000034   Code   RO         3481    !!!scatter          c_w.l(__scatter.o)
    0x080001c4   0x080001c4   0x0000001a   Code   RO         3483    !!handler_copy      c_w.l(__scatter_copy.o)
    0x080001de   0x080001de   0x00000002   PAD
    0x080001e0   0x080001e0   0x0000001c   Code   RO         3485    !!handler_zi        c_w.l(__scatter_zi.o)
    0x080001fc   0x080001fc   0x00000002   Code   RO         3339    .ARM.Collect$$libinit$$00000000  c_w.l(libinit.o)
    0x080001fe   0x080001fe   0x00000004   Code   RO         3359    .ARM.Collect$$libinit$$00000001  c_w.l(libinit2.o)
    0x08000202   0x08000202   0x00000000   Code   RO         3362    .ARM.Collect$$libinit$$00000004  c_w.l(libinit2.o)
    0x08000202   0x08000202   0x00000000   Code   RO         3365    .ARM.Collect$$libinit$$0000000A  c_w.l(libinit2.o)
    0x08000202   0x08000202   0x00000000   Code   RO         3367    .ARM.Collect$$libinit$$0000000C  c_w.l(libinit2.o)
    0x08000202   0x08000202   0x00000000   Code   RO         3369    .ARM.Collect$$libinit$$0000000E  c_w.l(libinit2.o)
    0x08000202   0x08000202   0x00000006   Code   RO         3370    .ARM.Collect$$libinit$$0000000F  c_w.l(libinit2.o)
    0x08000208   0x08000208   0x00000000   Code   RO         3372    .ARM.Collect$$libinit$$00000011  c_w.l(libinit2.o)
    0x08000208   0x08000208   0x0000000c   Code   RO         3373    .ARM.Collect$$libinit$$00000012  c_w.l(libinit2.o)
    0x08000214   0x08000214   0x00000000   Code   RO         3374    .ARM.Collect$$libinit$$00000013  c_w.l(libinit2.o)
    0x08000214   0x08000214   0x00000000   Code   RO         3376    .ARM.Collect$$libinit$$00000015  c_w.l(libinit2.o)
    0x08000214   0x08000214   0x00000000   Code   RO         3378    .ARM.Collect$$libinit$$00000017  c_w.l(libinit2.o)
    0x08000214   0x08000214   0x00000000   Code   RO         3380    .ARM.Collect$$libinit$$00000019  c_w.l(libinit2.o)
    0x08000214   0x08000214   0x00000000   Code   RO         3382    .ARM.Collect$$libinit$$0000001B  c_w.l(libinit2.o)
    0x08000214   0x08000214   0x00000000   Code   RO         3384    .ARM.Collect$$libinit$$0000001D  c_w.l(libinit2.o)
    0x08000214   0x08000214   0x00000000   Code   RO         3386    .ARM.Collect$$libinit$$0000001F  c_w.l(libinit2.o)
    0x08000214   0x08000214   0x00000000   Code   RO         3388    .ARM.Collect$$libinit$$00000021  c_w.l(libinit2.o)
    0x08000214   0x08000214   0x00000000   Code   RO         3390    .ARM.Collect$$libinit$$00000023  c_w.l(libinit2.o)
    0x08000214   0x08000214   0x00000000   Code   RO         3392    .ARM.Collect$$libinit$$00000025  c_w.l(libinit2.o)
    0x08000214   0x08000214   0x00000000   Code   RO         3396    .ARM.Collect$$libinit$$0000002C  c_w.l(libinit2.o)
    0x08000214   0x08000214   0x00000000   Code   RO         3398    .ARM.Collect$$libinit$$0000002E  c_w.l(libinit2.o)
    0x08000214   0x08000214   0x00000000   Code   RO         3400    .ARM.Collect$$libinit$$00000030  c_w.l(libinit2.o)
    0x08000214   0x08000214   0x00000000   Code   RO         3402    .ARM.Collect$$libinit$$00000032  c_w.l(libinit2.o)
    0x08000214   0x08000214   0x00000002   Code   RO         3403    .ARM.Collect$$libinit$$00000033  c_w.l(libinit2.o)
    0x08000216   0x08000216   0x00000002   Code   RO         3436    .ARM.Collect$$libshutdown$$00000000  c_w.l(libshutdown.o)
    0x08000218   0x08000218   0x00000000   Code   RO         3462    .ARM.Collect$$libshutdown$$00000002  c_w.l(libshutdown2.o)
    0x08000218   0x08000218   0x00000000   Code   RO         3464    .ARM.Collect$$libshutdown$$00000004  c_w.l(libshutdown2.o)
    0x08000218   0x08000218   0x00000000   Code   RO         3466    .ARM.Collect$$libshutdown$$00000006  c_w.l(libshutdown2.o)
    0x08000218   0x08000218   0x00000000   Code   RO         3469    .ARM.Collect$$libshutdown$$00000009  c_w.l(libshutdown2.o)
    0x08000218   0x08000218   0x00000000   Code   RO         3472    .ARM.Collect$$libshutdown$$0000000C  c_w.l(libshutdown2.o)
    0x08000218   0x08000218   0x00000000   Code   RO         3474    .ARM.Collect$$libshutdown$$0000000E  c_w.l(libshutdown2.o)
    0x08000218   0x08000218   0x00000000   Code   RO         3477    .ARM.Collect$$libshutdown$$00000011  c_w.l(libshutdown2.o)
    0x08000218   0x08000218   0x00000002   Code   RO         3478    .ARM.Collect$$libshutdown$$00000012  c_w.l(libshutdown2.o)
    0x0800021a   0x0800021a   0x00000000   Code   RO         3277    .ARM.Collect$$rtentry$$00000000  c_w.l(__rtentry.o)
    0x0800021a   0x0800021a   0x00000000   Code   RO         3298    .ARM.Collect$$rtentry$$00000002  c_w.l(__rtentry2.o)
    0x0800021a   0x0800021a   0x00000006   Code   RO         3310    .ARM.Collect$$rtentry$$00000004  c_w.l(__rtentry4.o)
    0x08000220   0x08000220   0x00000000   Code   RO         3300    .ARM.Collect$$rtentry$$00000009  c_w.l(__rtentry2.o)
    0x08000220   0x08000220   0x00000004   Code   RO         3301    .ARM.Collect$$rtentry$$0000000A  c_w.l(__rtentry2.o)
    0x08000224   0x08000224   0x00000000   Code   RO         3303    .ARM.Collect$$rtentry$$0000000C  c_w.l(__rtentry2.o)
    0x08000224   0x08000224   0x00000008   Code   RO         3304    .ARM.Collect$$rtentry$$0000000D  c_w.l(__rtentry2.o)
    0x0800022c   0x0800022c   0x00000002   Code   RO         3343    .ARM.Collect$$rtexit$$00000000  c_w.l(rtexit.o)
    0x0800022e   0x0800022e   0x00000000   Code   RO         3407    .ARM.Collect$$rtexit$$00000002  c_w.l(rtexit2.o)
    0x0800022e   0x0800022e   0x00000004   Code   RO         3408    .ARM.Collect$$rtexit$$00000003  c_w.l(rtexit2.o)
    0x08000232   0x08000232   0x00000006   Code   RO         3409    .ARM.Collect$$rtexit$$00000004  c_w.l(rtexit2.o)
    0x08000238   0x08000238   0x00000040   Code   RO            4    .text               startup_stm32f407xx.o
    0x08000278   0x08000278   0x000000ee   Code   RO         3236    .text               c_w.l(lludivv7m.o)
    0x08000366   0x08000366   0x00000002   PAD
    0x08000368   0x08000368   0x0000003c   Code   RO         3238    .text               c_w.l(__0sscanf.o)
    0x080003a4   0x080003a4   0x000000e0   Code   RO         3240    .text               c_w.l(_scanf_str.o)
    0x08000484   0x08000484   0x0000000c   Code   RO         3242    .text               c_w.l(strtok.o)
    0x08000490   0x08000490   0x0000003e   Code   RO         3245    .text               c_w.l(strlen.o)
    0x080004ce   0x080004ce   0x00000064   Code   RO         3247    .text               c_w.l(rt_memcpy_w.o)
    0x08000532   0x08000532   0x00000010   Code   RO         3249    .text               c_w.l(aeabi_memset.o)
    0x08000542   0x08000542   0x0000004e   Code   RO         3251    .text               c_w.l(rt_memclr_w.o)
    0x08000590   0x08000590   0x00000056   Code   RO         3253    .text               c_w.l(strncpy.o)
    0x080005e6   0x080005e6   0x00000006   Code   RO         3255    .text               c_w.l(heapauxi.o)
    0x080005ec   0x080005ec   0x0000002c   Code   RO         3282    .text               c_w.l(scanf_char.o)
    0x08000618   0x08000618   0x00000040   Code   RO         3284    .text               c_w.l(_sgetc.o)
    0x08000658   0x08000658   0x00000044   Code   RO         3286    .text               c_w.l(strtok_int.o)
    0x0800069c   0x0800069c   0x00000044   Code   RO         3288    .text               c_w.l(rt_memclr.o)
    0x080006e0   0x080006e0   0x00000012   Code   RO         3314    .text               c_w.l(isspace.o)
    0x080006f2   0x080006f2   0x00000002   PAD
    0x080006f4   0x080006f4   0x00000374   Code   RO         3316    .text               c_w.l(_scanf.o)
    0x08000a68   0x08000a68   0x00000020   Code   RO         3318    .text               c_w.l(strcspn.o)
    0x08000a88   0x08000a88   0x0000001c   Code   RO         3320    .text               c_w.l(strspn.o)
    0x08000aa4   0x08000aa4   0x0000004a   Code   RO         3324    .text               c_w.l(sys_stackheap_outer.o)
    0x08000aee   0x08000aee   0x00000002   PAD
    0x08000af0   0x08000af0   0x00000010   Code   RO         3326    .text               c_w.l(rt_ctype_table.o)
    0x08000b00   0x08000b00   0x00000012   Code   RO         3328    .text               c_w.l(exit.o)
    0x08000b12   0x08000b12   0x00000002   PAD
    0x08000b14   0x08000b14   0x00000008   Code   RO         3340    .text               c_w.l(libspace.o)
    0x08000b1c   0x08000b1c   0x00000008   Code   RO         3350    .text               c_w.l(rt_locale_intlibspace.o)
    0x08000b24   0x08000b24   0x0000000c   Code   RO         3404    .text               c_w.l(sys_exit.o)
    0x08000b30   0x08000b30   0x00000080   Code   RO         3417    .text               c_w.l(strcmpv7m.o)
    0x08000bb0   0x08000bb0   0x00000002   Code   RO         3425    .text               c_w.l(use_no_semi.o)
    0x08000bb2   0x08000bb2   0x00000000   Code   RO         3427    .text               c_w.l(indicate_semi.o)
    0x08000bb2   0x08000bb2   0x00000002   Code   RO          565    i.BusFault_Handler  stm32f4xx_it.o
    0x08000bb4   0x08000bb4   0x0000000c   Code   RO          566    i.DMA1_Stream1_IRQHandler  stm32f4xx_it.o
    0x08000bc0   0x08000bc0   0x0000000c   Code   RO          567    i.DMA1_Stream3_IRQHandler  stm32f4xx_it.o
    0x08000bcc   0x08000bcc   0x0000000c   Code   RO          568    i.DMA1_Stream5_IRQHandler  stm32f4xx_it.o
    0x08000bd8   0x08000bd8   0x0000000c   Code   RO          569    i.DMA1_Stream6_IRQHandler  stm32f4xx_it.o
    0x08000be4   0x08000be4   0x0000000c   Code   RO          570    i.DMA2_Stream1_IRQHandler  stm32f4xx_it.o
    0x08000bf0   0x08000bf0   0x0000000c   Code   RO          571    i.DMA2_Stream2_IRQHandler  stm32f4xx_it.o
    0x08000bfc   0x08000bfc   0x0000000c   Code   RO          572    i.DMA2_Stream6_IRQHandler  stm32f4xx_it.o
    0x08000c08   0x08000c08   0x0000000c   Code   RO          573    i.DMA2_Stream7_IRQHandler  stm32f4xx_it.o
    0x08000c14   0x08000c14   0x00000028   Code   RO         2169    i.DMA_CalcBaseAndBitshift  stm32f4xx_hal_dma.o
    0x08000c3c   0x08000c3c   0x00000054   Code   RO         2170    i.DMA_CheckFifoParam  stm32f4xx_hal_dma.o
    0x08000c90   0x08000c90   0x00000028   Code   RO         2171    i.DMA_SetConfig     stm32f4xx_hal_dma.o
    0x08000cb8   0x08000cb8   0x00000002   Code   RO          574    i.DebugMon_Handler  stm32f4xx_it.o
    0x08000cba   0x08000cba   0x00000004   Code   RO          190    i.Error_Handler     main.o
    0x08000cbe   0x08000cbe   0x00000092   Code   RO         2172    i.HAL_DMA_Abort     stm32f4xx_hal_dma.o
    0x08000d50   0x08000d50   0x00000024   Code   RO         2173    i.HAL_DMA_Abort_IT  stm32f4xx_hal_dma.o
    0x08000d74   0x08000d74   0x000001a0   Code   RO         2177    i.HAL_DMA_IRQHandler  stm32f4xx_hal_dma.o
    0x08000f14   0x08000f14   0x000000d4   Code   RO         2178    i.HAL_DMA_Init      stm32f4xx_hal_dma.o
    0x08000fe8   0x08000fe8   0x0000006e   Code   RO         2182    i.HAL_DMA_Start_IT  stm32f4xx_hal_dma.o
    0x08001056   0x08001056   0x00000002   PAD
    0x08001058   0x08001058   0x00000024   Code   RO         2591    i.HAL_Delay         stm32f4xx_hal.o
    0x0800107c   0x0800107c   0x000001f0   Code   RO         2065    i.HAL_GPIO_Init     stm32f4xx_hal_gpio.o
    0x0800126c   0x0800126c   0x0000000a   Code   RO         2067    i.HAL_GPIO_ReadPin  stm32f4xx_hal_gpio.o
    0x08001276   0x08001276   0x0000000a   Code   RO         2069    i.HAL_GPIO_WritePin  stm32f4xx_hal_gpio.o
    0x08001280   0x08001280   0x0000000c   Code   RO         2597    i.HAL_GetTick       stm32f4xx_hal.o
    0x0800128c   0x0800128c   0x00000010   Code   RO         2603    i.HAL_IncTick       stm32f4xx_hal.o
    0x0800129c   0x0800129c   0x00000034   Code   RO         2604    i.HAL_Init          stm32f4xx_hal.o
    0x080012d0   0x080012d0   0x00000040   Code   RO         2605    i.HAL_InitTick      stm32f4xx_hal.o
    0x08001310   0x08001310   0x00000030   Code   RO          713    i.HAL_MspInit       stm32f4xx_hal_msp.o
    0x08001340   0x08001340   0x0000001a   Code   RO         2454    i.HAL_NVIC_EnableIRQ  stm32f4xx_hal_cortex.o
    0x0800135a   0x0800135a   0x00000002   PAD
    0x0800135c   0x0800135c   0x00000040   Code   RO         2460    i.HAL_NVIC_SetPriority  stm32f4xx_hal_cortex.o
    0x0800139c   0x0800139c   0x00000024   Code   RO         2461    i.HAL_NVIC_SetPriorityGrouping  stm32f4xx_hal_cortex.o
    0x080013c0   0x080013c0   0x00000134   Code   RO         1711    i.HAL_RCC_ClockConfig  stm32f4xx_hal_rcc.o
    0x080014f4   0x080014f4   0x00000020   Code   RO         1718    i.HAL_RCC_GetPCLK1Freq  stm32f4xx_hal_rcc.o
    0x08001514   0x08001514   0x00000020   Code   RO         1719    i.HAL_RCC_GetPCLK2Freq  stm32f4xx_hal_rcc.o
    0x08001534   0x08001534   0x00000060   Code   RO         1720    i.HAL_RCC_GetSysClockFreq  stm32f4xx_hal_rcc.o
    0x08001594   0x08001594   0x0000036c   Code   RO         1723    i.HAL_RCC_OscConfig  stm32f4xx_hal_rcc.o
    0x08001900   0x08001900   0x00000028   Code   RO         2465    i.HAL_SYSTICK_Config  stm32f4xx_hal_cortex.o
    0x08001928   0x08001928   0x00000090   Code   RO         1462    i.HAL_TIMEx_MasterConfigSynchronization  stm32f4xx_hal_tim_ex.o
    0x080019b8   0x080019b8   0x0000005a   Code   RO          739    i.HAL_TIM_Base_Init  stm32f4xx_hal_tim.o
    0x08001a12   0x08001a12   0x00000002   PAD
    0x08001a14   0x08001a14   0x00000024   Code   RO          458    i.HAL_TIM_Base_MspInit  tim.o
    0x08001a38   0x08001a38   0x00000078   Code   RO          742    i.HAL_TIM_Base_Start  stm32f4xx_hal_tim.o
    0x08001ab0   0x08001ab0   0x00000026   Code   RO          745    i.HAL_TIM_Base_Stop  stm32f4xx_hal_tim.o
    0x08001ad6   0x08001ad6   0x000000dc   Code   RO          748    i.HAL_TIM_ConfigClockSource  stm32f4xx_hal_tim.o
    0x08001bb2   0x08001bb2   0x00000002   Code   RO         2853    i.HAL_UARTEx_RxEventCallback  stm32f4xx_hal_uart.o
    0x08001bb4   0x08001bb4   0x00000002   Code   RO         2867    i.HAL_UART_ErrorCallback  stm32f4xx_hal_uart.o
    0x08001bb6   0x08001bb6   0x00000002   PAD
    0x08001bb8   0x08001bb8   0x00000268   Code   RO         2870    i.HAL_UART_IRQHandler  stm32f4xx_hal_uart.o
    0x08001e20   0x08001e20   0x00000062   Code   RO         2871    i.HAL_UART_Init     stm32f4xx_hal_uart.o
    0x08001e82   0x08001e82   0x00000002   PAD
    0x08001e84   0x08001e84   0x000003c8   Code   RO          500    i.HAL_UART_MspInit  usart.o
    0x0800224c   0x0800224c   0x000000c0   Code   RO         2874    i.HAL_UART_Receive  stm32f4xx_hal_uart.o
    0x0800230c   0x0800230c   0x0000002a   Code   RO         2876    i.HAL_UART_Receive_IT  stm32f4xx_hal_uart.o
    0x08002336   0x08002336   0x00000002   PAD
    0x08002338   0x08002338   0x000000d4   Code   RO          191    i.HAL_UART_RxCpltCallback  main.o
    0x0800240c   0x0800240c   0x000000b2   Code   RO         2879    i.HAL_UART_Transmit  stm32f4xx_hal_uart.o
    0x080024be   0x080024be   0x00000002   PAD
    0x080024c0   0x080024c0   0x0000008c   Code   RO         2880    i.HAL_UART_Transmit_DMA  stm32f4xx_hal_uart.o
    0x0800254c   0x0800254c   0x00000002   Code   RO         2882    i.HAL_UART_TxCpltCallback  stm32f4xx_hal_uart.o
    0x0800254e   0x0800254e   0x00000002   Code   RO         2883    i.HAL_UART_TxHalfCpltCallback  stm32f4xx_hal_uart.o
    0x08002550   0x08002550   0x00000002   Code   RO          575    i.HardFault_Handler  stm32f4xx_it.o
    0x08002552   0x08002552   0x00000002   PAD
    0x08002554   0x08002554   0x000000ac   Code   RO          429    i.MX_DMA_Init       dma.o
    0x08002600   0x08002600   0x0000009c   Code   RO          312    i.MX_GPIO_Init      gpio.o
    0x0800269c   0x0800269c   0x00000064   Code   RO          459    i.MX_TIM2_Init      tim.o
    0x08002700   0x08002700   0x00000038   Code   RO          501    i.MX_UART5_Init     usart.o
    0x08002738   0x08002738   0x00000038   Code   RO          502    i.MX_USART1_UART_Init  usart.o
    0x08002770   0x08002770   0x00000038   Code   RO          503    i.MX_USART2_UART_Init  usart.o
    0x080027a8   0x080027a8   0x00000038   Code   RO          504    i.MX_USART3_UART_Init  usart.o
    0x080027e0   0x080027e0   0x00000038   Code   RO          505    i.MX_USART6_UART_Init  usart.o
    0x08002818   0x08002818   0x00000002   Code   RO          576    i.MemManage_Handler  stm32f4xx_it.o
    0x0800281a   0x0800281a   0x00000002   Code   RO          577    i.NMI_Handler       stm32f4xx_it.o
    0x0800281c   0x0800281c   0x00000002   Code   RO          578    i.PendSV_Handler    stm32f4xx_it.o
    0x0800281e   0x0800281e   0x00000002   Code   RO          579    i.SVC_Handler       stm32f4xx_it.o
    0x08002820   0x08002820   0x00000004   Code   RO          580    i.SysTick_Handler   stm32f4xx_it.o
    0x08002824   0x08002824   0x00000094   Code   RO          192    i.SystemClock_Config  main.o
    0x080028b8   0x080028b8   0x00000010   Code   RO         3200    i.SystemInit        system_stm32f4xx.o
    0x080028c8   0x080028c8   0x000000c8   Code   RO          832    i.TIM_Base_SetConfig  stm32f4xx_hal_tim.o
    0x08002990   0x08002990   0x00000014   Code   RO          843    i.TIM_ETR_SetConfig  stm32f4xx_hal_tim.o
    0x080029a4   0x080029a4   0x00000010   Code   RO          844    i.TIM_ITRx_SetConfig  stm32f4xx_hal_tim.o
    0x080029b4   0x080029b4   0x00000022   Code   RO          850    i.TIM_TI1_ConfigInputStage  stm32f4xx_hal_tim.o
    0x080029d6   0x080029d6   0x00000024   Code   RO          852    i.TIM_TI2_ConfigInputStage  stm32f4xx_hal_tim.o
    0x080029fa   0x080029fa   0x00000010   Code   RO         2884    i.UART_DMAAbortOnError  stm32f4xx_hal_uart.o
    0x08002a0a   0x08002a0a   0x0000004a   Code   RO         2885    i.UART_DMAError     stm32f4xx_hal_uart.o
    0x08002a54   0x08002a54   0x00000042   Code   RO         2890    i.UART_DMATransmitCplt  stm32f4xx_hal_uart.o
    0x08002a96   0x08002a96   0x0000000a   Code   RO         2892    i.UART_DMATxHalfCplt  stm32f4xx_hal_uart.o
    0x08002aa0   0x08002aa0   0x0000004e   Code   RO         2894    i.UART_EndRxTransfer  stm32f4xx_hal_uart.o
    0x08002aee   0x08002aee   0x0000001c   Code   RO         2895    i.UART_EndTxTransfer  stm32f4xx_hal_uart.o
    0x08002b0a   0x08002b0a   0x000000c0   Code   RO         2896    i.UART_Receive_IT   stm32f4xx_hal_uart.o
    0x08002bca   0x08002bca   0x00000002   PAD
    0x08002bcc   0x08002bcc   0x0000010c   Code   RO         2897    i.UART_SetConfig    stm32f4xx_hal_uart.o
    0x08002cd8   0x08002cd8   0x0000003a   Code   RO         2899    i.UART_Start_Receive_IT  stm32f4xx_hal_uart.o
    0x08002d12   0x08002d12   0x00000078   Code   RO         2900    i.UART_WaitOnFlagUntilTimeout  stm32f4xx_hal_uart.o
    0x08002d8a   0x08002d8a   0x00000002   PAD
    0x08002d8c   0x08002d8c   0x0000000c   Code   RO          581    i.USART1_IRQHandler  stm32f4xx_it.o
    0x08002d98   0x08002d98   0x0000000c   Code   RO          582    i.USART2_IRQHandler  stm32f4xx_it.o
    0x08002da4   0x08002da4   0x0000000c   Code   RO          583    i.USART3_IRQHandler  stm32f4xx_it.o
    0x08002db0   0x08002db0   0x0000000c   Code   RO          584    i.USART6_IRQHandler  stm32f4xx_it.o
    0x08002dbc   0x08002dbc   0x00000002   Code   RO          585    i.UsageFault_Handler  stm32f4xx_it.o
    0x08002dbe   0x08002dbe   0x00000020   Code   RO         2467    i.__NVIC_SetPriority  stm32f4xx_hal_cortex.o
    0x08002dde   0x08002dde   0x00000002   PAD
    0x08002de0   0x08002de0   0x00000074   Code   RO           13    i.attempt_repair_area  receive_from_pi.o
    0x08002e54   0x08002e54   0x0000004e   Code   RO           14    i.attempt_repair_shelf  receive_from_pi.o
    0x08002ea2   0x08002ea2   0x00000002   PAD
    0x08002ea4   0x08002ea4   0x00000040   Code   RO          193    i.calculateDuration  main.o
    0x08002ee4   0x08002ee4   0x00000028   Code   RO          194    i.get_column_from_shelf_slot  main.o
    0x08002f0c   0x08002f0c   0x00000068   Code   RO           15    i.is_result_perfect  receive_from_pi.o
    0x08002f74   0x08002f74   0x000005d8   Code   RO          195    i.main              main.o
    0x0800354c   0x0800354c   0x0000009c   Code   RO           16    i.parse_string_to_result  receive_from_pi.o
    0x080035e8   0x080035e8   0x000000dc   Code   RO          196    i.process_and_plan_task  main.o
    0x080036c4   0x080036c4   0x0000000c   Code   RO           17    i.rpi_init_polling  receive_from_pi.o
    0x080036d0   0x080036d0   0x00000124   Code   RO           20    i.rpi_request_and_receive_configurable_polling  receive_from_pi.o
    0x080037f4   0x080037f4   0x00000054   Code   RO          197    i.sendCommand_ArmRegrab  main.o
    0x08003848   0x08003848   0x00000098   Code   RO          198    i.sendCommand_MoveTargetToTarget  main.o
    0x080038e0   0x080038e0   0x00000114   Code   RO          199    i.sendCommand_MoveToShelf  main.o
    0x080039f4   0x080039f4   0x00000030   Code   RO          200    i.sendCommand_MoveToStart  main.o
    0x08003a24   0x08003a24   0x00000048   Code   RO          201    i.sendCommand_PickBox  main.o
    0x08003a6c   0x08003a6c   0x00000088   Code   RO          202    i.sendCommand_PlaceBox  main.o
    0x08003af4   0x08003af4   0x0000002c   Code   RO          203    i.start_clock       main.o
    0x08003b20   0x08003b20   0x0000002c   Code   RO         3353    locale$$code        c_w.l(lc_ctype_c.o)
    0x08003b4c   0x08003b4c   0x00000150   Code   RO         3259    x$fpl$dadd          fz_wm.l(daddsub_clz.o)
    0x08003c9c   0x08003c9c   0x00000018   Code   RO         3322    x$fpl$dcmpinf       fz_wm.l(dcmpi.o)
    0x08003cb4   0x08003cb4   0x000002b0   Code   RO         3266    x$fpl$ddiv          fz_wm.l(ddiv.o)
    0x08003f64   0x08003f64   0x00000026   Code   RO         3269    x$fpl$dfltu         fz_wm.l(dflt_clz.o)
    0x08003f8a   0x08003f8a   0x00000002   PAD
    0x08003f8c   0x08003f8c   0x00000078   Code   RO         3290    x$fpl$dleqf         fz_wm.l(dleqf.o)
    0x08004004   0x08004004   0x0000009c   Code   RO         3292    x$fpl$dnaninf       fz_wm.l(dnaninf.o)
    0x080040a0   0x080040a0   0x0000000c   Code   RO         3294    x$fpl$dretinf       fz_wm.l(dretinf.o)
    0x080040ac   0x080040ac   0x0000006c   Code   RO         3275    x$fpl$drleqf        fz_wm.l(drleqf.o)
    0x08004118   0x08004118   0x000001d4   Code   RO         3261    x$fpl$dsub          fz_wm.l(daddsub_clz.o)
    0x080042ec   0x080042ec   0x0000000a   Code   RO         3421    x$fpl$fpinit        fz_wm.l(fpinit.o)
    0x080042f6   0x080042f6   0x00000000   Code   RO         3296    x$fpl$usenofp       fz_wm.l(usenofp.o)
    0x080042f6   0x080042f6   0x00000002   PAD
    0x080042f8   0x080042f8   0x0000001c   Data   RO          205    .constdata          main.o
    0x08004314   0x08004314   0x00000008   Data   RO         2184    .constdata          stm32f4xx_hal_dma.o
    0x0800431c   0x0800431c   0x00000010   Data   RO         3201    .constdata          system_stm32f4xx.o
    0x0800432c   0x0800432c   0x00000008   Data   RO         3202    .constdata          system_stm32f4xx.o
    0x08004334   0x08004334   0x00000020   Data   RO         3479    Region$$Table       anon$$obj.o
    0x08004354   0x08004354   0x00000110   Data   RO         3352    locale$$data        c_w.l(lc_ctype_c.o)


    Execution Region RW_IRAM1 (Exec base: 0x20000000, Load base: 0x08004464, Size: 0x00000c18, Max: 0x001c0000, ABSOLUTE)

    Exec Addr    Load Addr    Size         Type   Attr      Idx    E Section Name        Object

    0x20000000   0x08004464   0x00000004   Data   RW           21    .data               receive_from_pi.o
    0x20000004   0x08004468   0x00000004   PAD
    0x20000008   0x0800446c   0x00000030   Data   RW          206    .data               main.o
    0x20000038   0x0800449c   0x0000000c   Data   RW         2611    .data               stm32f4xx_hal.o
    0x20000044   0x080044a8   0x00000004   Data   RW         3203    .data               system_stm32f4xx.o
    0x20000048   0x080044ac   0x00000004   Data   RW         3243    .data               c_w.l(strtok.o)
    0x2000004c        -       0x000000d0   Zero   RW          204    .bss                main.o
    0x2000011c        -       0x00000048   Zero   RW          460    .bss                tim.o
    0x20000164        -       0x00000454   Zero   RW          506    .bss                usart.o
    0x200005b8        -       0x00000060   Zero   RW         3341    .bss                c_w.l(libspace.o)
    0x20000618        -       0x00000200   Zero   RW            2    HEAP                startup_stm32f407xx.o
    0x20000818        -       0x00000400   Zero   RW            1    STACK               startup_stm32f407xx.o


    Execution Region RW_IRAM2 (Exec base: 0x201c0000, Load base: 0x080044b0, Size: 0x00000000, Max: 0x00040000, ABSOLUTE)

    **** No section assigned to this execution region ****


==============================================================================

Image component sizes


      Code (inc. data)   RO Data    RW Data    ZI Data      Debug   Object Name

       172          4          0          0          0        870   dma.o
       156         10          0          0          0     686607   gpio.o
      2996        436         28         48        208      14756   main.o
       758         22          0          4          0     658530   receive_from_pi.o
        64         26        392          0       1536        840   startup_stm32f407xx.o
       180         28          0         12          0       9421   stm32f4xx_hal.o
       198         14          0          0          0      33967   stm32f4xx_hal_cortex.o
      1084         16          8          0          0       7358   stm32f4xx_hal_dma.o
       516         46          0          0          0       2851   stm32f4xx_hal_gpio.o
        48          6          0          0          0        858   stm32f4xx_hal_msp.o
      1344         72          0          0          0       5240   stm32f4xx_hal_rcc.o
       774         74          0          0          0       7580   stm32f4xx_hal_tim.o
       144         28          0          0          0       1344   stm32f4xx_hal_tim_ex.o
      2184         30          0          0          0      16557   stm32f4xx_hal_uart.o
       164         72          0          0          0       9906   stm32f4xx_it.o
        16          4         24          4          0       1127   system_stm32f4xx.o
       136         10          0          0         72       1666   tim.o
      1248        102          0          0       1108       5364   usart.o

    ----------------------------------------------------------------------
     12206       1000        484         72       2924    1464842   Object Totals
         0          0         32          0          0          0   (incl. Generated)
        24          0          0          4          0          0   (incl. Padding)

    ----------------------------------------------------------------------

      Code (inc. data)   RO Data    RW Data    ZI Data      Debug   Library Member Name

        60          8          0          0          0         84   __0sscanf.o
         8          0          0          0          0         68   __main.o
         0          0          0          0          0          0   __rtentry.o
        12          0          0          0          0          0   __rtentry2.o
         6          0          0          0          0          0   __rtentry4.o
        52          8          0          0          0          0   __scatter.o
        26          0          0          0          0          0   __scatter_copy.o
        28          0          0          0          0          0   __scatter_zi.o
       884          4          0          0          0        100   _scanf.o
       224          0          0          0          0         96   _scanf_str.o
        64          0          0          0          0         84   _sgetc.o
        16          0          0          0          0         68   aeabi_memset.o
        18          0          0          0          0         80   exit.o
         6          0          0          0          0        152   heapauxi.o
         0          0          0          0          0          0   indicate_semi.o
        18          0          0          0          0         76   isspace.o
        44         10        272          0          0         76   lc_ctype_c.o
         2          0          0          0          0          0   libinit.o
        24          0          0          0          0          0   libinit2.o
         2          0          0          0          0          0   libshutdown.o
         2          0          0          0          0          0   libshutdown2.o
         8          4          0          0         96         68   libspace.o
       238          0          0          0          0        100   lludivv7m.o
        16          4          0          0          0         76   rt_ctype_table.o
         8          4          0          0          0         68   rt_locale_intlibspace.o
        68          0          0          0          0         68   rt_memclr.o
        78          0          0          0          0         80   rt_memclr_w.o
       100          0          0          0          0         80   rt_memcpy_w.o
         2          0          0          0          0          0   rtexit.o
        10          0          0          0          0          0   rtexit2.o
        44          8          0          0          0         84   scanf_char.o
       128          0          0          0          0         68   strcmpv7m.o
        32          0          0          0          0         80   strcspn.o
        62          0          0          0          0         76   strlen.o
        86          0          0          0          0         76   strncpy.o
        28          0          0          0          0         80   strspn.o
        12          6          0          4          0         68   strtok.o
        68          4          0          0          0         84   strtok_int.o
        12          4          0          0          0         68   sys_exit.o
        74          0          0          0          0         80   sys_stackheap_outer.o
         2          0          0          0          0         68   use_no_semi.o
       804         16          0          0          0        368   daddsub_clz.o
        24          0          0          0          0        116   dcmpi.o
       688        140          0          0          0        256   ddiv.o
        38          0          0          0          0        116   dflt_clz.o
       120          4          0          0          0        140   dleqf.o
       156          4          0          0          0        140   dnaninf.o
        12          0          0          0          0        116   dretinf.o
       108          0          0          0          0        128   drleqf.o
        10          0          0          0          0        116   fpinit.o
         0          0          0          0          0          0   usenofp.o

    ----------------------------------------------------------------------
      4546        228        272          4         96       3752   Library Totals
        14          0          0          0          0          0   (incl. Padding)

    ----------------------------------------------------------------------

      Code (inc. data)   RO Data    RW Data    ZI Data      Debug   Library Name

      2572         64        272          4         96       2256   c_w.l
      1960        164          0          0          0       1496   fz_wm.l

    ----------------------------------------------------------------------
      4546        228        272          4         96       3752   Library Totals

    ----------------------------------------------------------------------

==============================================================================


      Code (inc. data)   RO Data    RW Data    ZI Data      Debug   

     16752       1228        756         76       3020    1456346   Grand Totals
     16752       1228        756         76       3020    1456346   ELF Image Totals
     16752       1228        756         76          0          0   ROM Totals

==============================================================================

    Total RO  Size (Code + RO Data)                17508 (  17.10kB)
    Total RW  Size (RW Data + ZI Data)              3096 (   3.02kB)
    Total ROM Size (Code + RO Data + RW Data)      17584 (  17.17kB)

==============================================================================

